[2025-06-18T19:28:23.898+0000][77][info][gc,init] CardTable entry size: 512
[2025-06-18T19:28:23.900+0000][77][info][gc     ] Using G1
[2025-06-18T19:28:25.301+0000][77][info][gc,init] Version: 21.0.1+12-29 (release)
[2025-06-18T19:28:25.301+0000][77][info][gc,init] CPUs: 32 total, 32 available
[2025-06-18T19:28:25.302+0000][77][info][gc,init] Memory: 3072M
[2025-06-18T19:28:25.302+0000][77][info][gc,init] Large Page Support: Disabled
[2025-06-18T19:28:25.303+0000][77][info][gc,init] NUMA Support: Disabled
[2025-06-18T19:28:25.303+0000][77][info][gc,init] Compressed Oops: Enabled (32-bit)
[2025-06-18T19:28:25.303+0000][77][info][gc,init] Heap Region Size: 4M
[2025-06-18T19:28:25.305+0000][77][info][gc,init] Heap Min Capacity: 2G
[2025-06-18T19:28:25.306+0000][77][info][gc,init] Heap Initial Capacity: 2G
[2025-06-18T19:28:25.306+0000][77][info][gc,init] Heap Max Capacity: 2G
[2025-06-18T19:28:25.306+0000][77][info][gc,init] Pre-touch: Enabled
[2025-06-18T19:28:25.307+0000][77][info][gc,init] Parallel Workers: 23
[2025-06-18T19:28:25.307+0000][77][info][gc,init] Concurrent Workers: 6
[2025-06-18T19:28:25.307+0000][77][info][gc,init] Concurrent Refinement Workers: 23
[2025-06-18T19:28:25.307+0000][77][info][gc,init] Periodic GC: Disabled
[2025-06-18T19:28:25.315+0000][77][info][gc,metaspace] CDS archive(s) mapped at: [0x00007f3343000000-0x00007f3343ca5000-0x00007f3343ca5000), size 13258752, SharedBaseAddress: 0x00007f3343000000, ArchiveRelocationMode: 1.
[2025-06-18T19:28:25.315+0000][77][info][gc,metaspace] Compressed class space mapped at: 0x00007f3344000000-0x00007f3384000000, reserved size: 1073741824
[2025-06-18T19:28:25.315+0000][77][info][gc,metaspace] Narrow klass base: 0x00007f3343000000, Narrow klass shift: 0, Narrow klass range: 0x100000000
[2025-06-18T19:28:25.578+0000][77][info][safepoint   ] Safepoint "ICBufferFull", Time since last: 256842722 ns, Reaching safepoint: 3936 ns, Cleanup: 94851 ns, At safepoint: 1971 ns, Total: 100758 ns
[2025-06-18T19:28:25.910+0000][77][info][safepoint   ] Safepoint "ICBufferFull", Time since last: 332350869 ns, Reaching safepoint: 4216 ns, Cleanup: 133496 ns, At safepoint: 2448 ns, Total: 140160 ns
[2025-06-18T19:28:26.237+0000][77][info][safepoint   ] Safepoint "ICBufferFull", Time since last: 326882269 ns, Reaching safepoint: 97546 ns, Cleanup: 119286 ns, At safepoint: 102770 ns, Total: 319602 ns
[2025-06-18T19:28:26.620+0000][77][info][safepoint   ] Safepoint "ICBufferFull", Time since last: 382240302 ns, Reaching safepoint: 121638 ns, Cleanup: 115691 ns, At safepoint: 5360 ns, Total: 242689 ns
[2025-06-18T19:28:26.798+0000][77][info][gc,start    ] GC(0) Pause Young (Normal) (G1 Evacuation Pause)
[2025-06-18T19:28:26.799+0000][77][info][gc,task     ] GC(0) Using 23 workers of 23 for evacuation
[2025-06-18T19:28:26.799+0000][77][debug][gc,age      ] GC(0) Desired survivor size 8388608 bytes, new threshold 15 (max threshold 15)
[2025-06-18T19:28:26.807+0000][77][info ][gc,phases   ] GC(0)   Pre Evacuate Collection Set: 0.6ms
[2025-06-18T19:28:26.807+0000][77][info ][gc,phases   ] GC(0)   Merge Heap Roots: 0.4ms
[2025-06-18T19:28:26.808+0000][77][info ][gc,phases   ] GC(0)   Evacuate Collection Set: 4.0ms
[2025-06-18T19:28:26.808+0000][77][info ][gc,phases   ] GC(0)   Post Evacuate Collection Set: 2.7ms
[2025-06-18T19:28:26.809+0000][77][info ][gc,phases   ] GC(0)   Other: 0.8ms
[2025-06-18T19:28:26.809+0000][77][trace][gc,age      ] GC(0) Age table with threshold 15 (max threshold 15)
[2025-06-18T19:28:26.810+0000][77][trace][gc,age      ] GC(0) - age   1:    8295104 bytes,    8295104 total
[2025-06-18T19:28:26.810+0000][77][info ][gc,heap     ] GC(0) Eden regions: 25->0(22)
[2025-06-18T19:28:26.810+0000][77][info ][gc,heap     ] GC(0) Survivor regions: 0->3(4)
[2025-06-18T19:28:26.810+0000][77][info ][gc,heap     ] GC(0) Old regions: 1->1
[2025-06-18T19:28:26.811+0000][77][info ][gc,heap     ] GC(0) Humongous regions: 0->0
[2025-06-18T19:28:26.811+0000][77][info ][gc,metaspace] GC(0) Metaspace: 17368K(17920K)->17368K(17920K) NonClass: 15489K(15808K)->15489K(15808K) Class: 1878K(2112K)->1878K(2112K)
[2025-06-18T19:28:26.812+0000][77][info ][gc          ] GC(0) Pause Young (Normal) (G1 Evacuation Pause) 101M->9M(2048M) 13.559ms
[2025-06-18T19:28:26.812+0000][77][info ][gc,cpu      ] GC(0) User=0.06s Sys=0.00s Real=0.01s
[2025-06-18T19:28:26.812+0000][77][info ][safepoint   ] Safepoint "G1CollectForAllocation", Time since last: 177815708 ns, Reaching safepoint: 100911 ns, Cleanup: 78019 ns, At safepoint: 14413817 ns, Total: 14592747 ns
[2025-06-18T19:28:27.289+0000][77][info ][safepoint   ] Safepoint "ICBufferFull", Time since last: 476113579 ns, Reaching safepoint: 90358 ns, Cleanup: 109584 ns, At safepoint: 90072 ns, Total: 290014 ns
[2025-06-18T19:28:27.524+0000][77][info ][gc,start    ] GC(1) Pause Young (Normal) (G1 Evacuation Pause)
[2025-06-18T19:28:27.525+0000][77][info ][gc,task     ] GC(1) Using 23 workers of 23 for evacuation
[2025-06-18T19:28:27.525+0000][77][debug][gc,age      ] GC(1) Desired survivor size 8388608 bytes, new threshold 15 (max threshold 15)
[2025-06-18T19:28:27.534+0000][77][info ][gc,phases   ] GC(1)   Pre Evacuate Collection Set: 0.5ms
[2025-06-18T19:28:27.534+0000][77][info ][gc,phases   ] GC(1)   Merge Heap Roots: 0.4ms
[2025-06-18T19:28:27.535+0000][77][info ][gc,phases   ] GC(1)   Evacuate Collection Set: 4.6ms
[2025-06-18T19:28:27.535+0000][77][info ][gc,phases   ] GC(1)   Post Evacuate Collection Set: 2.6ms
[2025-06-18T19:28:27.536+0000][77][info ][gc,phases   ] GC(1)   Other: 0.8ms
[2025-06-18T19:28:27.536+0000][77][trace][gc,age      ] GC(1) Age table with threshold 15 (max threshold 15)
[2025-06-18T19:28:27.537+0000][77][trace][gc,age      ] GC(1) - age   1:    2853936 bytes,    2853936 total
[2025-06-18T19:28:27.537+0000][77][trace][gc,age      ] GC(1) - age   2:    7400816 bytes,   10254752 total
[2025-06-18T19:28:27.537+0000][77][info ][gc,heap     ] GC(1) Eden regions: 22->0(34)
[2025-06-18T19:28:27.538+0000][77][info ][gc,heap     ] GC(1) Survivor regions: 3->3(4)
[2025-06-18T19:28:27.538+0000][77][info ][gc,heap     ] GC(1) Old regions: 1->1
[2025-06-18T19:28:27.538+0000][77][info ][gc,heap     ] GC(1) Humongous regions: 0->0
[2025-06-18T19:28:27.539+0000][77][info ][gc,metaspace] GC(1) Metaspace: 20116K(20544K)->20116K(20544K) NonClass: 17951K(18176K)->17951K(18176K) Class: 2165K(2368K)->2165K(2368K)
[2025-06-18T19:28:27.539+0000][77][info ][gc          ] GC(1) Pause Young (Normal) (G1 Evacuation Pause) 97M->11M(2048M) 15.250ms
[2025-06-18T19:28:27.539+0000][77][info ][gc,cpu      ] GC(1) User=0.09s Sys=0.00s Real=0.02s
[2025-06-18T19:28:27.540+0000][77][info ][safepoint   ] Safepoint "G1CollectForAllocation", Time since last: 234920579 ns, Reaching safepoint: 4369 ns, Cleanup: 106495 ns, At safepoint: 16063361 ns, Total: 16174225 ns
[2025-06-18T19:28:27.791+0000][77][info ][gc,start    ] GC(2) Pause Young (Concurrent Start) (Metadata GC Threshold)
[2025-06-18T19:28:27.791+0000][77][info ][gc,task     ] GC(2) Using 23 workers of 23 for evacuation
[2025-06-18T19:28:27.792+0000][77][debug][gc,age      ] GC(2) Desired survivor size 10485760 bytes, new threshold 15 (max threshold 15)
[2025-06-18T19:28:27.801+0000][77][info ][gc,phases   ] GC(2)   Pre Evacuate Collection Set: 0.7ms
[2025-06-18T19:28:27.802+0000][77][info ][gc,phases   ] GC(2)   Merge Heap Roots: 0.4ms
[2025-06-18T19:28:27.802+0000][77][info ][gc,phases   ] GC(2)   Evacuate Collection Set: 5.2ms
[2025-06-18T19:28:27.803+0000][77][info ][gc,phases   ] GC(2)   Post Evacuate Collection Set: 2.7ms
[2025-06-18T19:28:27.803+0000][77][info ][gc,phases   ] GC(2)   Other: 1.0ms
[2025-06-18T19:28:27.804+0000][77][trace][gc,age      ] GC(2) Age table with threshold 15 (max threshold 15)
[2025-06-18T19:28:27.804+0000][77][trace][gc,age      ] GC(2) - age   1:    2027176 bytes,    2027176 total
[2025-06-18T19:28:27.805+0000][77][trace][gc,age      ] GC(2) - age   2:    1746968 bytes,    3774144 total
[2025-06-18T19:28:27.805+0000][77][trace][gc,age      ] GC(2) - age   3:    7397648 bytes,   11171792 total
[2025-06-18T19:28:27.805+0000][77][info ][gc,heap     ] GC(2) Eden regions: 26->0(304)
[2025-06-18T19:28:27.806+0000][77][info ][gc,heap     ] GC(2) Survivor regions: 3->3(5)
[2025-06-18T19:28:27.806+0000][77][info ][gc,heap     ] GC(2) Old regions: 1->1
[2025-06-18T19:28:27.807+0000][77][info ][gc,heap     ] GC(2) Humongous regions: 0->0
[2025-06-18T19:28:27.807+0000][77][info ][gc,metaspace] GC(2) Metaspace: 21009K(21504K)->21009K(21504K) NonClass: 18768K(19072K)->18768K(19072K) Class: 2240K(2432K)->2240K(2432K)
[2025-06-18T19:28:27.808+0000][77][info ][gc          ] GC(2) Pause Young (Concurrent Start) (Metadata GC Threshold) 115M->12M(2048M) 16.987ms
[2025-06-18T19:28:27.808+0000][77][info ][gc,cpu      ] GC(2) User=0.06s Sys=0.00s Real=0.02s
[2025-06-18T19:28:27.808+0000][77][info ][gc          ] GC(3) Concurrent Mark Cycle
[2025-06-18T19:28:27.809+0000][77][info ][safepoint   ] Safepoint "CollectForMetadataAllocation", Time since last: 250771972 ns, Reaching safepoint: 4350 ns, Cleanup: 101386 ns, At safepoint: 18000504 ns, Total: 18106240 ns
[2025-06-18T19:28:27.809+0000][77][info ][gc,marking  ] GC(3) Concurrent Scan Root Regions
[2025-06-18T19:28:27.813+0000][77][info ][gc,marking  ] GC(3) Concurrent Scan Root Regions 3.828ms
[2025-06-18T19:28:27.813+0000][77][info ][gc,marking  ] GC(3) Concurrent Mark
[2025-06-18T19:28:27.814+0000][77][info ][gc,marking  ] GC(3) Concurrent Mark From Roots
[2025-06-18T19:28:27.815+0000][77][info ][gc,task     ] GC(3) Using 6 workers of 6 for marking
[2025-06-18T19:28:27.818+0000][77][info ][gc,marking  ] GC(3) Concurrent Mark From Roots 3.714ms
[2025-06-18T19:28:27.818+0000][77][info ][gc,marking  ] GC(3) Concurrent Preclean
[2025-06-18T19:28:27.818+0000][77][info ][gc,marking  ] GC(3) Concurrent Preclean 0.420ms
[2025-06-18T19:28:27.819+0000][77][info ][gc,start    ] GC(3) Pause Remark
[2025-06-18T19:28:27.823+0000][77][info ][gc          ] GC(3) Pause Remark 15M->15M(2048M) 3.902ms
[2025-06-18T19:28:27.824+0000][77][info ][gc,cpu      ] GC(3) User=0.02s Sys=0.00s Real=0.00s
[2025-06-18T19:28:27.824+0000][77][info ][safepoint   ] Safepoint "G1PauseRemark", Time since last: 10318606 ns, Reaching safepoint: 86556 ns, Cleanup: 9403 ns, At safepoint: 4917332 ns, Total: 5013291 ns
[2025-06-18T19:28:27.825+0000][77][info ][gc,marking  ] GC(3) Concurrent Mark 11.247ms
[2025-06-18T19:28:27.825+0000][77][info ][gc,marking  ] GC(3) Concurrent Rebuild Remembered Sets and Scrub Regions
[2025-06-18T19:28:27.826+0000][77][info ][gc,marking  ] GC(3) Concurrent Rebuild Remembered Sets and Scrub Regions 1.259ms
[2025-06-18T19:28:27.827+0000][77][info ][gc,start    ] GC(3) Pause Cleanup
[2025-06-18T19:28:27.828+0000][77][info ][gc          ] GC(3) Pause Cleanup 15M->15M(2048M) 0.935ms
[2025-06-18T19:28:27.829+0000][77][info ][gc,cpu      ] GC(3) User=0.00s Sys=0.00s Real=0.00s
[2025-06-18T19:28:27.829+0000][77][info ][safepoint   ] Safepoint "G1PauseCleanup", Time since last: 3044557 ns, Reaching safepoint: 194835 ns, Cleanup: 3308 ns, At safepoint: 1938637 ns, Total: 2136780 ns
[2025-06-18T19:28:27.830+0000][77][info ][gc,marking  ] GC(3) Concurrent Clear Claimed Marks
[2025-06-18T19:28:27.830+0000][77][info ][gc,marking  ] GC(3) Concurrent Clear Claimed Marks 0.445ms
[2025-06-18T19:28:27.831+0000][77][info ][gc,marking  ] GC(3) Concurrent Cleanup for Next Mark
[2025-06-18T19:28:27.832+0000][77][info ][gc,marking  ] GC(3) Concurrent Cleanup for Next Mark 1.294ms
[2025-06-18T19:28:27.833+0000][77][info ][gc          ] GC(3) Concurrent Mark Cycle 24.548ms
[2025-06-18T19:28:28.347+0000][77][info ][safepoint   ] Safepoint "ICBufferFull", Time since last: 517025508 ns, Reaching safepoint: 109151 ns, Cleanup: 147756 ns, At safepoint: 20484 ns, Total: 277391 ns
[2025-06-18T19:28:28.920+0000][77][info ][safepoint   ] Safepoint "ICBufferFull", Time since last: 572979604 ns, Reaching safepoint: 7346 ns, Cleanup: 147514 ns, At safepoint: 2672 ns, Total: 157532 ns
[2025-06-18T19:28:29.700+0000][77][info ][safepoint   ] Safepoint "ICBufferFull", Time since last: 780273232 ns, Reaching safepoint: 4688 ns, Cleanup: 129708 ns, At safepoint: 2616 ns, Total: 137012 ns
[2025-06-18T19:28:29.841+0000][77][info ][gc,start    ] GC(4) Pause Young (Prepare Mixed) (Metadata GC Threshold)
[2025-06-18T19:28:29.842+0000][77][info ][gc,task     ] GC(4) Using 23 workers of 23 for evacuation
[2025-06-18T19:28:29.842+0000][77][debug][gc,age      ] GC(4) Desired survivor size 81788928 bytes, new threshold 15 (max threshold 15)
[2025-06-18T19:28:29.854+0000][77][info ][gc,phases   ] GC(4)   Pre Evacuate Collection Set: 0.5ms
[2025-06-18T19:28:29.855+0000][77][info ][gc,phases   ] GC(4)   Merge Heap Roots: 0.4ms
[2025-06-18T19:28:29.855+0000][77][info ][gc,phases   ] GC(4)   Evacuate Collection Set: 7.5ms
[2025-06-18T19:28:29.856+0000][77][info ][gc,phases   ] GC(4)   Post Evacuate Collection Set: 3.2ms
[2025-06-18T19:28:29.856+0000][77][info ][gc,phases   ] GC(4)   Other: 1.0ms
[2025-06-18T19:28:29.856+0000][77][trace][gc,age      ] GC(4) Age table with threshold 15 (max threshold 15)
[2025-06-18T19:28:29.857+0000][77][trace][gc,age      ] GC(4) - age   1:   16749480 bytes,   16749480 total
[2025-06-18T19:28:29.857+0000][77][trace][gc,age      ] GC(4) - age   2:    2006352 bytes,   18755832 total
[2025-06-18T19:28:29.858+0000][77][trace][gc,age      ] GC(4) - age   3:    1744216 bytes,   20500048 total
[2025-06-18T19:28:29.858+0000][77][trace][gc,age      ] GC(4) - age   4:    7387520 bytes,   27887568 total
[2025-06-18T19:28:29.859+0000][77][info ][gc,heap     ] GC(4) Eden regions: 202->0(192)
[2025-06-18T19:28:29.859+0000][77][info ][gc,heap     ] GC(4) Survivor regions: 3->8(39)
[2025-06-18T19:28:29.859+0000][77][info ][gc,heap     ] GC(4) Old regions: 1->1
[2025-06-18T19:28:29.860+0000][77][info ][gc,heap     ] GC(4) Humongous regions: 0->0
[2025-06-18T19:28:29.860+0000][77][info ][gc,metaspace] GC(4) Metaspace: 35605K(36416K)->35605K(36416K) NonClass: 31597K(32064K)->31597K(32064K) Class: 4008K(4352K)->4008K(4352K)
[2025-06-18T19:28:29.860+0000][77][info ][gc          ] GC(4) Pause Young (Prepare Mixed) (Metadata GC Threshold) 818M->29M(2048M) 19.369ms
[2025-06-18T19:28:29.861+0000][77][info ][gc,cpu      ] GC(4) User=0.10s Sys=0.00s Real=0.02s
[2025-06-18T19:28:29.861+0000][77][info ][safepoint   ] Safepoint "CollectForMetadataAllocation", Time since last: 140789547 ns, Reaching safepoint: 3933 ns, Cleanup: 60985 ns, At safepoint: 20396298 ns, Total: 20461216 ns
[2025-06-18T19:28:29.942+0000][77][info ][gc,start    ] GC(5) Pause Young (Mixed) (Metadata GC Threshold)
[2025-06-18T19:28:29.943+0000][77][info ][gc,task     ] GC(5) Using 23 workers of 23 for evacuation
[2025-06-18T19:28:29.944+0000][77][debug][gc,age      ] GC(5) Desired survivor size 52428800 bytes, new threshold 15 (max threshold 15)
[2025-06-18T19:28:29.955+0000][77][info ][gc,phases   ] GC(5)   Pre Evacuate Collection Set: 0.6ms
[2025-06-18T19:28:29.955+0000][77][info ][gc,phases   ] GC(5)   Merge Heap Roots: 0.4ms
[2025-06-18T19:28:29.956+0000][77][info ][gc,phases   ] GC(5)   Evacuate Collection Set: 7.4ms
[2025-06-18T19:28:29.956+0000][77][info ][gc,phases   ] GC(5)   Post Evacuate Collection Set: 1.9ms
[2025-06-18T19:28:29.957+0000][77][info ][gc,phases   ] GC(5)   Other: 1.4ms
[2025-06-18T19:28:29.957+0000][77][trace][gc,age      ] GC(5) Age table with threshold 15 (max threshold 15)
[2025-06-18T19:28:29.958+0000][77][trace][gc,age      ] GC(5) - age   1:     229464 bytes,     229464 total
[2025-06-18T19:28:29.958+0000][77][trace][gc,age      ] GC(5) - age   2:   16655024 bytes,   16884488 total
[2025-06-18T19:28:29.958+0000][77][trace][gc,age      ] GC(5) - age   3:    2006320 bytes,   18890808 total
[2025-06-18T19:28:29.959+0000][77][trace][gc,age      ] GC(5) - age   4:    1743480 bytes,   20634288 total
[2025-06-18T19:28:29.959+0000][77][trace][gc,age      ] GC(5) - age   5:    7386624 bytes,   28020912 total
[2025-06-18T19:28:29.959+0000][77][info ][gc,heap     ] GC(5) Eden regions: 10->0(62)
[2025-06-18T19:28:29.960+0000][77][info ][gc,heap     ] GC(5) Survivor regions: 8->8(25)
[2025-06-18T19:28:29.960+0000][77][info ][gc,heap     ] GC(5) Old regions: 1->1
[2025-06-18T19:28:29.961+0000][77][info ][gc,heap     ] GC(5) Humongous regions: 0->0
[2025-06-18T19:28:29.962+0000][77][info ][gc,metaspace] GC(5) Metaspace: 35950K(36736K)->35950K(36736K) NonClass: 31913K(32384K)->31913K(32384K) Class: 4036K(4352K)->4036K(4352K)
[2025-06-18T19:28:29.962+0000][77][info ][gc          ] GC(5) Pause Young (Mixed) (Metadata GC Threshold) 69M->29M(2048M) 19.638ms
[2025-06-18T19:28:29.963+0000][77][info ][gc,cpu      ] GC(5) User=0.12s Sys=0.00s Real=0.02s
[2025-06-18T19:28:29.963+0000][77][info ][safepoint   ] Safepoint "CollectForMetadataAllocation", Time since last: 81001018 ns, Reaching safepoint: 4518 ns, Cleanup: 40821 ns, At safepoint: 20658279 ns, Total: 20703618 ns
[2025-06-18T19:28:30.074+0000][77][info ][gc,start    ] GC(6) Pause Young (Concurrent Start) (Metadata GC Threshold)
[2025-06-18T19:28:30.082+0000][77][info ][gc,task     ] GC(6) Using 23 workers of 23 for evacuation
[2025-06-18T19:28:30.083+0000][77][debug][gc,age      ] GC(6) Desired survivor size 18874368 bytes, new threshold 3 (max threshold 15)
[2025-06-18T19:28:30.094+0000][77][info ][gc,phases   ] GC(6)   Pre Evacuate Collection Set: 0.6ms
[2025-06-18T19:28:30.095+0000][77][info ][gc,phases   ] GC(6)   Merge Heap Roots: 0.4ms
[2025-06-18T19:28:30.095+0000][77][info ][gc,phases   ] GC(6)   Evacuate Collection Set: 7.6ms
[2025-06-18T19:28:30.096+0000][77][info ][gc,phases   ] GC(6)   Post Evacuate Collection Set: 1.9ms
[2025-06-18T19:28:30.097+0000][77][info ][gc,phases   ] GC(6)   Other: 1.5ms
[2025-06-18T19:28:30.098+0000][77][trace][gc,age      ] GC(6) Age table with threshold 3 (max threshold 15)
[2025-06-18T19:28:30.098+0000][77][trace][gc,age      ] GC(6) - age   1:     568192 bytes,     568192 total
[2025-06-18T19:28:30.099+0000][77][trace][gc,age      ] GC(6) - age   2:     181960 bytes,     750152 total
[2025-06-18T19:28:30.099+0000][77][trace][gc,age      ] GC(6) - age   3:   16654872 bytes,   17405024 total
[2025-06-18T19:28:30.100+0000][77][info ][gc,heap     ] GC(6) Eden regions: 20->0(302)
[2025-06-18T19:28:30.100+0000][77][info ][gc,heap     ] GC(6) Survivor regions: 8->5(9)
[2025-06-18T19:28:30.101+0000][77][info ][gc,heap     ] GC(6) Old regions: 1->3
[2025-06-18T19:28:30.101+0000][77][info ][gc,heap     ] GC(6) Humongous regions: 0->0
[2025-06-18T19:28:30.102+0000][77][info ][gc,metaspace] GC(6) Metaspace: 36243K(37056K)->36243K(37056K) NonClass: 32164K(32640K)->32164K(32640K) Class: 4078K(4416K)->4078K(4416K)
[2025-06-18T19:28:30.102+0000][77][info ][gc          ] GC(6) Pause Young (Concurrent Start) (Metadata GC Threshold) 107M->30M(2048M) 27.781ms
[2025-06-18T19:28:30.103+0000][77][info ][gc          ] GC(7) Concurrent Mark Cycle
[2025-06-18T19:28:30.103+0000][77][info ][gc,marking  ] GC(7) Concurrent Scan Root Regions
[2025-06-18T19:28:30.103+0000][77][info ][gc,cpu      ] GC(6) User=0.10s Sys=0.00s Real=0.03s
[2025-06-18T19:28:30.105+0000][77][info ][safepoint   ] Safepoint "CollectForMetadataAllocation", Time since last: 111239901 ns, Reaching safepoint: 4505 ns, Cleanup: 14711 ns, At safepoint: 30405740 ns, Total: 30424956 ns
[2025-06-18T19:28:30.107+0000][77][info ][gc,marking  ] GC(7) Concurrent Scan Root Regions 3.406ms
[2025-06-18T19:28:30.107+0000][77][info ][gc,marking  ] GC(7) Concurrent Mark
[2025-06-18T19:28:30.108+0000][77][info ][gc,marking  ] GC(7) Concurrent Mark From Roots
[2025-06-18T19:28:30.108+0000][77][info ][gc,task     ] GC(7) Using 6 workers of 6 for marking
[2025-06-18T19:28:30.111+0000][77][info ][gc,marking  ] GC(7) Concurrent Mark From Roots 3.056ms
[2025-06-18T19:28:30.111+0000][77][info ][gc,marking  ] GC(7) Concurrent Preclean
[2025-06-18T19:28:30.112+0000][77][info ][gc,marking  ] GC(7) Concurrent Preclean 0.696ms
[2025-06-18T19:28:30.113+0000][77][info ][gc,start    ] GC(7) Pause Remark
[2025-06-18T19:28:30.119+0000][77][info ][gc          ] GC(7) Pause Remark 36M->36M(2048M) 5.575ms
[2025-06-18T19:28:30.119+0000][77][info ][gc,cpu      ] GC(7) User=0.02s Sys=0.00s Real=0.01s
[2025-06-18T19:28:30.120+0000][77][info ][safepoint   ] Safepoint "G1PauseRemark", Time since last: 8138395 ns, Reaching safepoint: 187054 ns, Cleanup: 4339 ns, At safepoint: 6799422 ns, Total: 6990815 ns
[2025-06-18T19:28:30.120+0000][77][info ][gc,marking  ] GC(7) Concurrent Mark 13.213ms
[2025-06-18T19:28:30.121+0000][77][info ][gc,marking  ] GC(7) Concurrent Rebuild Remembered Sets and Scrub Regions
[2025-06-18T19:28:30.123+0000][77][info ][gc,marking  ] GC(7) Concurrent Rebuild Remembered Sets and Scrub Regions 1.660ms
[2025-06-18T19:28:30.123+0000][77][info ][gc,start    ] GC(7) Pause Cleanup
[2025-06-18T19:28:30.124+0000][77][info ][gc          ] GC(7) Pause Cleanup 38M->38M(2048M) 0.548ms
[2025-06-18T19:28:30.124+0000][77][info ][gc,cpu      ] GC(7) User=0.00s Sys=0.00s Real=0.00s
[2025-06-18T19:28:30.125+0000][77][info ][safepoint   ] Safepoint "G1PauseCleanup", Time since last: 3309106 ns, Reaching safepoint: 81336 ns, Cleanup: 9976 ns, At safepoint: 1575526 ns, Total: 1666838 ns
[2025-06-18T19:28:30.125+0000][77][info ][gc,marking  ] GC(7) Concurrent Clear Claimed Marks
[2025-06-18T19:28:30.126+0000][77][info ][gc,marking  ] GC(7) Concurrent Clear Claimed Marks 0.636ms
[2025-06-18T19:28:30.127+0000][77][info ][gc,marking  ] GC(7) Concurrent Cleanup for Next Mark
[2025-06-18T19:28:30.128+0000][77][info ][gc,marking  ] GC(7) Concurrent Cleanup for Next Mark 1.474ms
[2025-06-18T19:28:30.129+0000][77][info ][gc          ] GC(7) Concurrent Mark Cycle 25.928ms
[2025-06-18T19:28:30.998+0000][77][info ][safepoint   ] Safepoint "ICBufferFull", Time since last: 873146864 ns, Reaching safepoint: 4188 ns, Cleanup: 246525 ns, At safepoint: 16311 ns, Total: 267024 ns
[2025-06-18T19:28:32.213+0000][77][info ][safepoint   ] Safepoint "Cleanup", Time since last: 1214587807 ns, Reaching safepoint: 177931 ns, Cleanup: 162937 ns, At safepoint: 40236 ns, Total: 381104 ns
[2025-06-18T19:28:32.878+0000][77][info ][safepoint   ] Safepoint "ICBufferFull", Time since last: 664239016 ns, Reaching safepoint: 4792 ns, Cleanup: 140776 ns, At safepoint: 2414 ns, Total: 147982 ns
[2025-06-18T19:28:33.375+0000][77][info ][gc,start    ] GC(8) Pause Young (Concurrent Start) (Metadata GC Threshold)
[2025-06-18T19:28:33.375+0000][77][info ][gc,task     ] GC(8) Using 23 workers of 23 for evacuation
[2025-06-18T19:28:33.376+0000][77][debug][gc,age      ] GC(8) Desired survivor size 81788928 bytes, new threshold 15 (max threshold 15)
[2025-06-18T19:28:33.388+0000][77][info ][gc,phases   ] GC(8)   Pre Evacuate Collection Set: 0.7ms
[2025-06-18T19:28:33.389+0000][77][info ][gc,phases   ] GC(8)   Merge Heap Roots: 0.5ms
[2025-06-18T19:28:33.389+0000][77][info ][gc,phases   ] GC(8)   Evacuate Collection Set: 8.0ms
[2025-06-18T19:28:33.390+0000][77][info ][gc,phases   ] GC(8)   Post Evacuate Collection Set: 2.8ms
[2025-06-18T19:28:33.390+0000][77][info ][gc,phases   ] GC(8)   Other: 1.1ms
[2025-06-18T19:28:33.391+0000][77][trace][gc,age      ] GC(8) Age table with threshold 15 (max threshold 15)
[2025-06-18T19:28:33.391+0000][77][trace][gc,age      ] GC(8) - age   1:   29009800 bytes,   29009800 total
[2025-06-18T19:28:33.392+0000][77][trace][gc,age      ] GC(8) - age   2:     549376 bytes,   29559176 total
[2025-06-18T19:28:33.392+0000][77][trace][gc,age      ] GC(8) - age   3:     170512 bytes,   29729688 total
[2025-06-18T19:28:33.393+0000][77][trace][gc,age      ] GC(8) - age   4:   16590888 bytes,   46320576 total
[2025-06-18T19:28:33.393+0000][77][info ][gc,heap     ] GC(8) Eden regions: 204->0(295)
[2025-06-18T19:28:33.394+0000][77][info ][gc,heap     ] GC(8) Survivor regions: 5->12(39)
[2025-06-18T19:28:33.394+0000][77][info ][gc,heap     ] GC(8) Old regions: 3->3
[2025-06-18T19:28:33.395+0000][77][info ][gc,heap     ] GC(8) Humongous regions: 0->0
[2025-06-18T19:28:33.395+0000][77][info ][gc,metaspace] GC(8) Metaspace: 60494K(61888K)->60494K(61888K) NonClass: 53029K(53888K)->53029K(53888K) Class: 7465K(8000K)->7465K(8000K)
[2025-06-18T19:28:33.395+0000][77][info ][gc          ] GC(8) Pause Young (Concurrent Start) (Metadata GC Threshold) 844M->58M(2048M) 20.823ms
[2025-06-18T19:28:33.396+0000][77][info ][gc,cpu      ] GC(8) User=0.18s Sys=0.00s Real=0.02s
[2025-06-18T19:28:33.396+0000][77][info ][gc          ] GC(9) Concurrent Mark Cycle
[2025-06-18T19:28:33.397+0000][77][info ][gc,marking  ] GC(9) Concurrent Scan Root Regions
[2025-06-18T19:28:33.396+0000][77][info ][safepoint   ] Safepoint "CollectForMetadataAllocation", Time since last: 496830427 ns, Reaching safepoint: 4388 ns, Cleanup: 100274 ns, At safepoint: 21821314 ns, Total: 21925976 ns
[2025-06-18T19:28:33.404+0000][77][info ][gc,marking  ] GC(9) Concurrent Scan Root Regions 7.236ms
[2025-06-18T19:28:33.405+0000][77][info ][gc,marking  ] GC(9) Concurrent Mark
[2025-06-18T19:28:33.405+0000][77][info ][gc,marking  ] GC(9) Concurrent Mark From Roots
[2025-06-18T19:28:33.406+0000][77][info ][gc,task     ] GC(9) Using 6 workers of 6 for marking
[2025-06-18T19:28:33.413+0000][77][info ][gc,marking  ] GC(9) Concurrent Mark From Roots 7.531ms
[2025-06-18T19:28:33.413+0000][77][info ][gc,marking  ] GC(9) Concurrent Preclean
[2025-06-18T19:28:33.414+0000][77][info ][gc,marking  ] GC(9) Concurrent Preclean 0.624ms
[2025-06-18T19:28:33.415+0000][77][info ][gc,start    ] GC(9) Pause Remark
[2025-06-18T19:28:33.427+0000][77][info ][gc          ] GC(9) Pause Remark 62M->62M(2048M) 12.393ms
[2025-06-18T19:28:33.428+0000][77][info ][gc,cpu      ] GC(9) User=0.18s Sys=0.00s Real=0.02s
[2025-06-18T19:28:33.428+0000][77][info ][safepoint   ] Safepoint "G1PauseRemark", Time since last: 18122319 ns, Reaching safepoint: 89440 ns, Cleanup: 10124 ns, At safepoint: 13666639 ns, Total: 13766203 ns
[2025-06-18T19:28:33.429+0000][77][info ][gc,marking  ] GC(9) Concurrent Mark 24.214ms
[2025-06-18T19:28:33.430+0000][77][info ][gc,marking  ] GC(9) Concurrent Rebuild Remembered Sets and Scrub Regions
[2025-06-18T19:28:33.431+0000][77][info ][gc,marking  ] GC(9) Concurrent Rebuild Remembered Sets and Scrub Regions 1.751ms
[2025-06-18T19:28:33.432+0000][77][info ][gc,start    ] GC(9) Pause Cleanup
[2025-06-18T19:28:33.433+0000][77][info ][gc          ] GC(9) Pause Cleanup 62M->62M(2048M) 0.409ms
[2025-06-18T19:28:33.433+0000][77][info ][gc,cpu      ] GC(9) User=0.00s Sys=0.00s Real=0.00s
[2025-06-18T19:28:33.434+0000][77][info ][safepoint   ] Safepoint "G1PauseCleanup", Time since last: 3764773 ns, Reaching safepoint: 190151 ns, Cleanup: 20775 ns, At safepoint: 1712625 ns, Total: 1923551 ns
[2025-06-18T19:28:33.435+0000][77][info ][gc,marking  ] GC(9) Concurrent Clear Claimed Marks
[2025-06-18T19:28:33.435+0000][77][info ][gc,marking  ] GC(9) Concurrent Clear Claimed Marks 0.650ms
[2025-06-18T19:28:33.436+0000][77][info ][gc,marking  ] GC(9) Concurrent Cleanup for Next Mark
[2025-06-18T19:28:33.437+0000][77][info ][gc,marking  ] GC(9) Concurrent Cleanup for Next Mark 1.537ms
[2025-06-18T19:28:33.438+0000][77][info ][gc          ] GC(9) Concurrent Mark Cycle 41.999ms
[2025-06-18T19:28:34.163+0000][77][info ][safepoint   ] Safepoint "ICBufferFull", Time since last: 729216321 ns, Reaching safepoint: 4742 ns, Cleanup: 139273 ns, At safepoint: 2771 ns, Total: 146786 ns
[2025-06-18T19:28:35.414+0000][77][info ][safepoint   ] Safepoint "Cleanup", Time since last: 1250599948 ns, Reaching safepoint: 2985 ns, Cleanup: 119663 ns, At safepoint: 19013 ns, Total: 141661 ns
[2025-06-18T19:28:36.443+0000][77][info ][safepoint   ] Safepoint "ICBufferFull", Time since last: 1028844715 ns, Reaching safepoint: 4735 ns, Cleanup: 150695 ns, At safepoint: 19832 ns, Total: 175262 ns
[2025-06-18T19:28:36.852+0000][77][info ][gc,start    ] GC(10) Pause Young (Concurrent Start) (Metadata GC Threshold)
[2025-06-18T19:28:36.852+0000][77][info ][gc,task     ] GC(10) Using 23 workers of 23 for evacuation
[2025-06-18T19:28:36.853+0000][77][debug][gc,age      ] GC(10) Desired survivor size 81788928 bytes, new threshold 15 (max threshold 15)
[2025-06-18T19:28:36.875+0000][77][info ][gc,phases   ] GC(10)   Pre Evacuate Collection Set: 0.7ms
[2025-06-18T19:28:36.875+0000][77][info ][gc,phases   ] GC(10)   Merge Heap Roots: 0.4ms
[2025-06-18T19:28:36.876+0000][77][info ][gc,phases   ] GC(10)   Evacuate Collection Set: 15.0ms
[2025-06-18T19:28:36.877+0000][77][info ][gc,phases   ] GC(10)   Post Evacuate Collection Set: 5.0ms
[2025-06-18T19:28:36.877+0000][77][info ][gc,phases   ] GC(10)   Other: 1.6ms
[2025-06-18T19:28:36.877+0000][77][trace][gc,age      ] GC(10) Age table with threshold 15 (max threshold 15)
[2025-06-18T19:28:36.878+0000][77][trace][gc,age      ] GC(10) - age   1:   17898072 bytes,   17898072 total
[2025-06-18T19:28:36.878+0000][77][trace][gc,age      ] GC(10) - age   2:   28385232 bytes,   46283304 total
[2025-06-18T19:28:36.879+0000][77][trace][gc,age      ] GC(10) - age   3:     542824 bytes,   46826128 total
[2025-06-18T19:28:36.879+0000][77][trace][gc,age      ] GC(10) - age   4:     168512 bytes,   46994640 total
[2025-06-18T19:28:36.879+0000][77][trace][gc,age      ] GC(10) - age   5:   16499168 bytes,   63493808 total
[2025-06-18T19:28:36.880+0000][77][info ][gc,heap     ] GC(10) Eden regions: 142->0(290)
[2025-06-18T19:28:36.880+0000][77][info ][gc,heap     ] GC(10) Survivor regions: 12->17(39)
[2025-06-18T19:28:36.881+0000][77][info ][gc,heap     ] GC(10) Old regions: 3->3
[2025-06-18T19:28:36.881+0000][77][info ][gc,heap     ] GC(10) Humongous regions: 0->0
[2025-06-18T19:28:36.882+0000][77][info ][gc,metaspace] GC(10) Metaspace: 101506K(103616K)->101506K(103616K) NonClass: 88183K(89344K)->88183K(89344K) Class: 13322K(14272K)->13322K(14272K)
[2025-06-18T19:28:36.882+0000][77][info ][gc          ] GC(10) Pause Young (Concurrent Start) (Metadata GC Threshold) 624M->78M(2048M) 30.472ms
[2025-06-18T19:28:36.882+0000][77][info ][gc,cpu      ] GC(10) User=0.27s Sys=0.00s Real=0.03s
[2025-06-18T19:28:36.882+0000][77][info ][gc          ] GC(11) Concurrent Mark Cycle
[2025-06-18T19:28:36.883+0000][77][info ][safepoint   ] Safepoint "CollectForMetadataAllocation", Time since last: 408296624 ns, Reaching safepoint: 5339 ns, Cleanup: 116982 ns, At safepoint: 31653999 ns, Total: 31776320 ns
[2025-06-18T19:28:36.884+0000][77][info ][gc,marking  ] GC(11) Concurrent Scan Root Regions
[2025-06-18T19:28:36.895+0000][77][info ][gc,marking  ] GC(11) Concurrent Scan Root Regions 11.636ms
[2025-06-18T19:28:36.896+0000][77][info ][gc,marking  ] GC(11) Concurrent Mark
[2025-06-18T19:28:36.896+0000][77][info ][gc,marking  ] GC(11) Concurrent Mark From Roots
[2025-06-18T19:28:36.897+0000][77][info ][gc,task     ] GC(11) Using 6 workers of 6 for marking
[2025-06-18T19:28:36.904+0000][77][info ][gc,marking  ] GC(11) Concurrent Mark From Roots 8.009ms
[2025-06-18T19:28:36.905+0000][77][info ][gc,marking  ] GC(11) Concurrent Preclean
[2025-06-18T19:28:36.906+0000][77][info ][gc,marking  ] GC(11) Concurrent Preclean 0.714ms
[2025-06-18T19:28:36.907+0000][77][info ][gc,start    ] GC(11) Pause Remark
[2025-06-18T19:28:36.913+0000][77][info ][gc          ] GC(11) Pause Remark 84M->84M(2048M) 6.727ms
[2025-06-18T19:28:36.914+0000][77][info ][gc,cpu      ] GC(11) User=0.05s Sys=0.00s Real=0.01s
[2025-06-18T19:28:36.915+0000][77][info ][safepoint   ] Safepoint "G1PauseRemark", Time since last: 23272744 ns, Reaching safepoint: 85622 ns, Cleanup: 14453 ns, At safepoint: 8216681 ns, Total: 8316756 ns
[2025-06-18T19:28:36.915+0000][77][info ][gc,marking  ] GC(11) Concurrent Mark 19.490ms
[2025-06-18T19:28:36.916+0000][77][info ][gc,marking  ] GC(11) Concurrent Rebuild Remembered Sets and Scrub Regions
[2025-06-18T19:28:36.918+0000][77][info ][gc,marking  ] GC(11) Concurrent Rebuild Remembered Sets and Scrub Regions 1.762ms
[2025-06-18T19:28:36.919+0000][77][info ][gc,start    ] GC(11) Pause Cleanup
[2025-06-18T19:28:36.919+0000][77][info ][gc          ] GC(11) Pause Cleanup 84M->84M(2048M) 0.462ms
[2025-06-18T19:28:36.920+0000][77][info ][gc,cpu      ] GC(11) User=0.00s Sys=0.00s Real=0.00s
[2025-06-18T19:28:36.920+0000][77][info ][safepoint   ] Safepoint "G1PauseCleanup", Time since last: 3853840 ns, Reaching safepoint: 83168 ns, Cleanup: 20839 ns, At safepoint: 1549827 ns, Total: 1653834 ns
[2025-06-18T19:28:36.921+0000][77][info ][gc,marking  ] GC(11) Concurrent Clear Claimed Marks
[2025-06-18T19:28:36.922+0000][77][info ][gc,marking  ] GC(11) Concurrent Clear Claimed Marks 0.746ms
[2025-06-18T19:28:36.922+0000][77][info ][gc,marking  ] GC(11) Concurrent Cleanup for Next Mark
[2025-06-18T19:28:36.924+0000][77][info ][gc,marking  ] GC(11) Concurrent Cleanup for Next Mark 1.574ms
[2025-06-18T19:28:36.924+0000][77][info ][gc          ] GC(11) Concurrent Mark Cycle 41.976ms
[2025-06-18T19:28:37.946+0000][77][info ][safepoint   ] Safepoint "ICBufferFull", Time since last: 1025761007 ns, Reaching safepoint: 144326 ns, Cleanup: 140910 ns, At safepoint: 127220 ns, Total: 412456 ns
[2025-06-18T19:28:38.109+0000][77][info ][safepoint   ] Safepoint "ICBufferFull", Time since last: 162346092 ns, Reaching safepoint: 102680 ns, Cleanup: 130054 ns, At safepoint: 62070 ns, Total: 294804 ns
[2025-06-18T19:28:38.229+0000][77][info ][safepoint   ] Safepoint "ICBufferFull", Time since last: 120229890 ns, Reaching safepoint: 8639 ns, Cleanup: 108466 ns, At safepoint: 33676 ns, Total: 150781 ns
[2025-06-18T19:28:38.383+0000][77][info ][safepoint   ] Safepoint "ICBufferFull", Time since last: 153482794 ns, Reaching safepoint: 8379 ns, Cleanup: 114537 ns, At safepoint: 21281 ns, Total: 144197 ns
[2025-06-18T19:28:38.552+0000][77][info ][safepoint   ] Safepoint "ICBufferFull", Time since last: 168738208 ns, Reaching safepoint: 9145 ns, Cleanup: 142970 ns, At safepoint: 39288 ns, Total: 191403 ns
[2025-06-18T19:28:38.929+0000][77][info ][safepoint   ] Safepoint "ICBufferFull", Time since last: 377010238 ns, Reaching safepoint: 8556 ns, Cleanup: 124309 ns, At safepoint: 21791 ns, Total: 154656 ns
[2025-06-18T19:28:39.331+0000][77][info ][safepoint   ] Safepoint "ICBufferFull", Time since last: 401329615 ns, Reaching safepoint: 8848 ns, Cleanup: 97391 ns, At safepoint: 24786 ns, Total: 131025 ns
[2025-06-18T19:28:39.624+0000][77][info ][safepoint   ] Safepoint "ICBufferFull", Time since last: 293071642 ns, Reaching safepoint: 8033 ns, Cleanup: 148834 ns, At safepoint: 13577 ns, Total: 170444 ns
[2025-06-18T19:28:40.625+0000][77][info ][safepoint   ] Safepoint "Cleanup", Time since last: 1000788647 ns, Reaching safepoint: 13251 ns, Cleanup: 98218 ns, At safepoint: 5405 ns, Total: 116874 ns
[2025-06-18T19:28:41.630+0000][77][info ][safepoint   ] Safepoint "Cleanup", Time since last: 1004731849 ns, Reaching safepoint: 11030 ns, Cleanup: 13665 ns, At safepoint: 2731 ns, Total: 27426 ns
[2025-06-18T19:28:45.897+0000][77][info ][safepoint   ] Safepoint "Cleanup", Time since last: 1954320150 ns, Reaching safepoint: 11091 ns, Cleanup: 47179 ns, At safepoint: 3566 ns, Total: 61836 ns
[2025-06-18T19:28:49.898+0000][77][info ][safepoint   ] Safepoint "Cleanup", Time since last: 4001183139 ns, Reaching safepoint: 9669 ns, Cleanup: 87948 ns, At safepoint: 22855 ns, Total: 120472 ns
[2025-06-18T19:28:50.224+0000][77][info ][safepoint   ] Safepoint "ICBufferFull", Time since last: 325611515 ns, Reaching safepoint: 8921 ns, Cleanup: 140143 ns, At safepoint: 2909 ns, Total: 151973 ns
[2025-06-18T19:28:52.182+0000][77][info ][safepoint   ] Safepoint "Cleanup", Time since last: 1958330007 ns, Reaching safepoint: 26736 ns, Cleanup: 216926 ns, At safepoint: 7505 ns, Total: 251167 ns
[2025-06-18T19:28:55.184+0000][77][info ][safepoint   ] Safepoint "Cleanup", Time since last: 3001279031 ns, Reaching safepoint: 9891 ns, Cleanup: 121617 ns, At safepoint: 3610 ns, Total: 135118 ns
[2025-06-18T19:28:57.109+0000][77][info ][safepoint   ] Safepoint "Cleanup", Time since last: 1925388793 ns, Reaching safepoint: 11974 ns, Cleanup: 93406 ns, At safepoint: 3129 ns, Total: 108509 ns
[2025-06-18T19:29:00.110+0000][77][info ][safepoint   ] Safepoint "Cleanup", Time since last: 3000924112 ns, Reaching safepoint: 12759 ns, Cleanup: 78353 ns, At safepoint: 3122 ns, Total: 94234 ns
[2025-06-18T19:29:00.319+0000][77][info ][safepoint   ] Safepoint "ICBufferFull", Time since last: 208708342 ns, Reaching safepoint: 9708 ns, Cleanup: 111070 ns, At safepoint: 3059 ns, Total: 123837 ns
[2025-06-18T19:29:02.260+0000][77][info ][safepoint   ] Safepoint "Cleanup", Time since last: 1940905766 ns, Reaching safepoint: 59285 ns, Cleanup: 103442 ns, At safepoint: 5680 ns, Total: 168407 ns
[2025-06-18T19:29:06.261+0000][77][info ][safepoint   ] Safepoint "Cleanup", Time since last: 4001235706 ns, Reaching safepoint: 19682 ns, Cleanup: 44600 ns, At safepoint: 6646 ns, Total: 70928 ns
[2025-06-18T19:29:07.289+0000][77][info ][safepoint   ] Safepoint "Cleanup", Time since last: 1027212703 ns, Reaching safepoint: 20891 ns, Cleanup: 91675 ns, At safepoint: 6129 ns, Total: 118695 ns
[2025-06-18T19:29:08.290+0000][77][info ][safepoint   ] Safepoint "Cleanup", Time since last: 1001439852 ns, Reaching safepoint: 17692 ns, Cleanup: 15579 ns, At safepoint: 4698 ns, Total: 37969 ns
[2025-06-18T19:29:09.291+0000][77][info ][safepoint   ] Safepoint "Cleanup", Time since last: 1001186506 ns, Reaching safepoint: 20822 ns, Cleanup: 24552 ns, At safepoint: 6416 ns, Total: 51790 ns
[2025-06-18T19:29:11.269+0000][77][info ][safepoint   ] Safepoint "Cleanup", Time since last: 1977718494 ns, Reaching safepoint: 20503 ns, Cleanup: 202094 ns, At safepoint: 5944 ns, Total: 228541 ns
[2025-06-18T19:29:14.271+0000][77][info ][safepoint   ] Safepoint "Cleanup", Time since last: 3001524969 ns, Reaching safepoint: 16039 ns, Cleanup: 16045 ns, At safepoint: 3340 ns, Total: 35424 ns
[2025-06-18T19:29:17.588+0000][77][info ][safepoint   ] Safepoint "Cleanup", Time since last: 1001803656 ns, Reaching safepoint: 14791 ns, Cleanup: 21664 ns, At safepoint: 3478 ns, Total: 39933 ns
[2025-06-18T19:29:18.589+0000][77][info ][safepoint   ] Safepoint "Cleanup", Time since last: 1001248445 ns, Reaching safepoint: 19187 ns, Cleanup: 13237 ns, At safepoint: 26519 ns, Total: 58943 ns
[2025-06-18T19:29:22.591+0000][77][info ][safepoint   ] Safepoint "Cleanup", Time since last: 4000961164 ns, Reaching safepoint: 22733 ns, Cleanup: 107381 ns, At safepoint: 7361 ns, Total: 137475 ns
[2025-06-18T19:29:25.602+0000][77][info ][safepoint   ] Safepoint "Cleanup", Time since last: 3011278885 ns, Reaching safepoint: 20721 ns, Cleanup: 25443 ns, At safepoint: 6074 ns, Total: 52238 ns
[2025-06-18T19:29:27.614+0000][77][info ][safepoint   ] Safepoint "Cleanup", Time since last: 2012035454 ns, Reaching safepoint: 17217 ns, Cleanup: 18105 ns, At safepoint: 3553 ns, Total: 38875 ns
[2025-06-18T19:29:28.732+0000][77][info ][safepoint   ] Safepoint "Cleanup", Time since last: 1117996846 ns, Reaching safepoint: 9015 ns, Cleanup: 50773 ns, At safepoint: 5892 ns, Total: 65680 ns
[2025-06-18T19:29:29.736+0000][77][info ][safepoint   ] Safepoint "Cleanup", Time since last: 1004392159 ns, Reaching safepoint: 19598 ns, Cleanup: 19672 ns, At safepoint: 5378 ns, Total: 44648 ns
[2025-06-18T19:29:30.742+0000][77][info ][safepoint   ] Safepoint "Cleanup", Time since last: 1005063000 ns, Reaching safepoint: 17604 ns, Cleanup: 14049 ns, At safepoint: 4133 ns, Total: 35786 ns
[2025-06-18T19:29:32.743+0000][77][info ][safepoint   ] Safepoint "Cleanup", Time since last: 2001016994 ns, Reaching safepoint: 17050 ns, Cleanup: 48162 ns, At safepoint: 3893 ns, Total: 69105 ns
[2025-06-18T19:29:34.744+0000][77][info ][safepoint   ] Safepoint "Cleanup", Time since last: 2000839353 ns, Reaching safepoint: 18137 ns, Cleanup: 16911 ns, At safepoint: 4202 ns, Total: 39250 ns
[2025-06-18T19:29:41.746+0000][77][info ][safepoint   ] Safepoint "Cleanup", Time since last: 7001947330 ns, Reaching safepoint: 16626 ns, Cleanup: 14927 ns, At safepoint: 3718 ns, Total: 35271 ns
[2025-06-18T19:29:42.751+0000][77][info ][safepoint   ] Safepoint "Cleanup", Time since last: 1005283350 ns, Reaching safepoint: 25889 ns, Cleanup: 63586 ns, At safepoint: 7073 ns, Total: 96548 ns
[2025-06-18T19:29:45.754+0000][77][info ][safepoint   ] Safepoint "Cleanup", Time since last: 3003147478 ns, Reaching safepoint: 21576 ns, Cleanup: 16957 ns, At safepoint: 4947 ns, Total: 43480 ns
[2025-06-18T19:29:50.081+0000][77][info ][safepoint   ] Safepoint "Cleanup", Time since last: 2000914771 ns, Reaching safepoint: 15994 ns, Cleanup: 18387 ns, At safepoint: 3763 ns, Total: 38144 ns
[2025-06-18T19:29:55.083+0000][77][info ][safepoint   ] Safepoint "Cleanup", Time since last: 5001174016 ns, Reaching safepoint: 46252 ns, Cleanup: 98867 ns, At safepoint: 4723 ns, Total: 149842 ns
[2025-06-18T19:30:02.084+0000][77][info ][safepoint   ] Safepoint "Cleanup", Time since last: 7001477483 ns, Reaching safepoint: 16720 ns, Cleanup: 18143 ns, At safepoint: 4134 ns, Total: 38997 ns
[2025-06-18T19:30:04.470+0000][77][info ][safepoint   ] Safepoint "Cleanup", Time since last: 2385926442 ns, Reaching safepoint: 5569 ns, Cleanup: 22875 ns, At safepoint: 3028 ns, Total: 31472 ns
[2025-06-18T19:30:04.669+0000][77][info ][safepoint   ] Safepoint "ICBufferFull", Time since last: 199047725 ns, Reaching safepoint: 13418 ns, Cleanup: 129196 ns, At safepoint: 43196 ns, Total: 185810 ns
[2025-06-18T19:30:05.720+0000][77][info ][safepoint   ] Safepoint "Cleanup", Time since last: 1050962704 ns, Reaching safepoint: 18512 ns, Cleanup: 132477 ns, At safepoint: 8319 ns, Total: 159308 ns
[2025-06-18T19:30:14.723+0000][77][info ][safepoint   ] Safepoint "Cleanup", Time since last: 9002138238 ns, Reaching safepoint: 36807 ns, Cleanup: 36569 ns, At safepoint: 3892 ns, Total: 77268 ns
[2025-06-18T19:30:15.736+0000][77][info ][safepoint   ] Safepoint "Cleanup", Time since last: 1013634230 ns, Reaching safepoint: 21912 ns, Cleanup: 23358 ns, At safepoint: 5818 ns, Total: 51088 ns
[2025-06-18T19:30:16.737+0000][77][info ][safepoint   ] Safepoint "Cleanup", Time since last: 1000816952 ns, Reaching safepoint: 19059 ns, Cleanup: 14910 ns, At safepoint: 3739 ns, Total: 37708 ns
[2025-06-18T19:30:23.059+0000][77][info ][safepoint   ] Safepoint "Cleanup", Time since last: 4000839147 ns, Reaching safepoint: 18890 ns, Cleanup: 15573 ns, At safepoint: 3795 ns, Total: 38258 ns
[2025-06-18T19:30:24.060+0000][77][info ][safepoint   ] Safepoint "Cleanup", Time since last: 1000875073 ns, Reaching safepoint: 17583 ns, Cleanup: 12991 ns, At safepoint: 3615 ns, Total: 34189 ns
[2025-06-18T19:30:27.074+0000][77][info ][safepoint   ] Safepoint "Cleanup", Time since last: 3013062668 ns, Reaching safepoint: 33145 ns, Cleanup: 33744 ns, At safepoint: 3737 ns, Total: 70626 ns
[2025-06-18T19:30:29.078+0000][77][info ][safepoint   ] Safepoint "Cleanup", Time since last: 2004623516 ns, Reaching safepoint: 17212 ns, Cleanup: 15890 ns, At safepoint: 3724 ns, Total: 36826 ns
[2025-06-18T19:30:37.410+0000][77][info ][safepoint   ] Safepoint "Cleanup", Time since last: 8331909281 ns, Reaching safepoint: 17048 ns, Cleanup: 37440 ns, At safepoint: 3909 ns, Total: 58397 ns
[2025-06-18T19:30:41.412+0000][77][info ][safepoint   ] Safepoint "Cleanup", Time since last: 4002110277 ns, Reaching safepoint: 18137 ns, Cleanup: 15951 ns, At safepoint: 3798 ns, Total: 37886 ns
[2025-06-18T19:30:42.426+0000][77][info ][safepoint   ] Safepoint "Cleanup", Time since last: 1013537493 ns, Reaching safepoint: 18450 ns, Cleanup: 14159 ns, At safepoint: 53821 ns, Total: 86430 ns
[2025-06-18T19:30:47.434+0000][77][info ][safepoint   ] Safepoint "Cleanup", Time since last: 5007980129 ns, Reaching safepoint: 22741 ns, Cleanup: 41976 ns, At safepoint: 6551 ns, Total: 71268 ns
[2025-06-18T19:30:54.726+0000][77][info ][safepoint   ] Safepoint "Cleanup", Time since last: 5016063181 ns, Reaching safepoint: 30406 ns, Cleanup: 19287 ns, At safepoint: 5753 ns, Total: 55446 ns
[2025-06-18T19:30:59.728+0000][77][info ][safepoint   ] Safepoint "Cleanup", Time since last: 5001311762 ns, Reaching safepoint: 47474 ns, Cleanup: 28865 ns, At safepoint: 3808 ns, Total: 80147 ns
[2025-06-18T19:31:01.729+0000][77][info ][safepoint   ] Safepoint "Cleanup", Time since last: 2001012514 ns, Reaching safepoint: 25699 ns, Cleanup: 35867 ns, At safepoint: 7288 ns, Total: 68854 ns
[2025-06-18T19:31:09.739+0000][77][info ][safepoint   ] Safepoint "Cleanup", Time since last: 8010334958 ns, Reaching safepoint: 25567 ns, Cleanup: 83960 ns, At safepoint: 6961 ns, Total: 116488 ns
[2025-06-18T19:31:13.741+0000][77][info ][safepoint   ] Safepoint "Cleanup", Time since last: 4001845710 ns, Reaching safepoint: 17776 ns, Cleanup: 14301 ns, At safepoint: 3886 ns, Total: 35963 ns
[2025-06-18T19:31:19.079+0000][77][info ][safepoint   ] Safepoint "Cleanup", Time since last: 5337967736 ns, Reaching safepoint: 5751 ns, Cleanup: 51620 ns, At safepoint: 23747 ns, Total: 81118 ns
[2025-06-18T19:31:20.143+0000][77][info ][safepoint   ] Safepoint "Cleanup", Time since last: 1063845436 ns, Reaching safepoint: 18202 ns, Cleanup: 77128 ns, At safepoint: 5025 ns, Total: 100355 ns
[2025-06-18T19:31:22.144+0000][77][info ][safepoint   ] Safepoint "Cleanup", Time since last: 2001290496 ns, Reaching safepoint: 23807 ns, Cleanup: 20573 ns, At safepoint: 6109 ns, Total: 50489 ns
[2025-06-18T19:31:27.493+0000][77][info ][safepoint   ] Safepoint "Cleanup", Time since last: 3007171681 ns, Reaching safepoint: 18607 ns, Cleanup: 19824 ns, At safepoint: 3733 ns, Total: 42164 ns
[2025-06-18T19:31:31.495+0000][77][info ][safepoint   ] Safepoint "Cleanup", Time since last: 4001381564 ns, Reaching safepoint: 20137 ns, Cleanup: 23874 ns, At safepoint: 4151 ns, Total: 48162 ns
[2025-06-18T19:31:39.056+0000][77][info ][safepoint   ] Safepoint "Cleanup", Time since last: 7561384627 ns, Reaching safepoint: 28442 ns, Cleanup: 25678 ns, At safepoint: 6508 ns, Total: 60628 ns
[2025-06-18T19:31:40.062+0000][77][info ][safepoint   ] Safepoint "Cleanup", Time since last: 1005658979 ns, Reaching safepoint: 24710 ns, Cleanup: 21065 ns, At safepoint: 5717 ns, Total: 51492 ns
[2025-06-18T19:31:42.063+0000][77][info ][safepoint   ] Safepoint "Cleanup", Time since last: 2001151906 ns, Reaching safepoint: 16066 ns, Cleanup: 42301 ns, At safepoint: 3730 ns, Total: 62097 ns
[2025-06-18T19:31:44.064+0000][77][info ][safepoint   ] Safepoint "Cleanup", Time since last: 2000925734 ns, Reaching safepoint: 24665 ns, Cleanup: 20820 ns, At safepoint: 5967 ns, Total: 51452 ns
[2025-06-18T19:31:52.066+0000][77][info ][safepoint   ] Safepoint "Cleanup", Time since last: 8001617901 ns, Reaching safepoint: 21545 ns, Cleanup: 25110 ns, At safepoint: 4233 ns, Total: 50888 ns
[2025-06-18T19:31:59.398+0000][77][info ][safepoint   ] Safepoint "Cleanup", Time since last: 5001165754 ns, Reaching safepoint: 17450 ns, Cleanup: 18606 ns, At safepoint: 4300 ns, Total: 40356 ns
[2025-06-18T19:32:04.403+0000][77][info ][safepoint   ] Safepoint "Cleanup", Time since last: 5005013998 ns, Reaching safepoint: 20529 ns, Cleanup: 26427 ns, At safepoint: 4203 ns, Total: 51159 ns
[2025-06-18T19:32:14.406+0000][77][info ][safepoint   ] Safepoint "Cleanup", Time since last: 10002791920 ns, Reaching safepoint: 54376 ns, Cleanup: 24315 ns, At safepoint: 4319 ns, Total: 83010 ns
[2025-06-18T19:32:24.408+0000][77][info ][safepoint   ] Safepoint "Cleanup", Time since last: 10001970634 ns, Reaching safepoint: 57226 ns, Cleanup: 40894 ns, At safepoint: 4201 ns, Total: 102321 ns
[2025-06-18T19:32:31.730+0000][77][info ][safepoint   ] Safepoint "Cleanup", Time since last: 5001389277 ns, Reaching safepoint: 34326 ns, Cleanup: 21905 ns, At safepoint: 6214 ns, Total: 62445 ns
[2025-06-18T19:32:36.078+0000][77][info ][safepoint   ] Safepoint "Cleanup", Time since last: 4347914724 ns, Reaching safepoint: 7798 ns, Cleanup: 31002 ns, At safepoint: 45505 ns, Total: 84305 ns
[2025-06-18T19:32:37.197+0000][77][info ][safepoint   ] Safepoint "Cleanup", Time since last: 1118467892 ns, Reaching safepoint: 19154 ns, Cleanup: 112949 ns, At safepoint: 5595 ns, Total: 137698 ns
[2025-06-18T19:32:39.198+0000][77][info ][safepoint   ] Safepoint "Cleanup", Time since last: 2000978862 ns, Reaching safepoint: 71994 ns, Cleanup: 21196 ns, At safepoint: 10390 ns, Total: 103580 ns
[2025-06-18T19:32:46.736+0000][77][info ][safepoint   ] Safepoint "Cleanup", Time since last: 7537725286 ns, Reaching safepoint: 23609 ns, Cleanup: 145014 ns, At safepoint: 7233 ns, Total: 175856 ns
[2025-06-18T19:32:56.737+0000][77][info ][safepoint   ] Safepoint "Cleanup", Time since last: 10001862032 ns, Reaching safepoint: 21971 ns, Cleanup: 30376 ns, At safepoint: 4583 ns, Total: 56930 ns
[2025-06-18T19:33:03.615+0000][77][info ][safepoint   ] Safepoint "Cleanup", Time since last: 5001175381 ns, Reaching safepoint: 61147 ns, Cleanup: 20580 ns, At safepoint: 4190 ns, Total: 85917 ns
[2025-06-18T19:33:08.616+0000][77][info ][safepoint   ] Safepoint "Cleanup", Time since last: 5001002276 ns, Reaching safepoint: 23210 ns, Cleanup: 25520 ns, At safepoint: 6151 ns, Total: 54881 ns
[2025-06-18T19:33:18.618+0000][77][info ][safepoint   ] Safepoint "Cleanup", Time since last: 10001777735 ns, Reaching safepoint: 18662 ns, Cleanup: 17370 ns, At safepoint: 3776 ns, Total: 39808 ns
[2025-06-18T19:33:20.619+0000][77][info ][safepoint   ] Safepoint "Cleanup", Time since last: 2000857779 ns, Reaching safepoint: 20002 ns, Cleanup: 14683 ns, At safepoint: 3768 ns, Total: 38453 ns
[2025-06-18T19:33:27.620+0000][77][info ][safepoint   ] Safepoint "Cleanup", Time since last: 7001331943 ns, Reaching safepoint: 51242 ns, Cleanup: 16160 ns, At safepoint: 3815 ns, Total: 71217 ns
[2025-06-18T19:33:28.621+0000][77][info ][safepoint   ] Safepoint "Cleanup", Time since last: 1000734701 ns, Reaching safepoint: 18557 ns, Cleanup: 27104 ns, At safepoint: 4197 ns, Total: 49858 ns
[2025-06-18T19:33:41.379+0000][77][info ][safepoint   ] Safepoint "Cleanup", Time since last: 10001686816 ns, Reaching safepoint: 23464 ns, Cleanup: 29283 ns, At safepoint: 3961 ns, Total: 56708 ns
[2025-06-18T19:33:50.702+0000][77][info ][safepoint   ] Safepoint "Cleanup", Time since last: 9322133774 ns, Reaching safepoint: 6290 ns, Cleanup: 48136 ns, At safepoint: 38164 ns, Total: 92590 ns
[2025-06-18T19:33:51.765+0000][77][info ][safepoint   ] Safepoint "Cleanup", Time since last: 1063528058 ns, Reaching safepoint: 32441 ns, Cleanup: 31897 ns, At safepoint: 4032 ns, Total: 68370 ns
[2025-06-18T19:34:00.767+0000][77][info ][safepoint   ] Safepoint "Cleanup", Time since last: 9001469292 ns, Reaching safepoint: 46764 ns, Cleanup: 48590 ns, At safepoint: 4585 ns, Total: 99939 ns
[2025-06-18T19:34:01.768+0000][77][info ][safepoint   ] Safepoint "Cleanup", Time since last: 1000690343 ns, Reaching safepoint: 17252 ns, Cleanup: 25364 ns, At safepoint: 3914 ns, Total: 46530 ns
[2025-06-18T19:34:13.930+0000][77][info ][safepoint   ] Safepoint "Cleanup", Time since last: 9001374796 ns, Reaching safepoint: 19753 ns, Cleanup: 40120 ns, At safepoint: 4363 ns, Total: 64236 ns
[2025-06-18T19:34:14.931+0000][77][info ][safepoint   ] Safepoint "Cleanup", Time since last: 1001009334 ns, Reaching safepoint: 23926 ns, Cleanup: 18691 ns, At safepoint: 4777 ns, Total: 47394 ns
[2025-06-18T19:34:21.935+0000][77][info ][safepoint   ] Safepoint "Cleanup", Time since last: 7003981441 ns, Reaching safepoint: 19971 ns, Cleanup: 17552 ns, At safepoint: 4303 ns, Total: 41826 ns
[2025-06-18T19:34:22.936+0000][77][info ][safepoint   ] Safepoint "Cleanup", Time since last: 1000659002 ns, Reaching safepoint: 19277 ns, Cleanup: 17294 ns, At safepoint: 4120 ns, Total: 40691 ns
[2025-06-18T19:34:23.936+0000][77][info ][safepoint   ] Safepoint "Cleanup", Time since last: 1000689642 ns, Reaching safepoint: 19562 ns, Cleanup: 24530 ns, At safepoint: 4316 ns, Total: 48408 ns
[2025-06-18T19:34:33.938+0000][77][info ][safepoint   ] Safepoint "Cleanup", Time since last: 10001732195 ns, Reaching safepoint: 51224 ns, Cleanup: 38644 ns, At safepoint: 4812 ns, Total: 94680 ns
[2025-06-18T19:34:35.939+0000][77][info ][safepoint   ] Safepoint "Cleanup", Time since last: 2000866386 ns, Reaching safepoint: 30445 ns, Cleanup: 21709 ns, At safepoint: 7107 ns, Total: 59261 ns
[2025-06-18T19:34:42.303+0000][77][info ][safepoint   ] Safepoint "Cleanup", Time since last: 4001603915 ns, Reaching safepoint: 20731 ns, Cleanup: 17172 ns, At safepoint: 4206 ns, Total: 42109 ns
[2025-06-18T19:34:46.304+0000][77][info ][safepoint   ] Safepoint "Cleanup", Time since last: 4000932144 ns, Reaching safepoint: 20567 ns, Cleanup: 24731 ns, At safepoint: 3945 ns, Total: 49243 ns
[2025-06-18T19:34:56.939+0000][77][info ][safepoint   ] Safepoint "Cleanup", Time since last: 10635272844 ns, Reaching safepoint: 20218 ns, Cleanup: 66870 ns, At safepoint: 5588 ns, Total: 92676 ns
[2025-06-18T19:35:04.942+0000][77][info ][safepoint   ] Safepoint "Cleanup", Time since last: 8002098035 ns, Reaching safepoint: 19171 ns, Cleanup: 13635 ns, At safepoint: 3907 ns, Total: 36713 ns
[2025-06-18T19:35:06.222+0000][77][info ][safepoint   ] Safepoint "Cleanup", Time since last: 1280835736 ns, Reaching safepoint: 6208 ns, Cleanup: 40606 ns, At safepoint: 3538 ns, Total: 50352 ns
[2025-06-18T19:35:07.283+0000][77][info ][safepoint   ] Safepoint "Cleanup", Time since last: 1060364473 ns, Reaching safepoint: 19361 ns, Cleanup: 25150 ns, At safepoint: 4045 ns, Total: 48556 ns
[2025-06-18T19:35:14.724+0000][77][info ][safepoint   ] Safepoint "Cleanup", Time since last: 5001206189 ns, Reaching safepoint: 18502 ns, Cleanup: 17240 ns, At safepoint: 4153 ns, Total: 39895 ns
[2025-06-18T19:35:16.725+0000][77][info ][safepoint   ] Safepoint "Cleanup", Time since last: 2000740818 ns, Reaching safepoint: 19389 ns, Cleanup: 16156 ns, At safepoint: 3778 ns, Total: 39323 ns
[2025-06-18T19:35:18.728+0000][77][info ][safepoint   ] Safepoint "Cleanup", Time since last: 2002405382 ns, Reaching safepoint: 18813 ns, Cleanup: 34181 ns, At safepoint: 4122 ns, Total: 57116 ns
[2025-06-18T19:35:28.729+0000][77][info ][safepoint   ] Safepoint "Cleanup", Time since last: 10001679899 ns, Reaching safepoint: 48437 ns, Cleanup: 20542 ns, At safepoint: 3925 ns, Total: 72904 ns
[2025-06-18T19:35:38.733+0000][77][info ][safepoint   ] Safepoint "Cleanup", Time since last: 10003298676 ns, Reaching safepoint: 23460 ns, Cleanup: 32810 ns, At safepoint: 4903 ns, Total: 61173 ns
[2025-06-18T19:35:51.496+0000][77][info ][safepoint   ] Safepoint "Cleanup", Time since last: 10002194360 ns, Reaching safepoint: 27402 ns, Cleanup: 21814 ns, At safepoint: 6443 ns, Total: 55659 ns
[2025-06-18T19:36:02.165+0000][77][info ][safepoint   ] Safepoint "Cleanup", Time since last: 10669466594 ns, Reaching safepoint: 20485 ns, Cleanup: 17515 ns, At safepoint: 3920 ns, Total: 41920 ns
[2025-06-18T19:36:12.167+0000][77][info ][safepoint   ] Safepoint "Cleanup", Time since last: 10001961095 ns, Reaching safepoint: 24202 ns, Cleanup: 30673 ns, At safepoint: 6277 ns, Total: 61152 ns
[2025-06-18T19:36:20.679+0000][77][info ][safepoint   ] Safepoint "Cleanup", Time since last: 6002434627 ns, Reaching safepoint: 19797 ns, Cleanup: 18359 ns, At safepoint: 3961 ns, Total: 42117 ns
[2025-06-18T19:36:23.936+0000][77][info ][safepoint   ] Safepoint "Cleanup", Time since last: 3256424630 ns, Reaching safepoint: 6930 ns, Cleanup: 38269 ns, At safepoint: 22004 ns, Total: 67203 ns
[2025-06-18T19:36:24.994+0000][77][info ][safepoint   ] Safepoint "Cleanup", Time since last: 1058323226 ns, Reaching safepoint: 19614 ns, Cleanup: 68144 ns, At safepoint: 5682 ns, Total: 93440 ns
[2025-06-18T19:36:33.999+0000][77][info ][safepoint   ] Safepoint "Cleanup", Time since last: 9004508222 ns, Reaching safepoint: 66559 ns, Cleanup: 41718 ns, At safepoint: 5173 ns, Total: 113450 ns
[2025-06-18T19:36:35.000+0000][77][info ][safepoint   ] Safepoint "Cleanup", Time since last: 1001189652 ns, Reaching safepoint: 19253 ns, Cleanup: 16916 ns, At safepoint: 3866 ns, Total: 40035 ns
[2025-06-18T19:36:44.003+0000][77][info ][safepoint   ] Safepoint "Cleanup", Time since last: 9003033302 ns, Reaching safepoint: 19610 ns, Cleanup: 24220 ns, At safepoint: 3907 ns, Total: 47737 ns
[2025-06-18T19:36:53.458+0000][77][info ][safepoint   ] Safepoint "Cleanup", Time since last: 7001320030 ns, Reaching safepoint: 31966 ns, Cleanup: 31053 ns, At safepoint: 4079 ns, Total: 67098 ns
[2025-06-18T19:36:56.460+0000][77][info ][safepoint   ] Safepoint "Cleanup", Time since last: 3001213431 ns, Reaching safepoint: 20235 ns, Cleanup: 17587 ns, At safepoint: 4140 ns, Total: 41962 ns
[2025-06-18T19:37:07.154+0000][77][info ][safepoint   ] Safepoint "Cleanup", Time since last: 10694198883 ns, Reaching safepoint: 46022 ns, Cleanup: 14115 ns, At safepoint: 3974 ns, Total: 64111 ns
[2025-06-18T19:37:16.156+0000][77][info ][safepoint   ] Safepoint "Cleanup", Time since last: 9002120636 ns, Reaching safepoint: 30276 ns, Cleanup: 15803 ns, At safepoint: 5047 ns, Total: 51126 ns
[2025-06-18T19:37:17.157+0000][77][info ][safepoint   ] Safepoint "Cleanup", Time since last: 1000920876 ns, Reaching safepoint: 19824 ns, Cleanup: 23746 ns, At safepoint: 4110 ns, Total: 47680 ns
[2025-06-18T19:37:30.012+0000][77][info ][safepoint   ] Safepoint "Cleanup", Time since last: 10001941874 ns, Reaching safepoint: 38983 ns, Cleanup: 22805 ns, At safepoint: 7607 ns, Total: 69395 ns
[2025-06-18T19:37:39.016+0000][77][info ][safepoint   ] Safepoint "Cleanup", Time since last: 9003998645 ns, Reaching safepoint: 51682 ns, Cleanup: 15138 ns, At safepoint: 4019 ns, Total: 70839 ns
[2025-06-18T19:37:40.373+0000][77][info ][safepoint   ] Safepoint "Cleanup", Time since last: 1356612600 ns, Reaching safepoint: 19742 ns, Cleanup: 193581 ns, At safepoint: 6548 ns, Total: 219871 ns
[2025-06-18T19:37:49.375+0000][77][info ][safepoint   ] Safepoint "Cleanup", Time since last: 9001770525 ns, Reaching safepoint: 29626 ns, Cleanup: 19374 ns, At safepoint: 4219 ns, Total: 53219 ns
[2025-06-18T19:37:50.376+0000][77][info ][safepoint   ] Safepoint "Cleanup", Time since last: 1000819409 ns, Reaching safepoint: 28360 ns, Cleanup: 21012 ns, At safepoint: 6789 ns, Total: 56161 ns
[2025-06-18T19:38:02.375+0000][77][info ][gc,start    ] GC(12) Pause Young (Normal) (G1 Evacuation Pause)
[2025-06-18T19:38:02.377+0000][77][info ][gc,task     ] GC(12) Using 23 workers of 23 for evacuation
[2025-06-18T19:38:02.378+0000][77][debug][gc,age      ] GC(12) Desired survivor size 81788928 bytes, new threshold 15 (max threshold 15)
[2025-06-18T19:38:02.450+0000][77][info ][gc,phases   ] GC(12)   Pre Evacuate Collection Set: 0.8ms
[2025-06-18T19:38:02.450+0000][77][info ][gc,phases   ] GC(12)   Merge Heap Roots: 0.6ms
[2025-06-18T19:38:02.451+0000][77][info ][gc,phases   ] GC(12)   Evacuate Collection Set: 64.9ms
[2025-06-18T19:38:02.451+0000][77][info ][gc,phases   ] GC(12)   Post Evacuate Collection Set: 4.9ms
[2025-06-18T19:38:02.452+0000][77][info ][gc,phases   ] GC(12)   Other: 1.8ms
[2025-06-18T19:38:02.452+0000][77][trace][gc,age      ] GC(12) Age table with threshold 15 (max threshold 15)
[2025-06-18T19:38:02.452+0000][77][trace][gc,age      ] GC(12) - age   1:   42603456 bytes,   42603456 total
[2025-06-18T19:38:02.452+0000][77][trace][gc,age      ] GC(12) - age   2:   16889728 bytes,   59493184 total
[2025-06-18T19:38:02.453+0000][77][trace][gc,age      ] GC(12) - age   3:   28269208 bytes,   87762392 total
[2025-06-18T19:38:02.453+0000][77][trace][gc,age      ] GC(12) - age   4:     542152 bytes,   88304544 total
[2025-06-18T19:38:02.453+0000][77][trace][gc,age      ] GC(12) - age   5:     168288 bytes,   88472832 total
[2025-06-18T19:38:02.453+0000][77][trace][gc,age      ] GC(12) - age   6:   16492144 bytes,  104964976 total
[2025-06-18T19:38:02.454+0000][77][info ][gc,heap     ] GC(12) Eden regions: 290->0(219)
[2025-06-18T19:38:02.454+0000][77][info ][gc,heap     ] GC(12) Survivor regions: 17->28(39)
[2025-06-18T19:38:02.455+0000][77][info ][gc,heap     ] GC(12) Old regions: 3->3
[2025-06-18T19:38:02.455+0000][77][info ][gc,heap     ] GC(12) Humongous regions: 0->0
[2025-06-18T19:38:02.455+0000][77][info ][gc,metaspace] GC(12) Metaspace: 133148K(136576K)->133148K(136576K) NonClass: 115137K(116928K)->115137K(116928K) Class: 18011K(19648K)->18011K(19648K)
[2025-06-18T19:38:02.456+0000][77][info ][gc          ] GC(12) Pause Young (Normal) (G1 Evacuation Pause) 1238M->123M(2048M) 81.171ms
[2025-06-18T19:38:02.456+0000][77][info ][gc,cpu      ] GC(12) User=0.51s Sys=0.00s Real=0.08s
[2025-06-18T19:38:02.457+0000][77][info ][safepoint   ] Safepoint "G1CollectForAllocation", Time since last: 8834499803 ns, Reaching safepoint: 19806 ns, Cleanup: 14777 ns, At safepoint: 82184331 ns, Total: 82218914 ns
[2025-06-18T19:38:03.457+0000][77][info ][safepoint   ] Safepoint "Cleanup", Time since last: 1000559637 ns, Reaching safepoint: 17169 ns, Cleanup: 28683 ns, At safepoint: 4247 ns, Total: 50099 ns
[2025-06-18T19:38:13.196+0000][77][info ][safepoint   ] Safepoint "Cleanup", Time since last: 9738616598 ns, Reaching safepoint: 47189 ns, Cleanup: 17846 ns, At safepoint: 4217 ns, Total: 69252 ns
[2025-06-18T19:38:23.197+0000][77][info ][safepoint   ] Safepoint "Cleanup", Time since last: 10001354116 ns, Reaching safepoint: 28625 ns, Cleanup: 23629 ns, At safepoint: 5654 ns, Total: 57908 ns
[2025-06-18T19:38:32.343+0000][77][info ][safepoint   ] Safepoint "Cleanup", Time since last: 6002645076 ns, Reaching safepoint: 22015 ns, Cleanup: 17179 ns, At safepoint: 4105 ns, Total: 43299 ns
[2025-06-18T19:38:36.344+0000][77][info ][safepoint   ] Safepoint "Cleanup", Time since last: 4000917385 ns, Reaching safepoint: 29345 ns, Cleanup: 47723 ns, At safepoint: 6566 ns, Total: 83634 ns
[2025-06-18T19:38:46.346+0000][77][info ][safepoint   ] Safepoint "Cleanup", Time since last: 10002199173 ns, Reaching safepoint: 55150 ns, Cleanup: 16420 ns, At safepoint: 6234 ns, Total: 77804 ns
[2025-06-18T19:38:55.555+0000][77][info ][safepoint   ] Safepoint "Cleanup", Time since last: 9208885322 ns, Reaching safepoint: 7197 ns, Cleanup: 56393 ns, At safepoint: 4138 ns, Total: 67728 ns
[2025-06-18T19:38:56.615+0000][77][info ][safepoint   ] Safepoint "Cleanup", Time since last: 1059761975 ns, Reaching safepoint: 21385 ns, Cleanup: 73366 ns, At safepoint: 5808 ns, Total: 100559 ns
[2025-06-18T19:39:05.367+0000][77][info ][safepoint   ] Safepoint "Cleanup", Time since last: 6001074476 ns, Reaching safepoint: 24032 ns, Cleanup: 15266 ns, At safepoint: 4254 ns, Total: 43552 ns
[2025-06-18T19:39:06.368+0000][77][info ][safepoint   ] Safepoint "Cleanup", Time since last: 1000926044 ns, Reaching safepoint: 23636 ns, Cleanup: 15185 ns, At safepoint: 4281 ns, Total: 43102 ns
[2025-06-18T19:39:08.369+0000][77][info ][safepoint   ] Safepoint "Cleanup", Time since last: 2000686105 ns, Reaching safepoint: 21376 ns, Cleanup: 15392 ns, At safepoint: 32529 ns, Total: 69297 ns
[2025-06-18T19:39:19.115+0000][77][info ][safepoint   ] Safepoint "Cleanup", Time since last: 10746225258 ns, Reaching safepoint: 134352 ns, Cleanup: 42294 ns, At safepoint: 13565 ns, Total: 190211 ns
[2025-06-18T19:39:21.116+0000][77][info ][safepoint   ] Safepoint "Cleanup", Time since last: 2000785221 ns, Reaching safepoint: 21214 ns, Cleanup: 15995 ns, At safepoint: 4158 ns, Total: 41367 ns
[2025-06-18T19:39:29.118+0000][77][info ][safepoint   ] Safepoint "Cleanup", Time since last: 8001339830 ns, Reaching safepoint: 20609 ns, Cleanup: 106543 ns, At safepoint: 4790 ns, Total: 131942 ns
[2025-06-18T19:39:31.119+0000][77][info ][safepoint   ] Safepoint "Cleanup", Time since last: 2000957234 ns, Reaching safepoint: 24448 ns, Cleanup: 14229 ns, At safepoint: 4186 ns, Total: 42863 ns
[2025-06-18T19:39:37.948+0000][77][info ][safepoint   ] Safepoint "Cleanup", Time since last: 4001089495 ns, Reaching safepoint: 23932 ns, Cleanup: 18102 ns, At safepoint: 4245 ns, Total: 46279 ns
[2025-06-18T19:39:41.950+0000][77][info ][safepoint   ] Safepoint "Cleanup", Time since last: 4002033112 ns, Reaching safepoint: 24621 ns, Cleanup: 36035 ns, At safepoint: 4582 ns, Total: 65238 ns
[2025-06-18T19:39:51.951+0000][77][info ][safepoint   ] Safepoint "Cleanup", Time since last: 10001477105 ns, Reaching safepoint: 23413 ns, Cleanup: 14280 ns, At safepoint: 4114 ns, Total: 41807 ns
[2025-06-18T19:40:01.953+0000][77][info ][safepoint   ] Safepoint "Cleanup", Time since last: 10001525569 ns, Reaching safepoint: 59206 ns, Cleanup: 18576 ns, At safepoint: 4305 ns, Total: 82087 ns
[2025-06-18T19:40:10.049+0000][77][info ][safepoint   ] Safepoint "Cleanup", Time since last: 5001210106 ns, Reaching safepoint: 25900 ns, Cleanup: 12465 ns, At safepoint: 3907 ns, Total: 42272 ns
[2025-06-18T19:40:11.049+0000][77][info ][safepoint   ] Safepoint "Cleanup", Time since last: 1000767359 ns, Reaching safepoint: 25162 ns, Cleanup: 16380 ns, At safepoint: 4671 ns, Total: 46213 ns
[2025-06-18T19:40:14.227+0000][77][info ][safepoint   ] Safepoint "Cleanup", Time since last: 3177804362 ns, Reaching safepoint: 7336 ns, Cleanup: 12118 ns, At safepoint: 18770 ns, Total: 38224 ns
[2025-06-18T19:40:15.278+0000][77][info ][safepoint   ] Safepoint "Cleanup", Time since last: 1050378199 ns, Reaching safepoint: 22051 ns, Cleanup: 23355 ns, At safepoint: 4458 ns, Total: 49864 ns
[2025-06-18T19:40:25.062+0000][77][info ][safepoint   ] Safepoint "Cleanup", Time since last: 9784364619 ns, Reaching safepoint: 23431 ns, Cleanup: 20862 ns, At safepoint: 4665 ns, Total: 48958 ns
[2025-06-18T19:40:35.064+0000][77][info ][safepoint   ] Safepoint "Cleanup", Time since last: 10001679952 ns, Reaching safepoint: 21671 ns, Cleanup: 26137 ns, At safepoint: 4445 ns, Total: 52253 ns
[2025-06-18T19:40:44.127+0000][77][info ][safepoint   ] Safepoint "Cleanup", Time since last: 6001231542 ns, Reaching safepoint: 22010 ns, Cleanup: 18915 ns, At safepoint: 4892 ns, Total: 45817 ns
[2025-06-18T19:40:48.128+0000][77][info ][safepoint   ] Safepoint "Cleanup", Time since last: 4001175780 ns, Reaching safepoint: 67055 ns, Cleanup: 47531 ns, At safepoint: 6119 ns, Total: 120705 ns
[2025-06-18T19:40:58.130+0000][77][info ][safepoint   ] Safepoint "Cleanup", Time since last: 10001944927 ns, Reaching safepoint: 27964 ns, Cleanup: 21133 ns, At safepoint: 6908 ns, Total: 56005 ns
[2025-06-18T19:41:08.133+0000][77][info ][safepoint   ] Safepoint "Cleanup", Time since last: 10003297013 ns, Reaching safepoint: 45891 ns, Cleanup: 19610 ns, At safepoint: 4667 ns, Total: 70168 ns
[2025-06-18T19:41:21.060+0000][77][info ][safepoint   ] Safepoint "Cleanup", Time since last: 10006202645 ns, Reaching safepoint: 52037 ns, Cleanup: 26295 ns, At safepoint: 4547 ns, Total: 82879 ns
[2025-06-18T19:41:30.211+0000][77][info ][safepoint   ] Safepoint "Cleanup", Time since last: 9150877694 ns, Reaching safepoint: 9075 ns, Cleanup: 36910 ns, At safepoint: 4646 ns, Total: 50631 ns
[2025-06-18T19:41:31.273+0000][77][info ][safepoint   ] Safepoint "Cleanup", Time since last: 1061885689 ns, Reaching safepoint: 21076 ns, Cleanup: 44318 ns, At safepoint: 5104 ns, Total: 70498 ns
[2025-06-18T19:41:36.274+0000][77][info ][safepoint   ] Safepoint "Cleanup", Time since last: 5000832236 ns, Reaching safepoint: 55067 ns, Cleanup: 13373 ns, At safepoint: 4718 ns, Total: 73158 ns
[2025-06-18T19:41:39.275+0000][77][info ][safepoint   ] Safepoint "Cleanup", Time since last: 3001093468 ns, Reaching safepoint: 37875 ns, Cleanup: 19647 ns, At safepoint: 5609 ns, Total: 63131 ns
[2025-06-18T19:41:40.277+0000][77][info ][safepoint   ] Safepoint "Cleanup", Time since last: 1001728382 ns, Reaching safepoint: 19765 ns, Cleanup: 26069 ns, At safepoint: 4122 ns, Total: 49956 ns
[2025-06-18T19:41:41.278+0000][77][info ][safepoint   ] Safepoint "Cleanup", Time since last: 1000747735 ns, Reaching safepoint: 20874 ns, Cleanup: 21569 ns, At safepoint: 4624 ns, Total: 47067 ns
[2025-06-18T19:41:50.416+0000][77][info ][safepoint   ] Safepoint "Cleanup", Time since last: 6001693733 ns, Reaching safepoint: 21033 ns, Cleanup: 19305 ns, At safepoint: 3906 ns, Total: 44244 ns
[2025-06-18T19:41:53.417+0000][77][info ][safepoint   ] Safepoint "Cleanup", Time since last: 3000897061 ns, Reaching safepoint: 50683 ns, Cleanup: 17751 ns, At safepoint: 4430 ns, Total: 72864 ns
[2025-06-18T19:42:13.420+0000][77][info ][safepoint   ] Safepoint "Cleanup", Time since last: 20003343546 ns, Reaching safepoint: 76142 ns, Cleanup: 22311 ns, At safepoint: 6080 ns, Total: 104533 ns
[2025-06-18T19:42:26.508+0000][77][info ][safepoint   ] Safepoint "Cleanup", Time since last: 10001596988 ns, Reaching safepoint: 52733 ns, Cleanup: 19870 ns, At safepoint: 4589 ns, Total: 77192 ns
[2025-06-18T19:42:37.316+0000][77][info ][safepoint   ] Safepoint "Cleanup", Time since last: 10807605368 ns, Reaching safepoint: 20991 ns, Cleanup: 19750 ns, At safepoint: 3942 ns, Total: 44683 ns
[2025-06-18T19:42:46.437+0000][77][info ][safepoint   ] Safepoint "Cleanup", Time since last: 9120797673 ns, Reaching safepoint: 6663 ns, Cleanup: 20894 ns, At safepoint: 3311 ns, Total: 30868 ns
[2025-06-18T19:42:47.499+0000][77][info ][safepoint   ] Safepoint "Cleanup", Time since last: 1062300213 ns, Reaching safepoint: 20590 ns, Cleanup: 31425 ns, At safepoint: 4365 ns, Total: 56380 ns
[2025-06-18T19:42:56.581+0000][77][info ][safepoint   ] Safepoint "Cleanup", Time since last: 6001535675 ns, Reaching safepoint: 21671 ns, Cleanup: 21313 ns, At safepoint: 4470 ns, Total: 47454 ns
[2025-06-18T19:42:59.582+0000][77][info ][safepoint   ] Safepoint "Cleanup", Time since last: 3000878408 ns, Reaching safepoint: 19640 ns, Cleanup: 16750 ns, At safepoint: 4464 ns, Total: 40854 ns
[2025-06-18T19:43:09.584+0000][77][info ][safepoint   ] Safepoint "Cleanup", Time since last: 10001943818 ns, Reaching safepoint: 76606 ns, Cleanup: 26041 ns, At safepoint: 7048 ns, Total: 109695 ns
[2025-06-18T19:43:19.587+0000][77][info ][safepoint   ] Safepoint "Cleanup", Time since last: 10002422015 ns, Reaching safepoint: 66135 ns, Cleanup: 19754 ns, At safepoint: 7455 ns, Total: 93344 ns
[2025-06-18T19:43:32.577+0000][77][info ][safepoint   ] Safepoint "Cleanup", Time since last: 10001961277 ns, Reaching safepoint: 29747 ns, Cleanup: 19777 ns, At safepoint: 7713 ns, Total: 57237 ns
[2025-06-18T19:43:33.579+0000][77][info ][safepoint   ] Safepoint "Cleanup", Time since last: 1001114565 ns, Reaching safepoint: 28527 ns, Cleanup: 20209 ns, At safepoint: 7437 ns, Total: 56173 ns
[2025-06-18T19:43:43.411+0000][77][info ][safepoint   ] Safepoint "Cleanup", Time since last: 9832676504 ns, Reaching safepoint: 21076 ns, Cleanup: 15948 ns, At safepoint: 4418 ns, Total: 41442 ns
[2025-06-18T19:43:51.414+0000][77][info ][safepoint   ] Safepoint "Cleanup", Time since last: 8002566635 ns, Reaching safepoint: 20445 ns, Cleanup: 17397 ns, At safepoint: 4217 ns, Total: 42059 ns
[2025-06-18T19:43:53.418+0000][77][info ][safepoint   ] Safepoint "Cleanup", Time since last: 2004107249 ns, Reaching safepoint: 20120 ns, Cleanup: 13699 ns, At safepoint: 4010 ns, Total: 37829 ns
[2025-06-18T19:44:03.579+0000][77][info ][safepoint   ] Safepoint "Cleanup", Time since last: 7002303421 ns, Reaching safepoint: 23715 ns, Cleanup: 15971 ns, At safepoint: 5211 ns, Total: 44897 ns
[2025-06-18T19:44:05.667+0000][77][info ][safepoint   ] Safepoint "Cleanup", Time since last: 2087771136 ns, Reaching safepoint: 7789 ns, Cleanup: 38886 ns, At safepoint: 3831 ns, Total: 50506 ns
[2025-06-18T19:44:15.733+0000][77][info ][safepoint   ] Safepoint "Cleanup", Time since last: 10066230947 ns, Reaching safepoint: 58117 ns, Cleanup: 19124 ns, At safepoint: 4472 ns, Total: 81713 ns
[2025-06-18T19:44:25.735+0000][77][info ][safepoint   ] Safepoint "Cleanup", Time since last: 10001536624 ns, Reaching safepoint: 53085 ns, Cleanup: 25434 ns, At safepoint: 5086 ns, Total: 83605 ns
[2025-06-18T19:44:36.768+0000][77][info ][safepoint   ] Safepoint "Cleanup", Time since last: 8001773565 ns, Reaching safepoint: 35407 ns, Cleanup: 22034 ns, At safepoint: 4779 ns, Total: 62220 ns
[2025-06-18T19:44:38.769+0000][77][info ][safepoint   ] Safepoint "Cleanup", Time since last: 2001018000 ns, Reaching safepoint: 31914 ns, Cleanup: 33928 ns, At safepoint: 8606 ns, Total: 74448 ns
[2025-06-18T19:44:39.770+0000][77][info ][safepoint   ] Safepoint "Cleanup", Time since last: 1001045213 ns, Reaching safepoint: 29075 ns, Cleanup: 22254 ns, At safepoint: 7534 ns, Total: 58863 ns
[2025-06-18T19:44:49.626+0000][77][info ][safepoint   ] Safepoint "Cleanup", Time since last: 9856016661 ns, Reaching safepoint: 21488 ns, Cleanup: 19940 ns, At safepoint: 4463 ns, Total: 45891 ns
[2025-06-18T19:44:59.628+0000][77][info ][safepoint   ] Safepoint "Cleanup", Time since last: 10001503952 ns, Reaching safepoint: 36438 ns, Cleanup: 40857 ns, At safepoint: 8275 ns, Total: 85570 ns
[2025-06-18T19:45:09.685+0000][77][info ][safepoint   ] Safepoint "Cleanup", Time since last: 7001655683 ns, Reaching safepoint: 24339 ns, Cleanup: 14104 ns, At safepoint: 4359 ns, Total: 42802 ns
[2025-06-18T19:45:21.755+0000][77][info ][safepoint   ] Safepoint "Cleanup", Time since last: 12069702639 ns, Reaching safepoint: 10829 ns, Cleanup: 15573 ns, At safepoint: 3797 ns, Total: 30199 ns
[2025-06-18T19:45:22.819+0000][77][info ][safepoint   ] Safepoint "Cleanup", Time since last: 1063717906 ns, Reaching safepoint: 23330 ns, Cleanup: 37119 ns, At safepoint: 4576 ns, Total: 65025 ns
[2025-06-18T19:45:23.819+0000][77][info ][safepoint   ] Safepoint "Cleanup", Time since last: 1000721862 ns, Reaching safepoint: 27326 ns, Cleanup: 20126 ns, At safepoint: 4775 ns, Total: 52227 ns
[2025-06-18T19:45:31.821+0000][77][info ][safepoint   ] Safepoint "Cleanup", Time since last: 8001642431 ns, Reaching safepoint: 99506 ns, Cleanup: 44451 ns, At safepoint: 9223 ns, Total: 153180 ns
[2025-06-18T19:45:32.824+0000][77][info ][safepoint   ] Safepoint "Cleanup", Time since last: 1002201055 ns, Reaching safepoint: 22168 ns, Cleanup: 14524 ns, At safepoint: 4347 ns, Total: 41039 ns
[2025-06-18T19:45:44.879+0000][77][info ][safepoint   ] Safepoint "Cleanup", Time since last: 9002130662 ns, Reaching safepoint: 28419 ns, Cleanup: 25751 ns, At safepoint: 4451 ns, Total: 58621 ns
[2025-06-18T19:45:55.760+0000][77][info ][safepoint   ] Safepoint "Cleanup", Time since last: 10881370260 ns, Reaching safepoint: 27280 ns, Cleanup: 17942 ns, At safepoint: 7184 ns, Total: 52406 ns
[2025-06-18T19:46:05.762+0000][77][info ][safepoint   ] Safepoint "Cleanup", Time since last: 10001740162 ns, Reaching safepoint: 20057 ns, Cleanup: 19046 ns, At safepoint: 4332 ns, Total: 43435 ns
[2025-06-18T19:46:12.938+0000][77][info ][safepoint   ] Safepoint "Cleanup", Time since last: 4002037922 ns, Reaching safepoint: 31339 ns, Cleanup: 20210 ns, At safepoint: 7274 ns, Total: 58823 ns
[2025-06-18T19:46:15.939+0000][77][info ][safepoint   ] Safepoint "Cleanup", Time since last: 3001288576 ns, Reaching safepoint: 23266 ns, Cleanup: 16277 ns, At safepoint: 4500 ns, Total: 44043 ns
[2025-06-18T19:46:17.940+0000][77][info ][safepoint   ] Safepoint "Cleanup", Time since last: 2001342076 ns, Reaching safepoint: 18842 ns, Cleanup: 10048 ns, At safepoint: 24394 ns, Total: 53284 ns
[2025-06-18T19:46:28.942+0000][77][info ][safepoint   ] Safepoint "Cleanup", Time since last: 11002009302 ns, Reaching safepoint: 53386 ns, Cleanup: 13936 ns, At safepoint: 4940 ns, Total: 72262 ns
[2025-06-18T19:46:37.944+0000][77][info ][safepoint   ] Safepoint "Cleanup", Time since last: 9001438409 ns, Reaching safepoint: 18955 ns, Cleanup: 15160 ns, At safepoint: 4082 ns, Total: 38197 ns
[2025-06-18T19:46:39.046+0000][77][info ][safepoint   ] Safepoint "Cleanup", Time since last: 1101893782 ns, Reaching safepoint: 50892 ns, Cleanup: 24962 ns, At safepoint: 6349 ns, Total: 82203 ns
[2025-06-18T19:46:49.088+0000][77][info ][safepoint   ] Safepoint "Cleanup", Time since last: 7001506135 ns, Reaching safepoint: 24040 ns, Cleanup: 19639 ns, At safepoint: 4419 ns, Total: 48098 ns
[2025-06-18T19:46:51.089+0000][77][info ][safepoint   ] Safepoint "Cleanup", Time since last: 2001007192 ns, Reaching safepoint: 28610 ns, Cleanup: 19614 ns, At safepoint: 7169 ns, Total: 55393 ns
[2025-06-18T19:47:01.000+0000][77][info ][safepoint   ] Safepoint "Cleanup", Time since last: 9911319318 ns, Reaching safepoint: 21672 ns, Cleanup: 11009 ns, At safepoint: 23924 ns, Total: 56605 ns
[2025-06-18T19:47:02.001+0000][77][info ][safepoint   ] Safepoint "Cleanup", Time since last: 1001137693 ns, Reaching safepoint: 31473 ns, Cleanup: 21750 ns, At safepoint: 8465 ns, Total: 61688 ns
[2025-06-18T19:47:11.003+0000][77][info ][safepoint   ] Safepoint "Cleanup", Time since last: 9002141934 ns, Reaching safepoint: 18081 ns, Cleanup: 11342 ns, At safepoint: 24572 ns, Total: 53995 ns
[2025-06-18T19:47:13.005+0000][77][info ][safepoint   ] Safepoint "Cleanup", Time since last: 2001123470 ns, Reaching safepoint: 54324 ns, Cleanup: 15319 ns, At safepoint: 6228 ns, Total: 75871 ns
[2025-06-18T19:47:24.142+0000][77][info ][safepoint   ] Safepoint "Cleanup", Time since last: 8004399826 ns, Reaching safepoint: 27921 ns, Cleanup: 8900 ns, At safepoint: 3899 ns, Total: 40720 ns
[2025-06-18T19:47:57.338+0000][77][info ][safepoint   ] Safepoint "Cleanup", Time since last: 30003490797 ns, Reaching safepoint: 22304 ns, Cleanup: 14904 ns, At safepoint: 4354 ns, Total: 41562 ns
[2025-06-18T19:47:58.430+0000][77][info ][safepoint   ] Safepoint "Cleanup", Time since last: 1092016010 ns, Reaching safepoint: 23962 ns, Cleanup: 30981 ns, At safepoint: 5353 ns, Total: 60296 ns
[2025-06-18T19:48:07.351+0000][77][info ][safepoint   ] Safepoint "Cleanup", Time since last: 8920953330 ns, Reaching safepoint: 19674 ns, Cleanup: 23197 ns, At safepoint: 4342 ns, Total: 47213 ns
[2025-06-18T19:48:17.352+0000][77][info ][safepoint   ] Safepoint "Cleanup", Time since last: 10001529168 ns, Reaching safepoint: 22719 ns, Cleanup: 20394 ns, At safepoint: 4541 ns, Total: 47654 ns
[2025-06-18T19:48:28.534+0000][77][info ][safepoint   ] Safepoint "Cleanup", Time since last: 8001930228 ns, Reaching safepoint: 57213 ns, Cleanup: 15855 ns, At safepoint: 4619 ns, Total: 77687 ns
[2025-06-18T19:48:30.535+0000][77][info ][safepoint   ] Safepoint "Cleanup", Time since last: 2000615625 ns, Reaching safepoint: 21627 ns, Cleanup: 22629 ns, At safepoint: 4524 ns, Total: 48780 ns
[2025-06-18T19:48:40.536+0000][77][info ][safepoint   ] Safepoint "Cleanup", Time since last: 10001594251 ns, Reaching safepoint: 70408 ns, Cleanup: 20112 ns, At safepoint: 4862 ns, Total: 95382 ns
[2025-06-18T19:48:50.538+0000][77][info ][safepoint   ] Safepoint "Cleanup", Time since last: 10001357163 ns, Reaching safepoint: 21436 ns, Cleanup: 16747 ns, At safepoint: 4401 ns, Total: 42584 ns
[2025-06-18T19:49:01.745+0000][77][info ][safepoint   ] Safepoint "Cleanup", Time since last: 8001599624 ns, Reaching safepoint: 63476 ns, Cleanup: 24489 ns, At safepoint: 15362 ns, Total: 103327 ns
[2025-06-18T19:49:04.746+0000][77][info ][safepoint   ] Safepoint "Cleanup", Time since last: 3001034347 ns, Reaching safepoint: 28607 ns, Cleanup: 20107 ns, At safepoint: 6216 ns, Total: 54930 ns
[2025-06-18T19:49:13.736+0000][77][info ][safepoint   ] Safepoint "Cleanup", Time since last: 8989224275 ns, Reaching safepoint: 6920 ns, Cleanup: 9179 ns, At safepoint: 3586 ns, Total: 19685 ns
[2025-06-18T19:49:14.922+0000][77][info ][safepoint   ] Safepoint "Cleanup", Time since last: 1186629895 ns, Reaching safepoint: 20296 ns, Cleanup: 121036 ns, At safepoint: 5747 ns, Total: 147079 ns
[2025-06-18T19:49:23.924+0000][77][info ][safepoint   ] Safepoint "Cleanup", Time since last: 9001176424 ns, Reaching safepoint: 19710 ns, Cleanup: 21896 ns, At safepoint: 4577 ns, Total: 46183 ns
[2025-06-18T19:49:37.175+0000][77][info ][safepoint   ] Safepoint "Cleanup", Time since last: 10001863183 ns, Reaching safepoint: 28737 ns, Cleanup: 40516 ns, At safepoint: 6365 ns, Total: 75618 ns
[2025-06-18T19:49:47.176+0000][77][info ][safepoint   ] Safepoint "Cleanup", Time since last: 10001254833 ns, Reaching safepoint: 47958 ns, Cleanup: 32004 ns, At safepoint: 4659 ns, Total: 84621 ns
[2025-06-18T19:50:10.175+0000][77][info ][gc,start    ] GC(13) Pause Young (Normal) (G1 Evacuation Pause)
[2025-06-18T19:50:10.176+0000][77][info ][gc,task     ] GC(13) Using 23 workers of 23 for evacuation
[2025-06-18T19:50:10.177+0000][77][debug][gc,age      ] GC(13) Desired survivor size 65011712 bytes, new threshold 3 (max threshold 15)
[2025-06-18T19:50:10.257+0000][77][info ][gc,phases   ] GC(13)   Pre Evacuate Collection Set: 0.8ms
[2025-06-18T19:50:10.258+0000][77][info ][gc,phases   ] GC(13)   Merge Heap Roots: 0.5ms
[2025-06-18T19:50:10.259+0000][77][info ][gc,phases   ] GC(13)   Evacuate Collection Set: 74.2ms
[2025-06-18T19:50:10.259+0000][77][info ][gc,phases   ] GC(13)   Post Evacuate Collection Set: 4.2ms
[2025-06-18T19:50:10.259+0000][77][info ][gc,phases   ] GC(13)   Other: 1.4ms
[2025-06-18T19:50:10.260+0000][77][trace][gc,age      ] GC(13) Age table with threshold 3 (max threshold 15)
[2025-06-18T19:50:10.260+0000][77][trace][gc,age      ] GC(13) - age   1:   22254024 bytes,   22254024 total
[2025-06-18T19:50:10.260+0000][77][trace][gc,age      ] GC(13) - age   2:   37258904 bytes,   59512928 total
[2025-06-18T19:50:10.261+0000][77][trace][gc,age      ] GC(13) - age   3:   16889304 bytes,   76402232 total
[2025-06-18T19:50:10.261+0000][77][info ][gc,heap     ] GC(13) Eden regions: 219->0(269)
[2025-06-18T19:50:10.261+0000][77][info ][gc,heap     ] GC(13) Survivor regions: 28->22(31)
[2025-06-18T19:50:10.262+0000][77][info ][gc,heap     ] GC(13) Old regions: 3->15
[2025-06-18T19:50:10.262+0000][77][info ][gc,heap     ] GC(13) Humongous regions: 0->0
[2025-06-18T19:50:10.263+0000][77][info ][gc,metaspace] GC(13) Metaspace: 134110K(137600K)->134110K(137600K) NonClass: 116055K(117888K)->116055K(117888K) Class: 18055K(19712K)->18055K(19712K)
[2025-06-18T19:50:10.263+0000][77][info ][gc          ] GC(13) Pause Young (Normal) (G1 Evacuation Pause) 999M->145M(2048M) 87.677ms
[2025-06-18T19:50:10.264+0000][77][info ][gc,cpu      ] GC(13) User=0.44s Sys=0.00s Real=0.08s
[2025-06-18T19:50:10.264+0000][77][info ][safepoint   ] Safepoint "G1CollectForAllocation", Time since last: 19767476232 ns, Reaching safepoint: 91795 ns, Cleanup: 11362 ns, At safepoint: 88664695 ns, Total: 88767852 ns
[2025-06-18T19:50:16.265+0000][77][info ][safepoint   ] Safepoint "Cleanup", Time since last: 6000956571 ns, Reaching safepoint: 22585 ns, Cleanup: 13646 ns, At safepoint: 4479 ns, Total: 40710 ns
[2025-06-18T19:50:20.354+0000][77][info ][safepoint   ] Safepoint "Cleanup", Time since last: 4088813344 ns, Reaching safepoint: 67844 ns, Cleanup: 22158 ns, At safepoint: 4665 ns, Total: 94667 ns
[2025-06-18T19:50:30.213+0000][77][info ][safepoint   ] Safepoint "Cleanup", Time since last: 9859468243 ns, Reaching safepoint: 7393 ns, Cleanup: 10982 ns, At safepoint: 3409 ns, Total: 21784 ns
[2025-06-18T19:50:31.274+0000][77][info ][safepoint   ] Safepoint "Cleanup", Time since last: 1060523496 ns, Reaching safepoint: 56425 ns, Cleanup: 38576 ns, At safepoint: 9222 ns, Total: 104223 ns
[2025-06-18T20:19:29.635+0000][77][info ][safepoint   ] Safepoint "Cleanup", Time since last: 9001961560 ns, Reaching safepoint: 68371 ns, Cleanup: 15836 ns, At safepoint: 5500 ns, Total: 89707 ns
[2025-06-18T20:19:39.664+0000][77][info ][safepoint   ] Safepoint "Cleanup", Time since last: 10029719371 ns, Reaching safepoint: 58770 ns, Cleanup: 29842 ns, At safepoint: 5802 ns, Total: 94414 ns
[2025-06-18T20:19:53.524+0000][77][info ][safepoint   ] Safepoint "Cleanup", Time since last: 10097364266 ns, Reaching safepoint: 191049 ns, Cleanup: 16893 ns, At safepoint: 6739 ns, Total: 214681 ns
[2025-06-18T20:20:03.521+0000][77][info ][safepoint   ] Safepoint "Cleanup", Time since last: 10025742997 ns, Reaching safepoint: 22466 ns, Cleanup: 15119 ns, At safepoint: 4463 ns, Total: 42048 ns
[2025-06-18T20:20:13.520+0000][77][info ][safepoint   ] Safepoint "Cleanup", Time since last: 9999034239 ns, Reaching safepoint: 22760 ns, Cleanup: 17665 ns, At safepoint: 4855 ns, Total: 45280 ns
[2025-06-18T20:20:23.522+0000][77][info ][safepoint   ] Safepoint "Cleanup", Time since last: 10001917664 ns, Reaching safepoint: 25138 ns, Cleanup: 23031 ns, At safepoint: 4892 ns, Total: 53061 ns
[2025-06-18T20:20:33.657+0000][77][info ][safepoint   ] Safepoint "Cleanup", Time since last: 8001105749 ns, Reaching safepoint: 51908 ns, Cleanup: 13972 ns, At safepoint: 4614 ns, Total: 70494 ns
[2025-06-18T20:20:35.456+0000][77][info ][safepoint   ] Safepoint "Cleanup", Time since last: 1799534290 ns, Reaching safepoint: 7802 ns, Cleanup: 17796 ns, At safepoint: 22708 ns, Total: 48306 ns
[2025-06-18T20:20:36.513+0000][77][info ][safepoint   ] Safepoint "Cleanup", Time since last: 1056709117 ns, Reaching safepoint: 23906 ns, Cleanup: 22042 ns, At safepoint: 4961 ns, Total: 50909 ns
[2025-06-18T20:20:45.515+0000][77][info ][safepoint   ] Safepoint "Cleanup", Time since last: 9001550760 ns, Reaching safepoint: 23669 ns, Cleanup: 20175 ns, At safepoint: 4574 ns, Total: 48418 ns
[2025-06-18T20:20:55.516+0000][77][info ][safepoint   ] Safepoint "Cleanup", Time since last: 10001652325 ns, Reaching safepoint: 53081 ns, Cleanup: 33569 ns, At safepoint: 4681 ns, Total: 91331 ns
[2025-06-18T20:20:56.518+0000][77][info ][safepoint   ] Safepoint "Cleanup", Time since last: 1001036145 ns, Reaching safepoint: 34171 ns, Cleanup: 25414 ns, At safepoint: 8056 ns, Total: 67641 ns
[2025-06-18T20:21:07.716+0000][77][info ][safepoint   ] Safepoint "Cleanup", Time since last: 8001923631 ns, Reaching safepoint: 59616 ns, Cleanup: 16741 ns, At safepoint: 5491 ns, Total: 81848 ns
[2025-06-18T20:21:08.717+0000][77][info ][safepoint   ] Safepoint "Cleanup", Time since last: 1000794737 ns, Reaching safepoint: 21684 ns, Cleanup: 55836 ns, At safepoint: 5878 ns, Total: 83398 ns
[2025-06-18T20:21:19.875+0000][77][info ][safepoint   ] Safepoint "Cleanup", Time since last: 11158047154 ns, Reaching safepoint: 23468 ns, Cleanup: 14667 ns, At safepoint: 4772 ns, Total: 42907 ns
[2025-06-18T20:21:28.877+0000][77][info ][safepoint   ] Safepoint "Cleanup", Time since last: 9001956662 ns, Reaching safepoint: 24893 ns, Cleanup: 18669 ns, At safepoint: 4420 ns, Total: 47982 ns
[2025-06-18T20:21:41.186+0000][77][info ][safepoint   ] Safepoint "Cleanup", Time since last: 10002386752 ns, Reaching safepoint: 56406 ns, Cleanup: 45247 ns, At safepoint: 5626 ns, Total: 107279 ns
[2025-06-18T20:21:42.187+0000][77][info ][safepoint   ] Safepoint "Cleanup", Time since last: 1001143790 ns, Reaching safepoint: 34660 ns, Cleanup: 29143 ns, At safepoint: 8544 ns, Total: 72347 ns
[2025-06-18T20:21:50.971+0000][77][info ][safepoint   ] Safepoint "Cleanup", Time since last: 8783949210 ns, Reaching safepoint: 7832 ns, Cleanup: 14471 ns, At safepoint: 4086 ns, Total: 26389 ns
[2025-06-18T20:21:52.036+0000][77][info ][safepoint   ] Safepoint "Cleanup", Time since last: 1064553176 ns, Reaching safepoint: 26678 ns, Cleanup: 35515 ns, At safepoint: 5721 ns, Total: 67914 ns
[2025-06-18T20:22:01.050+0000][77][info ][safepoint   ] Safepoint "Cleanup", Time since last: 9013991830 ns, Reaching safepoint: 55398 ns, Cleanup: 20278 ns, At safepoint: 4754 ns, Total: 80430 ns
[2025-06-18T20:22:05.698+0000][77][info ][safepoint   ] Safepoint "Cleanup", Time since last: 5001351749 ns, Reaching safepoint: 22630 ns, Cleanup: 12952 ns, At safepoint: 4568 ns, Total: 40150 ns
[2025-06-18T20:22:12.056+0000][77][info ][safepoint   ] Safepoint "Cleanup", Time since last: 4002078008 ns, Reaching safepoint: 66626 ns, Cleanup: 18212 ns, At safepoint: 8579 ns, Total: 93417 ns
[2025-06-18T20:22:13.057+0000][77][info ][safepoint   ] Safepoint "Cleanup", Time since last: 1001023932 ns, Reaching safepoint: 22446 ns, Cleanup: 14322 ns, At safepoint: 4857 ns, Total: 41625 ns
[2025-06-18T20:22:24.236+0000][77][info ][safepoint   ] Safepoint "Cleanup", Time since last: 11179640034 ns, Reaching safepoint: 23109 ns, Cleanup: 14246 ns, At safepoint: 4354 ns, Total: 41709 ns
[2025-06-18T20:22:46.436+0000][77][info ][safepoint   ] Safepoint "Cleanup", Time since last: 19002344182 ns, Reaching safepoint: 64374 ns, Cleanup: 15416 ns, At safepoint: 6005 ns, Total: 85795 ns
[2025-06-18T20:23:06.161+0000][77][info ][safepoint   ] Safepoint "Cleanup", Time since last: 19724441343 ns, Reaching safepoint: 8069 ns, Cleanup: 10689 ns, At safepoint: 3531 ns, Total: 22289 ns
[2025-06-18T20:23:07.223+0000][77][info ][safepoint   ] Safepoint "Cleanup", Time since last: 1062104260 ns, Reaching safepoint: 22286 ns, Cleanup: 16492 ns, At safepoint: 5100 ns, Total: 43878 ns
[2025-06-18T20:23:29.433+0000][77][info ][safepoint   ] Safepoint "Cleanup", Time since last: 19235648086 ns, Reaching safepoint: 22361 ns, Cleanup: 22659 ns, At safepoint: 4424 ns, Total: 49444 ns
[2025-06-18T20:23:51.366+0000][77][info ][safepoint   ] Safepoint "Cleanup", Time since last: 19003138332 ns, Reaching safepoint: 24181 ns, Cleanup: 17190 ns, At safepoint: 4620 ns, Total: 45991 ns
[2025-06-18T20:24:25.042+0000][77][info ][safepoint   ] Safepoint "Cleanup", Time since last: 30766809782 ns, Reaching safepoint: 9801 ns, Cleanup: 22230 ns, At safepoint: 3899 ns, Total: 35930 ns
[2025-06-18T20:24:45.299+0000][77][info ][safepoint   ] Safepoint "Cleanup", Time since last: 20257230910 ns, Reaching safepoint: 30326 ns, Cleanup: 14944 ns, At safepoint: 4606 ns, Total: 49876 ns
[2025-06-18T20:24:46.301+0000][77][info ][safepoint   ] Safepoint "Cleanup", Time since last: 1001405493 ns, Reaching safepoint: 30959 ns, Cleanup: 21758 ns, At safepoint: 7746 ns, Total: 60463 ns
[2025-06-18T20:24:57.398+0000][77][info ][safepoint   ] Safepoint "Cleanup", Time since last: 8001800772 ns, Reaching safepoint: 27871 ns, Cleanup: 14724 ns, At safepoint: 5746 ns, Total: 48341 ns
[2025-06-18T20:24:58.399+0000][77][info ][safepoint   ] Safepoint "Cleanup", Time since last: 1000912417 ns, Reaching safepoint: 23272 ns, Cleanup: 15527 ns, At safepoint: 4637 ns, Total: 43436 ns
[2025-06-18T20:25:01.400+0000][77][info ][safepoint   ] Safepoint "Cleanup", Time since last: 3000979655 ns, Reaching safepoint: 79427 ns, Cleanup: 15463 ns, At safepoint: 7288 ns, Total: 102178 ns
[2025-06-18T20:25:08.401+0000][77][info ][safepoint   ] Safepoint "Cleanup", Time since last: 7001130214 ns, Reaching safepoint: 28406 ns, Cleanup: 20624 ns, At safepoint: 4957 ns, Total: 53987 ns
[2025-06-18T20:25:18.407+0000][77][info ][safepoint   ] Safepoint "Cleanup", Time since last: 10005944344 ns, Reaching safepoint: 60688 ns, Cleanup: 17797 ns, At safepoint: 4908 ns, Total: 83393 ns
[2025-06-18T20:25:19.408+0000][77][info ][safepoint   ] Safepoint "Cleanup", Time since last: 1001055340 ns, Reaching safepoint: 22574 ns, Cleanup: 17653 ns, At safepoint: 4599 ns, Total: 44826 ns
[2025-06-18T20:25:30.450+0000][77][info ][safepoint   ] Safepoint "Cleanup", Time since last: 8001588928 ns, Reaching safepoint: 26271 ns, Cleanup: 17465 ns, At safepoint: 4870 ns, Total: 48606 ns
[2025-06-18T20:25:31.451+0000][77][info ][safepoint   ] Safepoint "Cleanup", Time since last: 1000709856 ns, Reaching safepoint: 23999 ns, Cleanup: 17829 ns, At safepoint: 4912 ns, Total: 46740 ns
[2025-06-18T20:25:41.114+0000][77][info ][safepoint   ] Safepoint "Cleanup", Time since last: 9663152708 ns, Reaching safepoint: 7793 ns, Cleanup: 13907 ns, At safepoint: 21981 ns, Total: 43681 ns
[2025-06-18T20:25:42.174+0000][77][info ][safepoint   ] Safepoint "Cleanup", Time since last: 1059971553 ns, Reaching safepoint: 61125 ns, Cleanup: 25404 ns, At safepoint: 9748 ns, Total: 96277 ns
[2025-06-18T20:25:52.176+0000][77][info ][safepoint   ] Safepoint "Cleanup", Time since last: 10001749942 ns, Reaching safepoint: 22569 ns, Cleanup: 14118 ns, At safepoint: 4688 ns, Total: 41375 ns
[2025-06-18T20:25:54.177+0000][77][info ][safepoint   ] Safepoint "Cleanup", Time since last: 2000892509 ns, Reaching safepoint: 24405 ns, Cleanup: 15833 ns, At safepoint: 4734 ns, Total: 44972 ns
[2025-06-18T20:26:03.247+0000][77][info ][safepoint   ] Safepoint "Cleanup", Time since last: 6001438146 ns, Reaching safepoint: 23898 ns, Cleanup: 19143 ns, At safepoint: 4763 ns, Total: 47804 ns
[2025-06-18T20:26:04.248+0000][77][info ][safepoint   ] Safepoint "Cleanup", Time since last: 1000729105 ns, Reaching safepoint: 26377 ns, Cleanup: 20514 ns, At safepoint: 4802 ns, Total: 51693 ns
[2025-06-18T20:26:24.251+0000][77][info ][safepoint   ] Safepoint "Cleanup", Time since last: 20003206694 ns, Reaching safepoint: 62318 ns, Cleanup: 22004 ns, At safepoint: 4869 ns, Total: 89191 ns
[2025-06-18T20:26:25.252+0000][77][info ][safepoint   ] Safepoint "Cleanup", Time since last: 1000897059 ns, Reaching safepoint: 26052 ns, Cleanup: 15181 ns, At safepoint: 4900 ns, Total: 46133 ns
[2025-06-18T20:26:47.705+0000][77][info ][safepoint   ] Safepoint "Cleanup", Time since last: 19298310933 ns, Reaching safepoint: 28393 ns, Cleanup: 18056 ns, At safepoint: 6309 ns, Total: 52758 ns
[2025-06-18T20:26:50.707+0000][77][info ][safepoint   ] Safepoint "Cleanup", Time since last: 3001266020 ns, Reaching safepoint: 24770 ns, Cleanup: 14948 ns, At safepoint: 4406 ns, Total: 44124 ns
[2025-06-18T20:26:55.708+0000][77][info ][safepoint   ] Safepoint "Cleanup", Time since last: 5001218146 ns, Reaching safepoint: 23897 ns, Cleanup: 13053 ns, At safepoint: 4644 ns, Total: 41594 ns
[2025-06-18T20:26:57.341+0000][77][info ][safepoint   ] Safepoint "Cleanup", Time since last: 1632552133 ns, Reaching safepoint: 8003 ns, Cleanup: 29648 ns, At safepoint: 21504 ns, Total: 59155 ns
[2025-06-18T20:26:58.405+0000][77][info ][safepoint   ] Safepoint "Cleanup", Time since last: 1063815571 ns, Reaching safepoint: 22160 ns, Cleanup: 17395 ns, At safepoint: 4879 ns, Total: 44434 ns
[2025-06-18T20:27:09.490+0000][77][info ][safepoint   ] Safepoint "Cleanup", Time since last: 8002064215 ns, Reaching safepoint: 23268 ns, Cleanup: 13324 ns, At safepoint: 4757 ns, Total: 41349 ns
[2025-06-18T20:27:10.492+0000][77][info ][safepoint   ] Safepoint "Cleanup", Time since last: 1001222513 ns, Reaching safepoint: 33985 ns, Cleanup: 21124 ns, At safepoint: 8430 ns, Total: 63539 ns
[2025-06-18T20:27:20.494+0000][77][info ][safepoint   ] Safepoint "Cleanup", Time since last: 10001948066 ns, Reaching safepoint: 61356 ns, Cleanup: 17859 ns, At safepoint: 4846 ns, Total: 84061 ns
[2025-06-18T20:27:30.495+0000][77][info ][safepoint   ] Safepoint "Cleanup", Time since last: 10001529514 ns, Reaching safepoint: 21972 ns, Cleanup: 19923 ns, At safepoint: 4726 ns, Total: 46621 ns
[2025-06-18T20:27:42.768+0000][77][info ][safepoint   ] Safepoint "Cleanup", Time since last: 9003681379 ns, Reaching safepoint: 58019 ns, Cleanup: 17245 ns, At safepoint: 5258 ns, Total: 80522 ns
[2025-06-18T20:27:54.084+0000][77][info ][safepoint   ] Safepoint "Cleanup", Time since last: 11315429116 ns, Reaching safepoint: 26821 ns, Cleanup: 17409 ns, At safepoint: 4649 ns, Total: 48879 ns
[2025-06-18T20:28:04.086+0000][77][info ][safepoint   ] Safepoint "Cleanup", Time since last: 10001930699 ns, Reaching safepoint: 23916 ns, Cleanup: 14516 ns, At safepoint: 4688 ns, Total: 43120 ns
[2025-06-18T20:28:14.129+0000][77][info ][safepoint   ] Safepoint "Cleanup", Time since last: 7001768881 ns, Reaching safepoint: 83491 ns, Cleanup: 25108 ns, At safepoint: 8548 ns, Total: 117147 ns
[2025-06-18T20:28:16.736+0000][77][info ][safepoint   ] Safepoint "Cleanup", Time since last: 2607240667 ns, Reaching safepoint: 7740 ns, Cleanup: 14121 ns, At safepoint: 3685 ns, Total: 25546 ns
[2025-06-18T20:28:17.822+0000][77][info ][safepoint   ] Safepoint "Cleanup", Time since last: 1085653372 ns, Reaching safepoint: 28837 ns, Cleanup: 37372 ns, At safepoint: 6762 ns, Total: 72971 ns
[2025-06-18T20:28:26.823+0000][77][info ][safepoint   ] Safepoint "Cleanup", Time since last: 9001547833 ns, Reaching safepoint: 67601 ns, Cleanup: 13789 ns, At safepoint: 4730 ns, Total: 86120 ns
[2025-06-18T20:28:36.825+0000][77][info ][safepoint   ] Safepoint "Cleanup", Time since last: 10001662313 ns, Reaching safepoint: 22701 ns, Cleanup: 17398 ns, At safepoint: 4737 ns, Total: 44836 ns
[2025-06-18T20:28:50.051+0000][77][info ][safepoint   ] Safepoint "Cleanup", Time since last: 10001640629 ns, Reaching safepoint: 54731 ns, Cleanup: 14794 ns, At safepoint: 4631 ns, Total: 74156 ns
[2025-06-18T20:29:00.373+0000][77][info ][safepoint   ] Safepoint "Cleanup", Time since last: 10322390705 ns, Reaching safepoint: 24465 ns, Cleanup: 15333 ns, At safepoint: 5081 ns, Total: 44879 ns
[2025-06-18T20:29:23.470+0000][77][info ][safepoint   ] Safepoint "Cleanup", Time since last: 20002760895 ns, Reaching safepoint: 48406 ns, Cleanup: 13915 ns, At safepoint: 4735 ns, Total: 67056 ns
[2025-06-18T20:29:33.060+0000][77][info ][safepoint   ] Safepoint "Cleanup", Time since last: 9590774206 ns, Reaching safepoint: 7886 ns, Cleanup: 11932 ns, At safepoint: 3933 ns, Total: 23751 ns
[2025-06-18T20:29:34.134+0000][77][info ][safepoint   ] Safepoint "Cleanup", Time since last: 1073078723 ns, Reaching safepoint: 22434 ns, Cleanup: 31169 ns, At safepoint: 4804 ns, Total: 58407 ns
[2025-06-18T20:29:43.135+0000][77][info ][safepoint   ] Safepoint "Cleanup", Time since last: 9001588396 ns, Reaching safepoint: 25699 ns, Cleanup: 44419 ns, At safepoint: 5667 ns, Total: 75785 ns
[2025-06-18T20:29:44.136+0000][77][info ][safepoint   ] Safepoint "Cleanup", Time since last: 1000725100 ns, Reaching safepoint: 24223 ns, Cleanup: 13058 ns, At safepoint: 4978 ns, Total: 42259 ns
[2025-06-18T20:29:56.429+0000][77][info ][safepoint   ] Safepoint "Cleanup", Time since last: 9080448330 ns, Reaching safepoint: 23859 ns, Cleanup: 26846 ns, At safepoint: 4808 ns, Total: 55513 ns
[2025-06-18T20:30:06.704+0000][77][info ][safepoint   ] Safepoint "Cleanup", Time since last: 10274819187 ns, Reaching safepoint: 60697 ns, Cleanup: 25238 ns, At safepoint: 5157 ns, Total: 91092 ns
[2025-06-18T20:30:16.706+0000][77][info ][safepoint   ] Safepoint "Cleanup", Time since last: 10002318423 ns, Reaching safepoint: 41038 ns, Cleanup: 21364 ns, At safepoint: 8080 ns, Total: 70482 ns
[2025-06-18T20:30:28.770+0000][77][info ][safepoint   ] Safepoint "Cleanup", Time since last: 9001828978 ns, Reaching safepoint: 121401 ns, Cleanup: 18142 ns, At safepoint: 5540 ns, Total: 145083 ns
[2025-06-18T20:30:29.770+0000][77][info ][safepoint   ] Safepoint "Cleanup", Time since last: 1000709566 ns, Reaching safepoint: 23052 ns, Cleanup: 15402 ns, At safepoint: 4743 ns, Total: 43197 ns
[2025-06-18T20:30:39.773+0000][77][info ][safepoint   ] Safepoint "Cleanup", Time since last: 10002077937 ns, Reaching safepoint: 66535 ns, Cleanup: 21469 ns, At safepoint: 5694 ns, Total: 93698 ns
[2025-06-18T20:30:49.332+0000][77][info ][safepoint   ] Safepoint "Cleanup", Time since last: 9559715437 ns, Reaching safepoint: 10670 ns, Cleanup: 9058 ns, At safepoint: 3872 ns, Total: 23600 ns
[2025-06-18T20:30:50.520+0000][77][info ][safepoint   ] Safepoint "Cleanup", Time since last: 1187621603 ns, Reaching safepoint: 24791 ns, Cleanup: 59797 ns, At safepoint: 5066 ns, Total: 89654 ns
[2025-06-18T20:31:35.178+0000][77][info ][safepoint   ] Safepoint "Cleanup", Time since last: 38272569138 ns, Reaching safepoint: 173145 ns, Cleanup: 41167 ns, At safepoint: 20766 ns, Total: 235078 ns
[2025-06-18T20:31:46.180+0000][77][info ][safepoint   ] Safepoint "Cleanup", Time since last: 11002211156 ns, Reaching safepoint: 23404 ns, Cleanup: 17258 ns, At safepoint: 4647 ns, Total: 45309 ns
[2025-06-18T20:31:56.182+0000][77][info ][safepoint   ] Safepoint "Cleanup", Time since last: 10001725115 ns, Reaching safepoint: 109238 ns, Cleanup: 14872 ns, At safepoint: 5904 ns, Total: 130014 ns
[2025-06-18T20:32:08.526+0000][77][info ][safepoint   ] Safepoint "Cleanup", Time since last: 9001633791 ns, Reaching safepoint: 57312 ns, Cleanup: 46969 ns, At safepoint: 5724 ns, Total: 110005 ns
[2025-06-18T20:32:10.126+0000][77][info ][safepoint   ] Safepoint "Cleanup", Time since last: 1599479592 ns, Reaching safepoint: 23282 ns, Cleanup: 18174 ns, At safepoint: 4995 ns, Total: 46451 ns
[2025-06-18T20:32:19.543+0000][77][info ][safepoint   ] Safepoint "Cleanup", Time since last: 9416545965 ns, Reaching safepoint: 24370 ns, Cleanup: 17009 ns, At safepoint: 4817 ns, Total: 46196 ns
[2025-06-18T20:32:29.029+0000][77][info ][gc,start    ] GC(14) Pause Young (Concurrent Start) (CodeCache GC Threshold)
[2025-06-18T20:32:29.029+0000][77][info ][gc,task     ] GC(14) Using 23 workers of 23 for evacuation
[2025-06-18T20:32:29.030+0000][77][debug][gc,age      ] GC(14) Desired survivor size 77594624 bytes, new threshold 15 (max threshold 15)
[2025-06-18T20:32:29.119+0000][77][info ][gc,phases   ] GC(14)   Pre Evacuate Collection Set: 1.2ms
[2025-06-18T20:32:29.120+0000][77][info ][gc,phases   ] GC(14)   Merge Heap Roots: 0.4ms
[2025-06-18T20:32:29.120+0000][77][info ][gc,phases   ] GC(14)   Evacuate Collection Set: 82.9ms
[2025-06-18T20:32:29.120+0000][77][info ][gc,phases   ] GC(14)   Post Evacuate Collection Set: 4.2ms
[2025-06-18T20:32:29.121+0000][77][info ][gc,phases   ] GC(14)   Other: 1.3ms
[2025-06-18T20:32:29.121+0000][77][trace][gc,age      ] GC(14) Age table with threshold 15 (max threshold 15)
[2025-06-18T20:32:29.122+0000][77][trace][gc,age      ] GC(14) - age   1:    3461920 bytes,    3461920 total
[2025-06-18T20:32:29.122+0000][77][trace][gc,age      ] GC(14) - age   2:   16227920 bytes,   19689840 total
[2025-06-18T20:32:29.122+0000][77][trace][gc,age      ] GC(14) - age   3:   37021288 bytes,   56711128 total
[2025-06-18T20:32:29.123+0000][77][trace][gc,age      ] GC(14) - age   4:   16889304 bytes,   73600432 total
[2025-06-18T20:32:29.123+0000][77][info ][gc,heap     ] GC(14) Eden regions: 237->0(285)
[2025-06-18T20:32:29.123+0000][77][info ][gc,heap     ] GC(14) Survivor regions: 22->22(37)
[2025-06-18T20:32:29.124+0000][77][info ][gc,heap     ] GC(14) Old regions: 15->15
[2025-06-18T20:32:29.124+0000][77][info ][gc,heap     ] GC(14) Humongous regions: 0->0
[2025-06-18T20:32:29.124+0000][77][info ][gc,metaspace] GC(14) Metaspace: 134747K(138240K)->134747K(138240K) NonClass: 116686K(118528K)->116686K(118528K) Class: 18061K(19712K)->18061K(19712K)
[2025-06-18T20:32:29.125+0000][77][info ][gc          ] GC(14) Pause Young (Concurrent Start) (CodeCache GC Threshold) 1092M->143M(2048M) 96.229ms
[2025-06-18T20:32:29.125+0000][77][info ][gc,cpu      ] GC(14) User=0.56s Sys=0.00s Real=0.09s
[2025-06-18T20:32:29.125+0000][77][info ][gc          ] GC(15) Concurrent Mark Cycle
[2025-06-18T20:32:29.126+0000][77][info ][gc,marking  ] GC(15) Concurrent Scan Root Regions
[2025-06-18T20:32:29.126+0000][77][info ][safepoint   ] Safepoint "G1TryInitiateConcMark", Time since last: 9485801841 ns, Reaching safepoint: 125181 ns, Cleanup: 28826 ns, At safepoint: 97349013 ns, Total: 97503020 ns
[2025-06-18T20:32:29.133+0000][77][info ][gc,marking  ] GC(15) Concurrent Scan Root Regions 6.721ms
[2025-06-18T20:32:29.133+0000][77][info ][gc,marking  ] GC(15) Concurrent Mark
[2025-06-18T20:32:29.134+0000][77][info ][gc,marking  ] GC(15) Concurrent Mark From Roots
[2025-06-18T20:32:29.134+0000][77][info ][gc,task     ] GC(15) Using 6 workers of 6 for marking
[2025-06-18T20:32:29.155+0000][77][info ][gc,marking  ] GC(15) Concurrent Mark From Roots 21.476ms
[2025-06-18T20:32:29.156+0000][77][info ][gc,marking  ] GC(15) Concurrent Preclean
[2025-06-18T20:32:29.157+0000][77][info ][gc,marking  ] GC(15) Concurrent Preclean 1.009ms
[2025-06-18T20:32:29.158+0000][77][info ][gc,start    ] GC(15) Pause Remark
[2025-06-18T20:32:29.187+0000][77][info ][gc          ] GC(15) Pause Remark 155M->155M(2048M) 29.889ms
[2025-06-18T20:32:29.188+0000][77][info ][gc,cpu      ] GC(15) User=0.43s Sys=0.00s Real=0.03s
[2025-06-18T20:32:29.189+0000][77][info ][safepoint   ] Safepoint "G1PauseRemark", Time since last: 31571344 ns, Reaching safepoint: 64170 ns, Cleanup: 5475 ns, At safepoint: 31223569 ns, Total: 31293214 ns
[2025-06-18T20:32:29.189+0000][77][info ][gc,marking  ] GC(15) Concurrent Mark 55.742ms
[2025-06-18T20:32:29.190+0000][77][info ][gc,marking  ] GC(15) Concurrent Rebuild Remembered Sets and Scrub Regions
[2025-06-18T20:32:29.197+0000][77][info ][gc,marking  ] GC(15) Concurrent Rebuild Remembered Sets and Scrub Regions 7.059ms
[2025-06-18T20:32:29.197+0000][77][info ][gc,start    ] GC(15) Pause Cleanup
[2025-06-18T20:32:29.198+0000][77][info ][gc          ] GC(15) Pause Cleanup 155M->155M(2048M) 1.007ms
[2025-06-18T20:32:29.199+0000][77][info ][gc,cpu      ] GC(15) User=0.00s Sys=0.00s Real=0.01s
[2025-06-18T20:32:29.199+0000][77][info ][safepoint   ] Safepoint "G1PauseCleanup", Time since last: 8606534 ns, Reaching safepoint: 25054 ns, Cleanup: 11781 ns, At safepoint: 1882724 ns, Total: 1919559 ns
[2025-06-18T20:32:29.200+0000][77][info ][gc,marking  ] GC(15) Concurrent Clear Claimed Marks
[2025-06-18T20:32:29.200+0000][77][info ][gc,marking  ] GC(15) Concurrent Clear Claimed Marks 0.622ms
[2025-06-18T20:32:29.201+0000][77][info ][gc,marking  ] GC(15) Concurrent Cleanup for Next Mark
[2025-06-18T20:32:29.206+0000][77][info ][gc,marking  ] GC(15) Concurrent Cleanup for Next Mark 4.897ms
[2025-06-18T20:32:29.206+0000][77][info ][gc          ] GC(15) Concurrent Mark Cycle 80.752ms
[2025-06-18T20:32:30.200+0000][77][info ][safepoint   ] Safepoint "Cleanup", Time since last: 1000503311 ns, Reaching safepoint: 28779 ns, Cleanup: 16366 ns, At safepoint: 8020 ns, Total: 53165 ns
[2025-06-18T20:32:42.424+0000][77][info ][safepoint   ] Safepoint "Cleanup", Time since last: 9002857379 ns, Reaching safepoint: 99125 ns, Cleanup: 39263 ns, At safepoint: 5778 ns, Total: 144166 ns
[2025-06-18T20:32:52.427+0000][77][info ][safepoint   ] Safepoint "Cleanup", Time since last: 10002728974 ns, Reaching safepoint: 23000 ns, Cleanup: 16676 ns, At safepoint: 4887 ns, Total: 44563 ns
[2025-06-18T20:32:53.428+0000][77][info ][safepoint   ] Safepoint "Cleanup", Time since last: 1000814535 ns, Reaching safepoint: 22837 ns, Cleanup: 17507 ns, At safepoint: 4933 ns, Total: 45277 ns
[2025-06-18T20:33:02.430+0000][77][info ][safepoint   ] Safepoint "Cleanup", Time since last: 9001617807 ns, Reaching safepoint: 53262 ns, Cleanup: 16861 ns, At safepoint: 4816 ns, Total: 74939 ns
[2025-06-18T20:33:25.572+0000][77][info ][safepoint   ] Safepoint "Cleanup", Time since last: 19917308575 ns, Reaching safepoint: 8776 ns, Cleanup: 8641 ns, At safepoint: 3717 ns, Total: 21134 ns
[2025-06-18T20:33:35.574+0000][77][info ][safepoint   ] Safepoint "Cleanup", Time since last: 10001623609 ns, Reaching safepoint: 23002 ns, Cleanup: 17307 ns, At safepoint: 4631 ns, Total: 44940 ns
[2025-06-18T20:33:48.695+0000][77][info ][safepoint   ] Safepoint "Cleanup", Time since last: 10001908986 ns, Reaching safepoint: 119131 ns, Cleanup: 20208 ns, At safepoint: 5045 ns, Total: 144384 ns
[2025-06-18T20:33:58.697+0000][77][info ][safepoint   ] Safepoint "Cleanup", Time since last: 10001823598 ns, Reaching safepoint: 121026 ns, Cleanup: 18703 ns, At safepoint: 6016 ns, Total: 145745 ns
[2025-06-18T20:34:08.699+0000][77][info ][safepoint   ] Safepoint "Cleanup", Time since last: 10001909142 ns, Reaching safepoint: 133270 ns, Cleanup: 18010 ns, At safepoint: 5512 ns, Total: 156792 ns
[2025-06-18T20:34:32.489+0000][77][info ][safepoint   ] Safepoint "Cleanup", Time since last: 20458607166 ns, Reaching safepoint: 24055 ns, Cleanup: 13997 ns, At safepoint: 4453 ns, Total: 42505 ns
[2025-06-18T20:34:41.952+0000][77][info ][safepoint   ] Safepoint "Cleanup", Time since last: 9463054666 ns, Reaching safepoint: 7469 ns, Cleanup: 17225 ns, At safepoint: 21444 ns, Total: 46138 ns
[2025-06-18T20:34:43.000+0000][77][info ][safepoint   ] Safepoint "Cleanup", Time since last: 1047896465 ns, Reaching safepoint: 29462 ns, Cleanup: 17974 ns, At safepoint: 6948 ns, Total: 54384 ns
[2025-06-18T20:35:05.353+0000][77][info ][safepoint   ] Safepoint "Cleanup", Time since last: 19002447360 ns, Reaching safepoint: 59959 ns, Cleanup: 16654 ns, At safepoint: 4852 ns, Total: 81465 ns
[2025-06-18T20:35:15.354+0000][77][info ][safepoint   ] Safepoint "Cleanup", Time since last: 10001568387 ns, Reaching safepoint: 52301 ns, Cleanup: 19839 ns, At safepoint: 5260 ns, Total: 77400 ns
[2025-06-18T20:35:39.078+0000][77][info ][safepoint   ] Safepoint "Cleanup", Time since last: 20507299337 ns, Reaching safepoint: 23522 ns, Cleanup: 25370 ns, At safepoint: 4775 ns, Total: 53667 ns
[2025-06-18T20:36:01.714+0000][77][info ][safepoint   ] Safepoint "Cleanup", Time since last: 19445087311 ns, Reaching safepoint: 11839 ns, Cleanup: 15748 ns, At safepoint: 22055 ns, Total: 49642 ns
[2025-06-18T20:36:02.774+0000][77][info ][safepoint   ] Safepoint "Cleanup", Time since last: 1059664453 ns, Reaching safepoint: 23967 ns, Cleanup: 13950 ns, At safepoint: 4849 ns, Total: 42766 ns
[2025-06-18T20:36:35.087+0000][77][info ][safepoint   ] Safepoint "Cleanup", Time since last: 29003203183 ns, Reaching safepoint: 80686 ns, Cleanup: 14635 ns, At safepoint: 5999 ns, Total: 101320 ns
[2025-06-18T20:36:45.604+0000][77][info ][safepoint   ] Safepoint "Cleanup", Time since last: 10516807519 ns, Reaching safepoint: 27531 ns, Cleanup: 17165 ns, At safepoint: 5629 ns, Total: 50325 ns
[2025-06-18T20:36:55.611+0000][77][info ][safepoint   ] Safepoint "Cleanup", Time since last: 10006880354 ns, Reaching safepoint: 26966 ns, Cleanup: 12690 ns, At safepoint: 4764 ns, Total: 44420 ns
[2025-06-18T20:37:08.884+0000][77][info ][safepoint   ] Safepoint "Cleanup", Time since last: 10001561105 ns, Reaching safepoint: 28335 ns, Cleanup: 19016 ns, At safepoint: 5091 ns, Total: 52442 ns
[2025-06-18T20:37:18.298+0000][77][info ][safepoint   ] Safepoint "Cleanup", Time since last: 9413443909 ns, Reaching safepoint: 8356 ns, Cleanup: 12814 ns, At safepoint: 7501 ns, Total: 28671 ns
[2025-06-18T20:37:19.363+0000][77][info ][safepoint   ] Safepoint "Cleanup", Time since last: 1064942713 ns, Reaching safepoint: 31433 ns, Cleanup: 23804 ns, At safepoint: 8889 ns, Total: 64126 ns
[2025-06-18T20:37:28.365+0000][77][info ][safepoint   ] Safepoint "Cleanup", Time since last: 9001662253 ns, Reaching safepoint: 80998 ns, Cleanup: 18000 ns, At safepoint: 5577 ns, Total: 104575 ns
[2025-06-18T20:37:52.092+0000][77][info ][safepoint   ] Safepoint "Cleanup", Time since last: 20536994675 ns, Reaching safepoint: 24312 ns, Cleanup: 15095 ns, At safepoint: 4804 ns, Total: 44211 ns
[2025-06-18T20:38:02.094+0000][77][info ][safepoint   ] Safepoint "Cleanup", Time since last: 10001817722 ns, Reaching safepoint: 55482 ns, Cleanup: 12987 ns, At safepoint: 5156 ns, Total: 73625 ns
[2025-06-18T20:38:15.311+0000][77][info ][safepoint   ] Safepoint "Cleanup", Time since last: 10001743439 ns, Reaching safepoint: 457906 ns, Cleanup: 17937 ns, At safepoint: 10187 ns, Total: 486030 ns
[2025-06-18T20:38:34.708+0000][77][info ][safepoint   ] Safepoint "Cleanup", Time since last: 19397329243 ns, Reaching safepoint: 8833 ns, Cleanup: 10076 ns, At safepoint: 4070 ns, Total: 22979 ns
[2025-06-18T20:38:35.773+0000][77][info ][safepoint   ] Safepoint "Cleanup", Time since last: 1064778453 ns, Reaching safepoint: 23248 ns, Cleanup: 28081 ns, At safepoint: 5175 ns, Total: 56504 ns
[2025-06-18T20:38:48.110+0000][77][info ][safepoint   ] Safepoint "Cleanup", Time since last: 9001340667 ns, Reaching safepoint: 23971 ns, Cleanup: 13547 ns, At safepoint: 4864 ns, Total: 42382 ns
[2025-06-18T20:38:58.667+0000][77][info ][safepoint   ] Safepoint "Cleanup", Time since last: 10556606754 ns, Reaching safepoint: 23778 ns, Cleanup: 15229 ns, At safepoint: 4730 ns, Total: 43737 ns
[2025-06-18T20:39:22.005+0000][77][info ][safepoint   ] Safepoint "Cleanup", Time since last: 20003026940 ns, Reaching safepoint: 109500 ns, Cleanup: 43487 ns, At safepoint: 6151 ns, Total: 159138 ns
[2025-06-18T20:39:54.781+0000][77][info ][safepoint   ] Safepoint "Cleanup", Time since last: 29444288718 ns, Reaching safepoint: 105766 ns, Cleanup: 13929 ns, At safepoint: 64678 ns, Total: 184373 ns
[2025-06-18T20:39:55.782+0000][77][info ][safepoint   ] Safepoint "Cleanup", Time since last: 1000801793 ns, Reaching safepoint: 27057 ns, Cleanup: 18489 ns, At safepoint: 5142 ns, Total: 50688 ns
[2025-06-18T20:40:15.360+0000][77][info ][safepoint   ] Safepoint "Cleanup", Time since last: 19577798453 ns, Reaching safepoint: 26516 ns, Cleanup: 15102 ns, At safepoint: 4928 ns, Total: 46546 ns
[2025-06-18T20:40:28.581+0000][77][info ][safepoint   ] Safepoint "Cleanup", Time since last: 10001978966 ns, Reaching safepoint: 56224 ns, Cleanup: 15121 ns, At safepoint: 5242 ns, Total: 76587 ns
[2025-06-18T20:40:38.583+0000][77][info ][safepoint   ] Safepoint "Cleanup", Time since last: 10001539029 ns, Reaching safepoint: 54683 ns, Cleanup: 14166 ns, At safepoint: 5219 ns, Total: 74068 ns
[2025-06-18T20:41:01.939+0000][77][info ][safepoint   ] Safepoint "Cleanup", Time since last: 20003342363 ns, Reaching safepoint: 132375 ns, Cleanup: 16919 ns, At safepoint: 5402 ns, Total: 154696 ns
[2025-06-18T20:41:21.348+0000][77][info ][safepoint   ] Safepoint "Cleanup", Time since last: 19408690054 ns, Reaching safepoint: 34078 ns, Cleanup: 15216 ns, At safepoint: 5141 ns, Total: 54435 ns
[2025-06-18T20:41:35.679+0000][77][info ][safepoint   ] Safepoint "Cleanup", Time since last: 11001711816 ns, Reaching safepoint: 76743 ns, Cleanup: 23881 ns, At safepoint: 5901 ns, Total: 106525 ns
[2025-06-18T20:42:27.947+0000][77][info ][safepoint   ] Safepoint "Cleanup", Time since last: 48939058212 ns, Reaching safepoint: 12375 ns, Cleanup: 10529 ns, At safepoint: 4029 ns, Total: 26933 ns
[2025-06-18T20:42:29.132+0000][77][info ][safepoint   ] Safepoint "Cleanup", Time since last: 1184618066 ns, Reaching safepoint: 24978 ns, Cleanup: 67001 ns, At safepoint: 5698 ns, Total: 97677 ns
[2025-06-18T20:42:49.380+0000][77][info ][safepoint   ] Safepoint "Cleanup", Time since last: 17002554782 ns, Reaching safepoint: 80646 ns, Cleanup: 17415 ns, At safepoint: 5533 ns, Total: 103594 ns
[2025-06-18T20:42:51.381+0000][77][info ][safepoint   ] Safepoint "Cleanup", Time since last: 2000953040 ns, Reaching safepoint: 62375 ns, Cleanup: 17564 ns, At safepoint: 7230 ns, Total: 87169 ns
[2025-06-18T20:43:01.383+0000][77][info ][safepoint   ] Safepoint "Cleanup", Time since last: 10002159161 ns, Reaching safepoint: 27296 ns, Cleanup: 15393 ns, At safepoint: 5062 ns, Total: 47751 ns
[2025-06-18T20:43:25.246+0000][77][info ][safepoint   ] Safepoint "Cleanup", Time since last: 20525534141 ns, Reaching safepoint: 2108160 ns, Cleanup: 19854 ns, At safepoint: 28445 ns, Total: 2156459 ns
[2025-06-18T20:43:35.247+0000][77][info ][safepoint   ] Safepoint "Cleanup", Time since last: 10001526779 ns, Reaching safepoint: 42021 ns, Cleanup: 13858 ns, At safepoint: 5097 ns, Total: 60976 ns
[2025-06-18T20:43:47.815+0000][77][info ][safepoint   ] Safepoint "Cleanup", Time since last: 9281711750 ns, Reaching safepoint: 8505 ns, Cleanup: 7273 ns, At safepoint: 3946 ns, Total: 19724 ns
[2025-06-18T20:43:48.876+0000][77][info ][safepoint   ] Safepoint "Cleanup", Time since last: 1060518203 ns, Reaching safepoint: 24874 ns, Cleanup: 24378 ns, At safepoint: 5660 ns, Total: 54912 ns
[2025-06-18T20:43:57.877+0000][77][info ][safepoint   ] Safepoint "Cleanup", Time since last: 9001364785 ns, Reaching safepoint: 78502 ns, Cleanup: 16472 ns, At safepoint: 5639 ns, Total: 100613 ns
[2025-06-18T20:44:21.258+0000][77][info ][safepoint   ] Safepoint "Cleanup", Time since last: 20002340379 ns, Reaching safepoint: 77097 ns, Cleanup: 43698 ns, At safepoint: 6045 ns, Total: 126840 ns
[2025-06-18T20:44:22.259+0000][77][info ][safepoint   ] Safepoint "Cleanup", Time since last: 1000831057 ns, Reaching safepoint: 24587 ns, Cleanup: 13216 ns, At safepoint: 5044 ns, Total: 42847 ns
[2025-06-18T20:44:31.932+0000][77][info ][safepoint   ] Safepoint "Cleanup", Time since last: 9673371668 ns, Reaching safepoint: 25447 ns, Cleanup: 20755 ns, At safepoint: 5057 ns, Total: 51259 ns
[2025-06-18T20:44:41.934+0000][77][info ][safepoint   ] Safepoint "Cleanup", Time since last: 10002323512 ns, Reaching safepoint: 23263 ns, Cleanup: 13168 ns, At safepoint: 5301 ns, Total: 41732 ns
[2025-06-18T20:44:55.177+0000][77][info ][safepoint   ] Safepoint "Cleanup", Time since last: 10001816501 ns, Reaching safepoint: 61687 ns, Cleanup: 17486 ns, At safepoint: 5261 ns, Total: 84434 ns
[2025-06-18T20:44:56.178+0000][77][info ][safepoint   ] Safepoint "Cleanup", Time since last: 1000937696 ns, Reaching safepoint: 25604 ns, Cleanup: 20252 ns, At safepoint: 4776 ns, Total: 50632 ns
[2025-06-18T20:45:04.432+0000][77][info ][safepoint   ] Safepoint "Cleanup", Time since last: 8253750666 ns, Reaching safepoint: 9143 ns, Cleanup: 11401 ns, At safepoint: 21207 ns, Total: 41751 ns
[2025-06-18T20:45:05.481+0000][77][info ][safepoint   ] Safepoint "Cleanup", Time since last: 1049898145 ns, Reaching safepoint: 23108 ns, Cleanup: 23322 ns, At safepoint: 5405 ns, Total: 51835 ns
[2025-06-18T20:45:18.484+0000][77][info ][safepoint   ] Safepoint "Cleanup", Time since last: 13002348340 ns, Reaching safepoint: 119109 ns, Cleanup: 14816 ns, At safepoint: 5756 ns, Total: 139681 ns
[2025-06-18T20:45:29.837+0000][77][info ][safepoint   ] Safepoint "Cleanup", Time since last: 8001259293 ns, Reaching safepoint: 61679 ns, Cleanup: 16346 ns, At safepoint: 4669 ns, Total: 82694 ns
[2025-06-18T20:45:38.548+0000][77][info ][safepoint   ] Safepoint "Cleanup", Time since last: 8711553207 ns, Reaching safepoint: 33965 ns, Cleanup: 18677 ns, At safepoint: 8131 ns, Total: 60773 ns
[2025-06-18T20:46:02.882+0000][77][info ][safepoint   ] Safepoint "Cleanup", Time since last: 21003236933 ns, Reaching safepoint: 183961 ns, Cleanup: 16437 ns, At safepoint: 5747 ns, Total: 206145 ns
[2025-06-18T20:46:11.135+0000][77][info ][safepoint   ] Safepoint "Cleanup", Time since last: 8253176822 ns, Reaching safepoint: 8405 ns, Cleanup: 11181 ns, At safepoint: 4425 ns, Total: 24011 ns
[2025-06-18T20:46:12.196+0000][77][info ][safepoint   ] Safepoint "Cleanup", Time since last: 1061469439 ns, Reaching safepoint: 23303 ns, Cleanup: 19129 ns, At safepoint: 5076 ns, Total: 47508 ns
[2025-06-18T20:46:18.198+0000][77][info ][safepoint   ] Safepoint "Cleanup", Time since last: 6001693888 ns, Reaching safepoint: 88588 ns, Cleanup: 20544 ns, At safepoint: 9040 ns, Total: 118172 ns
[2025-06-18T20:46:24.200+0000][77][info ][safepoint   ] Safepoint "Cleanup", Time since last: 6002159536 ns, Reaching safepoint: 27251 ns, Cleanup: 13374 ns, At safepoint: 4635 ns, Total: 45260 ns
[2025-06-18T20:46:36.549+0000][77][info ][safepoint   ] Safepoint "Cleanup", Time since last: 9002529148 ns, Reaching safepoint: 62464 ns, Cleanup: 16356 ns, At safepoint: 5527 ns, Total: 84347 ns
[2025-06-18T20:46:45.249+0000][77][info ][safepoint   ] Safepoint "Cleanup", Time since last: 8700494705 ns, Reaching safepoint: 38935 ns, Cleanup: 21658 ns, At safepoint: 6571 ns, Total: 67164 ns
[2025-06-18T20:47:09.552+0000][77][info ][safepoint   ] Safepoint "Cleanup", Time since last: 21003330139 ns, Reaching safepoint: 84600 ns, Cleanup: 14605 ns, At safepoint: 5427 ns, Total: 104632 ns
[2025-06-18T20:47:27.776+0000][77][info ][safepoint   ] Safepoint "Cleanup", Time since last: 18223878166 ns, Reaching safepoint: 9648 ns, Cleanup: 11914 ns, At safepoint: 21294 ns, Total: 42856 ns
[2025-06-18T20:47:28.836+0000][77][info ][safepoint   ] Safepoint "Cleanup", Time since last: 1059521211 ns, Reaching safepoint: 24628 ns, Cleanup: 17641 ns, At safepoint: 5245 ns, Total: 47514 ns
[2025-06-18T20:48:01.943+0000][77][info ][safepoint   ] Safepoint "Cleanup", Time since last: 29740733130 ns, Reaching safepoint: 35720 ns, Cleanup: 28590 ns, At safepoint: 9727 ns, Total: 74037 ns
[2025-06-18T20:48:25.175+0000][77][info ][safepoint   ] Safepoint "Cleanup", Time since last: 20003364789 ns, Reaching safepoint: 75358 ns, Cleanup: 19291 ns, At safepoint: 5846 ns, Total: 100495 ns
[2025-06-18T20:48:34.425+0000][77][info ][safepoint   ] Safepoint "Cleanup", Time since last: 9250348798 ns, Reaching safepoint: 9027 ns, Cleanup: 12914 ns, At safepoint: 4310 ns, Total: 26251 ns
[2025-06-18T20:48:47.920+0000][77][info ][safepoint   ] Safepoint "Cleanup", Time since last: 10089409651 ns, Reaching safepoint: 180864 ns, Cleanup: 16478 ns, At safepoint: 5734 ns, Total: 203076 ns
[2025-06-18T20:49:08.603+0000][77][info ][safepoint   ] Safepoint "Cleanup", Time since last: 20682568804 ns, Reaching safepoint: 23774 ns, Cleanup: 15216 ns, At safepoint: 5220 ns, Total: 44210 ns
[2025-06-18T20:49:22.917+0000][77][info ][safepoint   ] Safepoint "Cleanup", Time since last: 11001892672 ns, Reaching safepoint: 30027 ns, Cleanup: 23689 ns, At safepoint: 5383 ns, Total: 59099 ns
[2025-06-18T20:49:31.039+0000][77][info ][gc,start    ] GC(16) Pause Young (Prepare Mixed) (G1 Evacuation Pause)
[2025-06-18T20:49:31.040+0000][77][info ][gc,task     ] GC(16) Using 23 workers of 23 for evacuation
[2025-06-18T20:49:31.041+0000][77][debug][gc,age      ] GC(16) Desired survivor size 81788928 bytes, new threshold 15 (max threshold 15)
[2025-06-18T20:49:31.159+0000][77][info ][gc,phases   ] GC(16)   Pre Evacuate Collection Set: 1.0ms
[2025-06-18T20:49:31.160+0000][77][info ][gc,phases   ] GC(16)   Merge Heap Roots: 0.4ms
[2025-06-18T20:49:31.160+0000][77][info ][gc,phases   ] GC(16)   Evacuate Collection Set: 111.7ms
[2025-06-18T20:49:31.160+0000][77][info ][gc,phases   ] GC(16)   Post Evacuate Collection Set: 4.8ms
[2025-06-18T20:49:31.161+0000][77][info ][gc,phases   ] GC(16)   Other: 1.1ms
[2025-06-18T20:49:31.161+0000][77][trace][gc,age      ] GC(16) Age table with threshold 15 (max threshold 15)
[2025-06-18T20:49:31.162+0000][77][trace][gc,age      ] GC(16) - age   1:    4594528 bytes,    4594528 total
[2025-06-18T20:49:31.162+0000][77][trace][gc,age      ] GC(16) - age   2:     125184 bytes,    4719712 total
[2025-06-18T20:49:31.163+0000][77][trace][gc,age      ] GC(16) - age   3:   16224464 bytes,   20944176 total
[2025-06-18T20:49:31.163+0000][77][trace][gc,age      ] GC(16) - age   4:   36870856 bytes,   57815032 total
[2025-06-18T20:49:31.163+0000][77][trace][gc,age      ] GC(16) - age   5:   15963536 bytes,   73778568 total
[2025-06-18T20:49:31.163+0000][77][info ][gc,heap     ] GC(16) Eden regions: 285->0(287)
[2025-06-18T20:49:31.164+0000][77][info ][gc,heap     ] GC(16) Survivor regions: 22->20(39)
[2025-06-18T20:49:31.164+0000][77][info ][gc,heap     ] GC(16) Old regions: 15->15
[2025-06-18T20:49:31.164+0000][77][info ][gc,heap     ] GC(16) Humongous regions: 0->0
[2025-06-18T20:49:31.165+0000][77][info ][gc,metaspace] GC(16) Metaspace: 135171K(138624K)->135171K(138624K) NonClass: 117164K(118912K)->117164K(118912K) Class: 18007K(19712K)->18007K(19712K)
[2025-06-18T20:49:31.165+0000][77][info ][gc          ] GC(16) Pause Young (Prepare Mixed) (G1 Evacuation Pause) 1283M->137M(2048M) 125.604ms
[2025-06-18T20:49:31.165+0000][77][info ][gc,cpu      ] GC(16) User=0.95s Sys=0.00s Real=0.12s
[2025-06-18T20:49:31.166+0000][77][info ][safepoint   ] Safepoint "G1CollectForAllocation", Time since last: 8122257213 ns, Reaching safepoint: 48021 ns, Cleanup: 5311 ns, At safepoint: 126696201 ns, Total: 126749533 ns
[2025-06-18T20:49:54.490+0000][77][info ][safepoint   ] Safepoint "Cleanup", Time since last: 19982429839 ns, Reaching safepoint: 8391 ns, Cleanup: 9127 ns, At safepoint: 4409 ns, Total: 21927 ns
[2025-06-18T20:50:05.280+0000][77][info ][safepoint   ] Safepoint "Cleanup", Time since last: 10789777382 ns, Reaching safepoint: 26537 ns, Cleanup: 17891 ns, At safepoint: 5158 ns, Total: 49586 ns
[2025-06-18T20:50:29.558+0000][77][info ][safepoint   ] Safepoint "Cleanup", Time since last: 21003079249 ns, Reaching safepoint: 95442 ns, Cleanup: 24819 ns, At safepoint: 5756 ns, Total: 126017 ns
[2025-06-18T20:50:48.560+0000][77][info ][safepoint   ] Safepoint "Cleanup", Time since last: 19002665103 ns, Reaching safepoint: 65537 ns, Cleanup: 13888 ns, At safepoint: 6805 ns, Total: 86230 ns
[2025-06-18T20:51:01.950+0000][77][info ][safepoint   ] Safepoint "Cleanup", Time since last: 10002103686 ns, Reaching safepoint: 26661 ns, Cleanup: 15611 ns, At safepoint: 5217 ns, Total: 47489 ns
[2025-06-18T20:51:11.092+0000][77][info ][safepoint   ] Safepoint "Cleanup", Time since last: 9141511633 ns, Reaching safepoint: 9533 ns, Cleanup: 7905 ns, At safepoint: 21458 ns, Total: 38896 ns
[2025-06-18T20:51:12.159+0000][77][info ][safepoint   ] Safepoint "Cleanup", Time since last: 1067101636 ns, Reaching safepoint: 25886 ns, Cleanup: 21810 ns, At safepoint: 5356 ns, Total: 53052 ns
[2025-06-18T20:51:36.489+0000][77][info ][safepoint   ] Safepoint "Cleanup", Time since last: 21003243741 ns, Reaching safepoint: 127726 ns, Cleanup: 14440 ns, At safepoint: 5744 ns, Total: 147910 ns
[2025-06-18T20:52:27.718+0000][77][info ][safepoint   ] Safepoint "Cleanup", Time since last: 47927497354 ns, Reaching safepoint: 18826 ns, Cleanup: 13748 ns, At safepoint: 21859 ns, Total: 54433 ns
[2025-06-18T20:52:28.778+0000][77][info ][safepoint   ] Safepoint "Cleanup", Time since last: 1060216568 ns, Reaching safepoint: 24268 ns, Cleanup: 22500 ns, At safepoint: 5203 ns, Total: 51971 ns
[2025-06-18T20:52:41.152+0000][77][info ][safepoint   ] Safepoint "Cleanup", Time since last: 9012061469 ns, Reaching safepoint: 60494 ns, Cleanup: 15445 ns, At safepoint: 5179 ns, Total: 81118 ns
[2025-06-18T20:53:01.155+0000][77][info ][safepoint   ] Safepoint "Cleanup", Time since last: 20003088184 ns, Reaching safepoint: 54454 ns, Cleanup: 13514 ns, At safepoint: 5130 ns, Total: 73098 ns
[2025-06-18T20:53:17.486+0000][77][info ][safepoint   ] Safepoint "Cleanup", Time since last: 13002215016 ns, Reaching safepoint: 104208 ns, Cleanup: 15765 ns, At safepoint: 6187 ns, Total: 126160 ns
[2025-06-18T20:53:35.334+0000][77][info ][safepoint   ] Safepoint "Cleanup", Time since last: 17847563850 ns, Reaching safepoint: 33483 ns, Cleanup: 15482 ns, At safepoint: 5484 ns, Total: 54449 ns
[2025-06-18T20:53:47.737+0000][77][info ][safepoint   ] Safepoint "Cleanup", Time since last: 9080247109 ns, Reaching safepoint: 10716 ns, Cleanup: 8022 ns, At safepoint: 4418 ns, Total: 23156 ns
[2025-06-18T20:53:48.928+0000][77][info ][safepoint   ] Safepoint "Cleanup", Time since last: 1190356560 ns, Reaching safepoint: 28109 ns, Cleanup: 38251 ns, At safepoint: 5632 ns, Total: 71992 ns
[2025-06-18T20:53:50.929+0000][77][info ][safepoint   ] Safepoint "Cleanup", Time since last: 2000972964 ns, Reaching safepoint: 107354 ns, Cleanup: 13494 ns, At safepoint: 5358 ns, Total: 126206 ns
[2025-06-18T20:53:53.930+0000][77][info ][safepoint   ] Safepoint "Cleanup", Time since last: 3001253337 ns, Reaching safepoint: 27153 ns, Cleanup: 14500 ns, At safepoint: 5116 ns, Total: 46769 ns
[2025-06-18T20:53:57.933+0000][77][info ][safepoint   ] Safepoint "Cleanup", Time since last: 4002428570 ns, Reaching safepoint: 87904 ns, Cleanup: 19962 ns, At safepoint: 9506 ns, Total: 117372 ns
[2025-06-18T20:54:42.009+0000][77][info ][safepoint   ] Safepoint "Cleanup", Time since last: 40747736858 ns, Reaching safepoint: 61103 ns, Cleanup: 17850 ns, At safepoint: 40370 ns, Total: 119323 ns
[2025-06-18T20:54:57.308+0000][77][info ][safepoint   ] Safepoint "Cleanup", Time since last: 12001984233 ns, Reaching safepoint: 25476 ns, Cleanup: 14579 ns, At safepoint: 5330 ns, Total: 45385 ns
[2025-06-18T20:55:04.409+0000][77][info ][safepoint   ] Safepoint "Cleanup", Time since last: 7101053935 ns, Reaching safepoint: 7599 ns, Cleanup: 15193 ns, At safepoint: 4467 ns, Total: 27259 ns
[2025-06-18T20:55:37.896+0000][77][info ][safepoint   ] Safepoint "Cleanup", Time since last: 30024284522 ns, Reaching safepoint: 25265 ns, Cleanup: 16109 ns, At safepoint: 5445 ns, Total: 46819 ns
[2025-06-18T22:48:37.719+0000][77][info ][safepoint   ] Safepoint "Cleanup", Time since last: 23004937157 ns, Reaching safepoint: 166957 ns, Cleanup: 24700 ns, At safepoint: 7838 ns, Total: 199495 ns
[2025-06-18T22:48:44.683+0000][77][info ][safepoint   ] Safepoint "Cleanup", Time since last: 6963599651 ns, Reaching safepoint: 11694 ns, Cleanup: 31765 ns, At safepoint: 44731 ns, Total: 88190 ns
[2025-06-18T22:48:46.047+0000][77][info ][safepoint   ] Safepoint "Cleanup", Time since last: 1363525505 ns, Reaching safepoint: 49174 ns, Cleanup: 24815 ns, At safepoint: 9637 ns, Total: 83626 ns
[2025-06-18T22:48:58.270+0000][77][info ][safepoint   ] Safepoint "Cleanup", Time since last: 9190412214 ns, Reaching safepoint: 84374 ns, Cleanup: 21711 ns, At safepoint: 7902 ns, Total: 113987 ns
[2025-06-18T22:49:06.424+0000][77][info ][safepoint   ] Safepoint "Cleanup", Time since last: 10050926087 ns, Reaching safepoint: 459359 ns, Cleanup: 17056 ns, At safepoint: 8549 ns, Total: 484964 ns
[2025-06-18T22:49:15.924+0000][77][info ][safepoint   ] Safepoint "Cleanup", Time since last: 9499961557 ns, Reaching safepoint: 145283 ns, Cleanup: 16109 ns, At safepoint: 9013 ns, Total: 170405 ns
[2025-06-18T22:49:29.656+0000][77][info ][safepoint   ] Safepoint "Cleanup", Time since last: 10008611692 ns, Reaching safepoint: 211544 ns, Cleanup: 32690 ns, At safepoint: 7320 ns, Total: 251554 ns
[2025-06-18T22:50:01.353+0000][77][info ][safepoint   ] Safepoint "Cleanup", Time since last: 30022419924 ns, Reaching safepoint: 186519 ns, Cleanup: 29275 ns, At safepoint: 10829 ns, Total: 226623 ns
[2025-06-18T22:50:35.731+0000][77][info ][safepoint   ] Safepoint "Cleanup", Time since last: 31006716916 ns, Reaching safepoint: 28386 ns, Cleanup: 15896 ns, At safepoint: 5256 ns, Total: 49538 ns
[2025-06-18T22:51:07.006+0000][77][info ][safepoint   ] Safepoint "Cleanup", Time since last: 28951629229 ns, Reaching safepoint: 8481 ns, Cleanup: 9606 ns, At safepoint: 4031 ns, Total: 22118 ns
[2025-06-18T22:51:20.029+0000][77][info ][safepoint   ] Safepoint "Cleanup", Time since last: 10057420763 ns, Reaching safepoint: 80261 ns, Cleanup: 24094 ns, At safepoint: 10197 ns, Total: 114552 ns
[2025-06-18T22:51:30.056+0000][77][info ][safepoint   ] Safepoint "Cleanup", Time since last: 10026501322 ns, Reaching safepoint: 39125 ns, Cleanup: 25654 ns, At safepoint: 9472 ns, Total: 74251 ns
[2025-06-18T22:51:40.059+0000][77][info ][safepoint   ] Safepoint "Cleanup", Time since last: 10002698558 ns, Reaching safepoint: 81991 ns, Cleanup: 20358 ns, At safepoint: 8550 ns, Total: 110899 ns
[2025-06-18T22:51:53.350+0000][77][info ][safepoint   ] Safepoint "Cleanup", Time since last: 10002933848 ns, Reaching safepoint: 36354 ns, Cleanup: 18928 ns, At safepoint: 9653 ns, Total: 64935 ns
[2025-06-18T22:51:56.351+0000][77][info ][safepoint   ] Safepoint "Cleanup", Time since last: 3001572461 ns, Reaching safepoint: 50347 ns, Cleanup: 15066 ns, At safepoint: 7213 ns, Total: 72626 ns
[2025-06-18T22:52:10.354+0000][77][info ][safepoint   ] Safepoint "Cleanup", Time since last: 14002838162 ns, Reaching safepoint: 33416 ns, Cleanup: 24170 ns, At safepoint: 8602 ns, Total: 66188 ns
[2025-06-18T22:52:13.356+0000][77][info ][safepoint   ] Safepoint "Cleanup", Time since last: 3001498702 ns, Reaching safepoint: 33554 ns, Cleanup: 23245 ns, At safepoint: 8297 ns, Total: 65096 ns
[2025-06-18T22:52:26.518+0000][77][info ][safepoint   ] Safepoint "Cleanup", Time since last: 9977239919 ns, Reaching safepoint: 8390 ns, Cleanup: 8095 ns, At safepoint: 3917 ns, Total: 20402 ns
[2025-06-18T22:53:03.484+0000][77][info ][safepoint   ] Safepoint "Cleanup", Time since last: 34052989810 ns, Reaching safepoint: 67817 ns, Cleanup: 17878 ns, At safepoint: 6465 ns, Total: 92160 ns
[2025-06-18T22:53:09.496+0000][77][info ][safepoint   ] Safepoint "Cleanup", Time since last: 6011928253 ns, Reaching safepoint: 34113 ns, Cleanup: 19408 ns, At safepoint: 8543 ns, Total: 62064 ns
[2025-06-18T22:53:20.499+0000][77][info ][safepoint   ] Safepoint "Cleanup", Time since last: 11002584021 ns, Reaching safepoint: 60289 ns, Cleanup: 16048 ns, At safepoint: 5377 ns, Total: 81714 ns
[2025-06-18T22:53:32.441+0000][77][info ][safepoint   ] Safepoint "Cleanup", Time since last: 9002353836 ns, Reaching safepoint: 32369 ns, Cleanup: 21632 ns, At safepoint: 6610 ns, Total: 60611 ns
[2025-06-18T22:53:42.296+0000][77][info ][safepoint   ] Safepoint "Cleanup", Time since last: 9855418373 ns, Reaching safepoint: 8489 ns, Cleanup: 9209 ns, At safepoint: 3945 ns, Total: 21643 ns
[2025-06-18T22:53:43.381+0000][77][info ][safepoint   ] Safepoint "Cleanup", Time since last: 1084679433 ns, Reaching safepoint: 26990 ns, Cleanup: 23784 ns, At safepoint: 5418 ns, Total: 56192 ns
[2025-06-18T22:54:09.458+0000][77][info ][safepoint   ] Safepoint "Cleanup", Time since last: 23004749976 ns, Reaching safepoint: 83336 ns, Cleanup: 21609 ns, At safepoint: 9642 ns, Total: 114587 ns
[2025-06-18T22:54:18.461+0000][77][info ][safepoint   ] Safepoint "Cleanup", Time since last: 9002882006 ns, Reaching safepoint: 38184 ns, Cleanup: 19362 ns, At safepoint: 9834 ns, Total: 67380 ns
[2025-06-18T22:54:23.463+0000][77][info ][safepoint   ] Safepoint "Cleanup", Time since last: 5001786380 ns, Reaching safepoint: 41630 ns, Cleanup: 21547 ns, At safepoint: 10895 ns, Total: 74072 ns
[2025-06-18T22:54:42.435+0000][77][info ][safepoint   ] Safepoint "Cleanup", Time since last: 16003427851 ns, Reaching safepoint: 86884 ns, Cleanup: 24655 ns, At safepoint: 10851 ns, Total: 122390 ns
[2025-06-18T22:54:58.287+0000][77][info ][safepoint   ] Safepoint "Cleanup", Time since last: 15852234900 ns, Reaching safepoint: 10701 ns, Cleanup: 11860 ns, At safepoint: 24085 ns, Total: 46646 ns
[2025-06-18T22:54:59.373+0000][77][info ][safepoint   ] Safepoint "Cleanup", Time since last: 1085913290 ns, Reaching safepoint: 27037 ns, Cleanup: 22050 ns, At safepoint: 5903 ns, Total: 54990 ns
[2025-06-18T22:56:04.587+0000][77][info ][safepoint   ] Safepoint "Cleanup", Time since last: 59194519220 ns, Reaching safepoint: 34302 ns, Cleanup: 15933 ns, At safepoint: 6603 ns, Total: 56838 ns
[2025-06-18T22:56:17.538+0000][77][info ][safepoint   ] Safepoint "Cleanup", Time since last: 9866773900 ns, Reaching safepoint: 9004 ns, Cleanup: 8855 ns, At safepoint: 5072 ns, Total: 22931 ns
[2025-06-18T22:56:27.542+0000][77][info ][safepoint   ] Safepoint "Cleanup", Time since last: 10003149612 ns, Reaching safepoint: 62396 ns, Cleanup: 20724 ns, At safepoint: 5986 ns, Total: 89106 ns
[2025-06-18T22:56:50.550+0000][77][info ][safepoint   ] Safepoint "Cleanup", Time since last: 20003476432 ns, Reaching safepoint: 62479 ns, Cleanup: 22694 ns, At safepoint: 7851 ns, Total: 93024 ns
[2025-06-18T22:57:10.713+0000][77][info ][safepoint   ] Safepoint "Cleanup", Time since last: 20162240261 ns, Reaching safepoint: 37399 ns, Cleanup: 21160 ns, At safepoint: 9980 ns, Total: 68539 ns
[2025-06-18T22:57:33.508+0000][77][info ][safepoint   ] Safepoint "Cleanup", Time since last: 19796340805 ns, Reaching safepoint: 189740 ns, Cleanup: 21685 ns, At safepoint: 167610 ns, Total: 379035 ns
[2025-06-18T22:57:34.712+0000][77][info ][safepoint   ] Safepoint "Cleanup", Time since last: 1203507802 ns, Reaching safepoint: 38981 ns, Cleanup: 113597 ns, At safepoint: 12962 ns, Total: 165540 ns
[2025-06-18T22:57:43.714+0000][77][info ][safepoint   ] Safepoint "Cleanup", Time since last: 9002109528 ns, Reaching safepoint: 41461 ns, Cleanup: 27384 ns, At safepoint: 10872 ns, Total: 79717 ns
[2025-06-18T22:58:06.429+0000][77][info ][gc,start    ] GC(17) Pause Young (Mixed) (G1 Evacuation Pause)
[2025-06-18T22:58:06.430+0000][77][info ][gc,task     ] GC(17) Using 23 workers of 23 for evacuation
[2025-06-18T22:58:06.431+0000][77][debug][gc,age      ] GC(17) Desired survivor size 81788928 bytes, new threshold 15 (max threshold 15)
[2025-06-18T22:58:06.572+0000][77][info ][gc,phases   ] GC(17)   Pre Evacuate Collection Set: 1.4ms
[2025-06-18T22:58:06.573+0000][77][info ][gc,phases   ] GC(17)   Merge Heap Roots: 0.4ms
[2025-06-18T22:58:06.573+0000][77][info ][gc,phases   ] GC(17)   Evacuate Collection Set: 133.9ms
[2025-06-18T22:58:06.574+0000][77][info ][gc,phases   ] GC(17)   Post Evacuate Collection Set: 4.2ms
[2025-06-18T22:58:06.574+0000][77][info ][gc,phases   ] GC(17)   Other: 2.3ms
[2025-06-18T22:58:06.574+0000][77][trace][gc,age      ] GC(17) Age table with threshold 15 (max threshold 15)
[2025-06-18T22:58:06.575+0000][77][trace][gc,age      ] GC(17) - age   1:    7311256 bytes,    7311256 total
[2025-06-18T22:58:06.575+0000][77][trace][gc,age      ] GC(17) - age   2:     283576 bytes,    7594832 total
[2025-06-18T22:58:06.576+0000][77][trace][gc,age      ] GC(17) - age   3:      55064 bytes,    7649896 total
[2025-06-18T22:58:06.576+0000][77][trace][gc,age      ] GC(17) - age   4:   15962208 bytes,   23612104 total
[2025-06-18T22:58:06.576+0000][77][trace][gc,age      ] GC(17) - age   5:   36787624 bytes,   60399728 total
[2025-06-18T22:58:06.577+0000][77][trace][gc,age      ] GC(17) - age   6:   15958880 bytes,   76358608 total
[2025-06-18T22:58:06.577+0000][77][info ][gc,heap     ] GC(17) Eden regions: 287->0(285)
[2025-06-18T22:58:06.578+0000][77][info ][gc,heap     ] GC(17) Survivor regions: 20->22(39)
[2025-06-18T22:58:06.578+0000][77][info ][gc,heap     ] GC(17) Old regions: 15->15
[2025-06-18T22:58:06.579+0000][77][info ][gc,heap     ] GC(17) Humongous regions: 0->0
[2025-06-18T22:58:06.579+0000][77][info ][gc,metaspace] GC(17) Metaspace: 135434K(138816K)->135434K(138816K) NonClass: 117425K(119104K)->117425K(119104K) Class: 18009K(19712K)->18009K(19712K)
[2025-06-18T22:58:06.579+0000][77][info ][gc          ] GC(17) Pause Young (Mixed) (G1 Evacuation Pause) 1285M->143M(2048M) 150.613ms
[2025-06-18T22:58:06.580+0000][77][info ][gc,cpu      ] GC(17) User=1.38s Sys=0.00s Real=0.15s
[2025-06-18T22:58:06.580+0000][77][info ][safepoint   ] Safepoint "G1CollectForAllocation", Time since last: 19646887048 ns, Reaching safepoint: 54401 ns, Cleanup: 4801 ns, At safepoint: 151511903 ns, Total: 151571105 ns
[2025-06-18T22:58:34.681+0000][77][info ][safepoint   ] Safepoint "Cleanup", Time since last: 25003474205 ns, Reaching safepoint: 26323 ns, Cleanup: 15908 ns, At safepoint: 6092 ns, Total: 48323 ns
[2025-06-18T22:58:49.559+0000][77][info ][safepoint   ] Safepoint "Cleanup", Time since last: 14877959606 ns, Reaching safepoint: 10520 ns, Cleanup: 9790 ns, At safepoint: 5177 ns, Total: 25487 ns
[2025-06-18T22:58:50.630+0000][77][info ][safepoint   ] Safepoint "Cleanup", Time since last: 1071663284 ns, Reaching safepoint: 26339 ns, Cleanup: 22281 ns, At safepoint: 6160 ns, Total: 54780 ns
[2025-06-18T22:59:02.612+0000][77][info ][safepoint   ] Safepoint "Cleanup", Time since last: 9002106422 ns, Reaching safepoint: 59567 ns, Cleanup: 16378 ns, At safepoint: 5982 ns, Total: 81927 ns
[2025-06-18T22:59:17.918+0000][77][info ][safepoint   ] Safepoint "Cleanup", Time since last: 15305849450 ns, Reaching safepoint: 33758 ns, Cleanup: 21836 ns, At safepoint: 51439 ns, Total: 107033 ns
[2025-06-18T22:59:35.946+0000][77][info ][safepoint   ] Safepoint "Cleanup", Time since last: 15003167322 ns, Reaching safepoint: 63685 ns, Cleanup: 16375 ns, At safepoint: 6231 ns, Total: 86291 ns
[2025-06-18T22:59:40.947+0000][77][info ][safepoint   ] Safepoint "Cleanup", Time since last: 5001514967 ns, Reaching safepoint: 34974 ns, Cleanup: 27183 ns, At safepoint: 9692 ns, Total: 71849 ns
[2025-06-18T23:00:08.726+0000][77][info ][safepoint   ] Safepoint "Cleanup", Time since last: 24647066087 ns, Reaching safepoint: 8579 ns, Cleanup: 8249 ns, At safepoint: 4641 ns, Total: 21469 ns
[2025-06-18T23:00:13.807+0000][77][info ][safepoint   ] Safepoint "Cleanup", Time since last: 5080799589 ns, Reaching safepoint: 25181 ns, Cleanup: 53138 ns, At safepoint: 6883 ns, Total: 85202 ns
[2025-06-18T23:00:42.198+0000][77][info ][safepoint   ] Safepoint "Cleanup", Time since last: 25299409129 ns, Reaching safepoint: 56938 ns, Cleanup: 29280 ns, At safepoint: 6121 ns, Total: 92339 ns
[2025-06-18T23:00:47.199+0000][77][info ][safepoint   ] Safepoint "Cleanup", Time since last: 5001468720 ns, Reaching safepoint: 34208 ns, Cleanup: 22151 ns, At safepoint: 7135 ns, Total: 63494 ns
[2025-06-18T23:00:52.201+0000][77][info ][safepoint   ] Safepoint "Cleanup", Time since last: 5002168979 ns, Reaching safepoint: 24118 ns, Cleanup: 13950 ns, At safepoint: 6044 ns, Total: 44112 ns
[2025-06-18T23:01:02.203+0000][77][info ][safepoint   ] Safepoint "Cleanup", Time since last: 10002062570 ns, Reaching safepoint: 61803 ns, Cleanup: 17871 ns, At safepoint: 6252 ns, Total: 85926 ns
[2025-06-18T23:01:15.221+0000][77][info ][safepoint   ] Safepoint "Cleanup", Time since last: 10002532262 ns, Reaching safepoint: 59467 ns, Cleanup: 19525 ns, At safepoint: 6640 ns, Total: 85632 ns
[2025-06-18T23:01:20.222+0000][77][info ][safepoint   ] Safepoint "Cleanup", Time since last: 5001636562 ns, Reaching safepoint: 27944 ns, Cleanup: 19954 ns, At safepoint: 6034 ns, Total: 53932 ns
[2025-06-18T23:01:34.913+0000][77][info ][safepoint   ] Safepoint "Cleanup", Time since last: 14690465491 ns, Reaching safepoint: 23514 ns, Cleanup: 21581 ns, At safepoint: 5954 ns, Total: 51049 ns
[2025-06-18T23:01:46.080+0000][77][info ][safepoint   ] Safepoint "Cleanup", Time since last: 8003344085 ns, Reaching safepoint: 35877 ns, Cleanup: 19650 ns, At safepoint: 7190 ns, Total: 62717 ns
[2025-06-18T23:02:06.084+0000][77][info ][safepoint   ] Safepoint "Cleanup", Time since last: 20003876403 ns, Reaching safepoint: 92589 ns, Cleanup: 25824 ns, At safepoint: 12484 ns, Total: 130897 ns
[2025-06-18T23:02:21.209+0000][77][info ][safepoint   ] Safepoint "Cleanup", Time since last: 12002774175 ns, Reaching safepoint: 90259 ns, Cleanup: 38506 ns, At safepoint: 6924 ns, Total: 135689 ns
[2025-06-18T23:02:41.118+0000][77][info ][safepoint   ] Safepoint "Cleanup", Time since last: 19908426629 ns, Reaching safepoint: 8560 ns, Cleanup: 5726 ns, At safepoint: 4327 ns, Total: 18613 ns
[2025-06-18T23:02:42.180+0000][77][info ][safepoint   ] Safepoint "Cleanup", Time since last: 1062172908 ns, Reaching safepoint: 25378 ns, Cleanup: 15441 ns, At safepoint: 5779 ns, Total: 46598 ns
[2025-06-18T23:03:27.483+0000][77][info ][safepoint   ] Safepoint "Cleanup", Time since last: 39008833247 ns, Reaching safepoint: 58059 ns, Cleanup: 17155 ns, At safepoint: 6186 ns, Total: 81400 ns
[2025-06-18T23:03:37.883+0000][77][info ][safepoint   ] Safepoint "Cleanup", Time since last: 10400309066 ns, Reaching safepoint: 31545 ns, Cleanup: 18848 ns, At safepoint: 6740 ns, Total: 57133 ns
[2025-06-18T23:04:00.709+0000][77][info ][safepoint   ] Safepoint "Cleanup", Time since last: 19625666542 ns, Reaching safepoint: 10904 ns, Cleanup: 11575 ns, At safepoint: 22390 ns, Total: 44869 ns
[2025-06-18T23:04:21.713+0000][77][info ][safepoint   ] Safepoint "Cleanup", Time since last: 21003752469 ns, Reaching safepoint: 160008 ns, Cleanup: 19966 ns, At safepoint: 7652 ns, Total: 187626 ns
[2025-06-18T23:04:54.240+0000][77][info ][safepoint   ] Safepoint "Cleanup", Time since last: 29401893146 ns, Reaching safepoint: 95509 ns, Cleanup: 19162 ns, At safepoint: 22670 ns, Total: 137341 ns
[2025-06-18T23:05:07.297+0000][77][info ][safepoint   ] Safepoint "Cleanup", Time since last: 10002079221 ns, Reaching safepoint: 29845 ns, Cleanup: 16316 ns, At safepoint: 6003 ns, Total: 52164 ns
[2025-06-18T23:05:26.828+0000][77][info ][safepoint   ] Safepoint "Cleanup", Time since last: 19530989076 ns, Reaching safepoint: 75248 ns, Cleanup: 21059 ns, At safepoint: 6760 ns, Total: 103067 ns
[2025-06-18T23:05:53.438+0000][77][info ][safepoint   ] Safepoint "Cleanup", Time since last: 23496309596 ns, Reaching safepoint: 30113 ns, Cleanup: 16134 ns, At safepoint: 6479 ns, Total: 52726 ns
[2025-06-18T23:06:13.442+0000][77][info ][safepoint   ] Safepoint "Cleanup", Time since last: 17003986747 ns, Reaching safepoint: 56969 ns, Cleanup: 19035 ns, At safepoint: 5925 ns, Total: 81929 ns
[2025-06-18T23:06:19.447+0000][77][info ][safepoint   ] Safepoint "Cleanup", Time since last: 6004528968 ns, Reaching safepoint: 66426 ns, Cleanup: 17487 ns, At safepoint: 5982 ns, Total: 89895 ns
[2025-06-18T23:06:23.448+0000][77][info ][safepoint   ] Safepoint "Cleanup", Time since last: 4001371594 ns, Reaching safepoint: 24675 ns, Cleanup: 15144 ns, At safepoint: 6081 ns, Total: 45900 ns
[2025-06-18T23:06:32.906+0000][77][info ][safepoint   ] Safepoint "Cleanup", Time since last: 9458251171 ns, Reaching safepoint: 8836 ns, Cleanup: 8369 ns, At safepoint: 4425 ns, Total: 21630 ns
[2025-06-18T23:06:33.973+0000][77][info ][safepoint   ] Safepoint "Cleanup", Time since last: 1066716407 ns, Reaching safepoint: 25828 ns, Cleanup: 16368 ns, At safepoint: 5808 ns, Total: 48004 ns
[2025-06-18T23:07:52.086+0000][77][info ][safepoint   ] Safepoint "Cleanup", Time since last: 69041252877 ns, Reaching safepoint: 9282 ns, Cleanup: 16527 ns, At safepoint: 4768 ns, Total: 30577 ns
[2025-06-18T23:09:08.060+0000][77][info ][safepoint   ] Safepoint "Cleanup", Time since last: 69881995438 ns, Reaching safepoint: 10190 ns, Cleanup: 9815 ns, At safepoint: 21340 ns, Total: 41345 ns
[2025-06-18T23:09:09.275+0000][77][info ][safepoint   ] Safepoint "Cleanup", Time since last: 1214994471 ns, Reaching safepoint: 29093 ns, Cleanup: 41956 ns, At safepoint: 6453 ns, Total: 77502 ns
[2025-06-18T23:09:18.277+0000][77][info ][safepoint   ] Safepoint "Cleanup", Time since last: 9002195697 ns, Reaching safepoint: 31585 ns, Cleanup: 33059 ns, At safepoint: 6811 ns, Total: 71455 ns
[2025-06-18T23:09:19.278+0000][77][info ][safepoint   ] Safepoint "Cleanup", Time since last: 1001023160 ns, Reaching safepoint: 33063 ns, Cleanup: 18831 ns, At safepoint: 6059 ns, Total: 57953 ns
[2025-06-18T23:09:38.329+0000][77][info ][safepoint   ] Safepoint "Cleanup", Time since last: 16003445042 ns, Reaching safepoint: 26488 ns, Cleanup: 15072 ns, At safepoint: 6096 ns, Total: 47656 ns
[2025-06-18T23:09:41.331+0000][77][info ][safepoint   ] Safepoint "Cleanup", Time since last: 3001313256 ns, Reaching safepoint: 56579 ns, Cleanup: 15857 ns, At safepoint: 5930 ns, Total: 78366 ns
[2025-06-18T23:10:04.385+0000][77][info ][safepoint   ] Safepoint "Cleanup", Time since last: 20004074517 ns, Reaching safepoint: 47759 ns, Cleanup: 12210 ns, At safepoint: 5772 ns, Total: 65741 ns
[2025-06-18T23:10:11.387+0000][77][info ][safepoint   ] Safepoint "Cleanup", Time since last: 7002282705 ns, Reaching safepoint: 44267 ns, Cleanup: 27870 ns, At safepoint: 7397 ns, Total: 79534 ns
[2025-06-18T23:10:24.185+0000][77][info ][safepoint   ] Safepoint "Cleanup", Time since last: 12797223326 ns, Reaching safepoint: 9482 ns, Cleanup: 10017 ns, At safepoint: 24396 ns, Total: 43895 ns
[2025-06-18T23:11:06.378+0000][77][info ][safepoint   ] Safepoint "Cleanup", Time since last: 36072049512 ns, Reaching safepoint: 83555 ns, Cleanup: 14686 ns, At safepoint: 8056 ns, Total: 106297 ns
[2025-06-18T23:11:17.381+0000][77][info ][safepoint   ] Safepoint "Cleanup", Time since last: 11003133783 ns, Reaching safepoint: 25585 ns, Cleanup: 13756 ns, At safepoint: 5965 ns, Total: 45306 ns
[2025-06-18T23:12:03.429+0000][77][info ][safepoint   ] Safepoint "Cleanup", Time since last: 42983317800 ns, Reaching safepoint: 58201 ns, Cleanup: 17526 ns, At safepoint: 6074 ns, Total: 81801 ns
[2025-06-18T23:12:16.468+0000][77][info ][safepoint   ] Safepoint "Cleanup", Time since last: 10004325387 ns, Reaching safepoint: 56943 ns, Cleanup: 14292 ns, At safepoint: 6311 ns, Total: 77546 ns
[2025-06-18T23:12:27.104+0000][77][info ][safepoint   ] Safepoint "Cleanup", Time since last: 10635848720 ns, Reaching safepoint: 54202 ns, Cleanup: 25693 ns, At safepoint: 7985 ns, Total: 87880 ns
[2025-06-18T23:12:37.107+0000][77][info ][safepoint   ] Safepoint "Cleanup", Time since last: 10002563894 ns, Reaching safepoint: 233401 ns, Cleanup: 25672 ns, At safepoint: 11525 ns, Total: 270598 ns
[2025-06-18T23:12:50.077+0000][77][info ][safepoint   ] Safepoint "Cleanup", Time since last: 10002417460 ns, Reaching safepoint: 93955 ns, Cleanup: 25264 ns, At safepoint: 7248 ns, Total: 126467 ns
[2025-06-18T23:12:59.374+0000][77][info ][safepoint   ] Safepoint "Cleanup", Time since last: 9296352498 ns, Reaching safepoint: 7928 ns, Cleanup: 8951 ns, At safepoint: 4588 ns, Total: 21467 ns
[2025-06-18T23:13:00.461+0000][77][info ][safepoint   ] Safepoint "Cleanup", Time since last: 1087326247 ns, Reaching safepoint: 33332 ns, Cleanup: 20067 ns, At safepoint: 6475 ns, Total: 59874 ns
[2025-06-18T23:13:09.463+0000][77][info ][safepoint   ] Safepoint "Cleanup", Time since last: 9001688192 ns, Reaching safepoint: 83770 ns, Cleanup: 21318 ns, At safepoint: 7136 ns, Total: 112224 ns
[2025-06-18T23:14:15.555+0000][77][info ][safepoint   ] Safepoint "Cleanup", Time since last: 59972652168 ns, Reaching safepoint: 10465 ns, Cleanup: 9155 ns, At safepoint: 5253 ns, Total: 24873 ns
[2025-06-18T23:14:28.593+0000][77][info ][safepoint   ] Safepoint "Cleanup", Time since last: 10002824160 ns, Reaching safepoint: 57202 ns, Cleanup: 14657 ns, At safepoint: 6375 ns, Total: 78234 ns
[2025-06-18T23:15:02.609+0000][77][info ][safepoint   ] Safepoint "Cleanup", Time since last: 30697961719 ns, Reaching safepoint: 99520 ns, Cleanup: 27042 ns, At safepoint: 15533 ns, Total: 142095 ns
[2025-06-18T23:15:11.749+0000][77][info ][gc,start    ] GC(18) Pause Young (Normal) (G1 Evacuation Pause)
[2025-06-18T23:15:11.750+0000][77][info ][gc,task     ] GC(18) Using 23 workers of 23 for evacuation
[2025-06-18T23:15:11.751+0000][77][debug][gc,age      ] GC(18) Desired survivor size 81788928 bytes, new threshold 15 (max threshold 15)
[2025-06-18T23:15:11.876+0000][77][info ][gc,phases   ] GC(18)   Pre Evacuate Collection Set: 1.0ms
[2025-06-18T23:15:11.877+0000][77][info ][gc,phases   ] GC(18)   Merge Heap Roots: 0.5ms
[2025-06-18T23:15:11.877+0000][77][info ][gc,phases   ] GC(18)   Evacuate Collection Set: 117.8ms
[2025-06-18T23:15:11.878+0000][77][info ][gc,phases   ] GC(18)   Post Evacuate Collection Set: 5.1ms
[2025-06-18T23:15:11.878+0000][77][info ][gc,phases   ] GC(18)   Other: 1.6ms
[2025-06-18T23:15:11.879+0000][77][trace][gc,age      ] GC(18) Age table with threshold 15 (max threshold 15)
[2025-06-18T23:15:11.879+0000][77][trace][gc,age      ] GC(18) - age   1:    4414160 bytes,    4414160 total
[2025-06-18T23:15:11.880+0000][77][trace][gc,age      ] GC(18) - age   2:     284824 bytes,    4698984 total
[2025-06-18T23:15:11.880+0000][77][trace][gc,age      ] GC(18) - age   3:      42208 bytes,    4741192 total
[2025-06-18T23:15:11.881+0000][77][trace][gc,age      ] GC(18) - age   4:      53696 bytes,    4794888 total
[2025-06-18T23:15:11.881+0000][77][trace][gc,age      ] GC(18) - age   5:   15961640 bytes,   20756528 total
[2025-06-18T23:15:11.882+0000][77][trace][gc,age      ] GC(18) - age   6:   36787072 bytes,   57543600 total
[2025-06-18T23:15:11.882+0000][77][trace][gc,age      ] GC(18) - age   7:   15958880 bytes,   73502480 total
[2025-06-18T23:15:11.882+0000][77][info ][gc,heap     ] GC(18) Eden regions: 285->0(286)
[2025-06-18T23:15:11.883+0000][77][info ][gc,heap     ] GC(18) Survivor regions: 22->21(39)
[2025-06-18T23:15:11.883+0000][77][info ][gc,heap     ] GC(18) Old regions: 15->15
[2025-06-18T23:15:11.884+0000][77][info ][gc,heap     ] GC(18) Humongous regions: 0->0
[2025-06-18T23:15:11.884+0000][77][info ][gc,metaspace] GC(18) Metaspace: 135743K(139136K)->135743K(139136K) NonClass: 117733K(119424K)->117733K(119424K) Class: 18009K(19712K)->18009K(19712K)
[2025-06-18T23:15:11.885+0000][77][info ][gc          ] GC(18) Pause Young (Normal) (G1 Evacuation Pause) 1283M->138M(2048M) 135.579ms
[2025-06-18T23:15:11.885+0000][77][info ][gc,cpu      ] GC(18) User=0.62s Sys=0.00s Real=0.13s
[2025-06-18T23:15:11.886+0000][77][info ][safepoint   ] Safepoint "G1CollectForAllocation", Time since last: 9140709633 ns, Reaching safepoint: 24987 ns, Cleanup: 4512 ns, At safepoint: 136602205 ns, Total: 136631704 ns
[2025-06-18T23:15:34.907+0000][77][info ][safepoint   ] Safepoint "Cleanup", Time since last: 19909747986 ns, Reaching safepoint: 13230 ns, Cleanup: 7701 ns, At safepoint: 4944 ns, Total: 25875 ns
[2025-06-18T23:15:35.969+0000][77][info ][safepoint   ] Safepoint "Cleanup", Time since last: 1061844701 ns, Reaching safepoint: 56215 ns, Cleanup: 18346 ns, At safepoint: 7858 ns, Total: 82419 ns
[2025-06-18T23:15:45.748+0000][77][info ][safepoint   ] Safepoint "Cleanup", Time since last: 9778568907 ns, Reaching safepoint: 25163 ns, Cleanup: 16894 ns, At safepoint: 5760 ns, Total: 47817 ns
[2025-06-18T23:15:49.749+0000][77][info ][safepoint   ] Safepoint "Cleanup", Time since last: 4001194943 ns, Reaching safepoint: 29791 ns, Cleanup: 14952 ns, At safepoint: 5342 ns, Total: 50085 ns
[2025-06-18T23:16:28.938+0000][77][info ][safepoint   ] Safepoint "Cleanup", Time since last: 36006501428 ns, Reaching safepoint: 173704 ns, Cleanup: 17786 ns, At safepoint: 7162 ns, Total: 198652 ns
[2025-06-18T23:16:51.401+0000][77][info ][safepoint   ] Safepoint "Cleanup", Time since last: 19220968170 ns, Reaching safepoint: 11608 ns, Cleanup: 12449 ns, At safepoint: 4772 ns, Total: 28829 ns
[2025-06-18T23:17:14.580+0000][77][info ][safepoint   ] Safepoint "Cleanup", Time since last: 20099537838 ns, Reaching safepoint: 109726 ns, Cleanup: 15576 ns, At safepoint: 6539 ns, Total: 131841 ns
[2025-06-18T23:18:07.632+0000][77][info ][safepoint   ] Safepoint "Cleanup", Time since last: 49956913134 ns, Reaching safepoint: 11670 ns, Cleanup: 10708 ns, At safepoint: 5248 ns, Total: 27626 ns
[2025-06-18T23:18:08.632+0000][77][info ][safepoint   ] Safepoint "Cleanup", Time since last: 1000851459 ns, Reaching safepoint: 25109 ns, Cleanup: 13507 ns, At safepoint: 6063 ns, Total: 44679 ns
[2025-06-18T23:18:20.733+0000][77][info ][safepoint   ] Safepoint "Cleanup", Time since last: 9003305393 ns, Reaching safepoint: 27312 ns, Cleanup: 15390 ns, At safepoint: 6234 ns, Total: 48936 ns
[2025-06-18T23:18:28.735+0000][77][info ][safepoint   ] Safepoint "Cleanup", Time since last: 8001719652 ns, Reaching safepoint: 64156 ns, Cleanup: 19003 ns, At safepoint: 8202 ns, Total: 91361 ns
[2025-06-18T23:18:30.736+0000][77][info ][safepoint   ] Safepoint "Cleanup", Time since last: 2001224727 ns, Reaching safepoint: 27418 ns, Cleanup: 14954 ns, At safepoint: 6042 ns, Total: 48414 ns
[2025-06-18T23:18:40.738+0000][77][info ][safepoint   ] Safepoint "Cleanup", Time since last: 10002045474 ns, Reaching safepoint: 55318 ns, Cleanup: 15693 ns, At safepoint: 5987 ns, Total: 76998 ns
[2025-06-18T23:18:41.739+0000][77][info ][safepoint   ] Safepoint "Cleanup", Time since last: 1000850875 ns, Reaching safepoint: 24433 ns, Cleanup: 17009 ns, At safepoint: 5855 ns, Total: 47297 ns
[2025-06-18T23:18:54.026+0000][77][info ][safepoint   ] Safepoint "Cleanup", Time since last: 9002758849 ns, Reaching safepoint: 31492 ns, Cleanup: 24061 ns, At safepoint: 8510 ns, Total: 64063 ns
[2025-06-18T23:19:04.817+0000][77][info ][safepoint   ] Safepoint "Cleanup", Time since last: 10790515987 ns, Reaching safepoint: 26421 ns, Cleanup: 19833 ns, At safepoint: 5960 ns, Total: 52214 ns
[2025-06-18T23:19:14.820+0000][77][info ][safepoint   ] Safepoint "Cleanup", Time since last: 10002672786 ns, Reaching safepoint: 55519 ns, Cleanup: 16507 ns, At safepoint: 7921 ns, Total: 79947 ns
[2025-06-18T23:19:27.073+0000][77][info ][safepoint   ] Safepoint "Cleanup", Time since last: 9150810994 ns, Reaching safepoint: 8883 ns, Cleanup: 12461 ns, At safepoint: 4717 ns, Total: 26061 ns
[2025-06-18T23:19:30.075+0000][77][info ][safepoint   ] Safepoint "Cleanup", Time since last: 3001788895 ns, Reaching safepoint: 26673 ns, Cleanup: 16244 ns, At safepoint: 6382 ns, Total: 49299 ns
[2025-06-18T23:19:50.079+0000][77][info ][safepoint   ] Safepoint "Cleanup", Time since last: 20003781000 ns, Reaching safepoint: 56152 ns, Cleanup: 13990 ns, At safepoint: 7976 ns, Total: 78118 ns
[2025-06-18T23:20:00.213+0000][77][info ][safepoint   ] Safepoint "Cleanup", Time since last: 7002312538 ns, Reaching safepoint: 25511 ns, Cleanup: 14483 ns, At safepoint: 6092 ns, Total: 46086 ns
[2025-06-18T23:20:33.321+0000][77][info ][safepoint   ] Safepoint "Cleanup", Time since last: 29870219817 ns, Reaching safepoint: 59068 ns, Cleanup: 23097 ns, At safepoint: 6038 ns, Total: 88203 ns
[2025-06-18T23:20:34.323+0000][77][info ][safepoint   ] Safepoint "Cleanup", Time since last: 1001381136 ns, Reaching safepoint: 25210 ns, Cleanup: 14305 ns, At safepoint: 5768 ns, Total: 45283 ns
[2025-06-18T23:20:42.328+0000][77][info ][safepoint   ] Safepoint "Cleanup", Time since last: 8005122284 ns, Reaching safepoint: 56460 ns, Cleanup: 14721 ns, At safepoint: 5778 ns, Total: 76959 ns
[2025-06-18T23:20:43.425+0000][77][info ][safepoint   ] Safepoint "Cleanup", Time since last: 1096658689 ns, Reaching safepoint: 7759 ns, Cleanup: 11569 ns, At safepoint: 4809 ns, Total: 24137 ns
[2025-06-18T23:20:44.648+0000][77][info ][safepoint   ] Safepoint "Cleanup", Time since last: 1222972693 ns, Reaching safepoint: 25659 ns, Cleanup: 48324 ns, At safepoint: 5964 ns, Total: 79947 ns
[2025-06-18T23:21:39.678+0000][77][info ][safepoint   ] Safepoint "Cleanup", Time since last: 48702744645 ns, Reaching safepoint: 114869 ns, Cleanup: 20153 ns, At safepoint: 9034 ns, Total: 144056 ns
[2025-06-18T23:21:59.818+0000][77][info ][safepoint   ] Safepoint "Cleanup", Time since last: 20139962134 ns, Reaching safepoint: 14069 ns, Cleanup: 18977 ns, At safepoint: 4830 ns, Total: 37876 ns
[2025-06-18T23:22:13.007+0000][77][info ][safepoint   ] Safepoint "Cleanup", Time since last: 10011046845 ns, Reaching safepoint: 68425 ns, Cleanup: 24271 ns, At safepoint: 6364 ns, Total: 99060 ns
[2025-06-18T23:22:21.881+0000][77][info ][safepoint   ] Safepoint "Cleanup", Time since last: 8873891185 ns, Reaching safepoint: 9961 ns, Cleanup: 14597 ns, At safepoint: 4818 ns, Total: 29376 ns
[2025-06-18T23:22:22.882+0000][77][info ][safepoint   ] Safepoint "Cleanup", Time since last: 1001734199 ns, Reaching safepoint: 26726 ns, Cleanup: 14449 ns, At safepoint: 6055 ns, Total: 47230 ns
[2025-06-18T23:23:39.342+0000][77][info ][safepoint   ] Safepoint "Cleanup", Time since last: 70030690586 ns, Reaching safepoint: 29307 ns, Cleanup: 14718 ns, At safepoint: 6212 ns, Total: 50237 ns
[2025-06-18T23:24:12.556+0000][77][info ][safepoint   ] Safepoint "Cleanup", Time since last: 30004881296 ns, Reaching safepoint: 55522 ns, Cleanup: 18024 ns, At safepoint: 6262 ns, Total: 79808 ns
[2025-06-18T23:24:25.717+0000][77][info ][safepoint   ] Safepoint "Cleanup", Time since last: 10001936649 ns, Reaching safepoint: 54285 ns, Cleanup: 14382 ns, At safepoint: 5950 ns, Total: 74617 ns
[2025-06-18T23:24:34.719+0000][77][info ][safepoint   ] Safepoint "Cleanup", Time since last: 9002518909 ns, Reaching safepoint: 35424 ns, Cleanup: 20298 ns, At safepoint: 6486 ns, Total: 62208 ns
[2025-06-18T23:25:19.129+0000][77][info ][safepoint   ] Safepoint "Cleanup", Time since last: 41076461328 ns, Reaching safepoint: 58707 ns, Cleanup: 16304 ns, At safepoint: 6018 ns, Total: 81029 ns
[2025-06-18T23:25:32.393+0000][77][info ][safepoint   ] Safepoint "Cleanup", Time since last: 10002081205 ns, Reaching safepoint: 57506 ns, Cleanup: 19137 ns, At safepoint: 6122 ns, Total: 82765 ns
[2025-06-18T23:25:52.393+0000][77][info ][safepoint   ] Safepoint "Cleanup", Time since last: 20000096702 ns, Reaching safepoint: 8523 ns, Cleanup: 18446 ns, At safepoint: 5276 ns, Total: 32245 ns
[2025-06-18T23:26:15.577+0000][77][info ][safepoint   ] Safepoint "Cleanup", Time since last: 20003022232 ns, Reaching safepoint: 89679 ns, Cleanup: 16907 ns, At safepoint: 6355 ns, Total: 112941 ns
[2025-06-18T23:28:26.269+0000][77][info ][safepoint   ] Safepoint "Cleanup", Time since last: 119920297258 ns, Reaching safepoint: 18942 ns, Cleanup: 14114 ns, At safepoint: 5874 ns, Total: 38930 ns
[2025-06-18T23:28:51.146+0000][77][info ][safepoint   ] Safepoint "Cleanup", Time since last: 20066367506 ns, Reaching safepoint: 38509 ns, Cleanup: 16175 ns, At safepoint: 6354 ns, Total: 61038 ns
[2025-06-18T23:29:01.217+0000][77][info ][safepoint   ] Safepoint "Cleanup", Time since last: 10071694917 ns, Reaching safepoint: 30555 ns, Cleanup: 19687 ns, At safepoint: 6132 ns, Total: 56374 ns
[2025-06-18T23:29:34.560+0000][77][info ][safepoint   ] Safepoint "Cleanup", Time since last: 30008810947 ns, Reaching safepoint: 61304 ns, Cleanup: 26636 ns, At safepoint: 6428 ns, Total: 94368 ns
[2025-06-18T23:29:47.434+0000][77][info ][safepoint   ] Safepoint "Cleanup", Time since last: 12873746144 ns, Reaching safepoint: 25087 ns, Cleanup: 13947 ns, At safepoint: 6035 ns, Total: 45069 ns
[2025-06-18T23:29:57.770+0000][77][info ][safepoint   ] Safepoint "Cleanup", Time since last: 7001324510 ns, Reaching safepoint: 26174 ns, Cleanup: 13465 ns, At safepoint: 14362 ns, Total: 54001 ns
[2025-06-18T23:31:14.368+0000][77][info ][safepoint   ] Safepoint "Cleanup", Time since last: 70176462460 ns, Reaching safepoint: 24753 ns, Cleanup: 13069 ns, At safepoint: 6006 ns, Total: 43828 ns
[2025-06-18T23:32:20.546+0000][77][info ][gc,start    ] GC(19) Pause Young (Normal) (G1 Evacuation Pause)
[2025-06-18T23:32:20.548+0000][77][info ][gc,task     ] GC(19) Using 23 workers of 23 for evacuation
[2025-06-18T23:32:20.549+0000][77][debug][gc,age      ] GC(19) Desired survivor size 81788928 bytes, new threshold 15 (max threshold 15)
[2025-06-18T23:32:20.705+0000][77][info ][gc,phases   ] GC(19)   Pre Evacuate Collection Set: 0.8ms
[2025-06-18T23:32:20.705+0000][77][info ][gc,phases   ] GC(19)   Merge Heap Roots: 0.4ms
[2025-06-18T23:32:20.706+0000][77][info ][gc,phases   ] GC(19)   Evacuate Collection Set: 148.5ms
[2025-06-18T23:32:20.706+0000][77][info ][gc,phases   ] GC(19)   Post Evacuate Collection Set: 4.8ms
[2025-06-18T23:32:20.707+0000][77][info ][gc,phases   ] GC(19)   Other: 2.2ms
[2025-06-18T23:32:20.708+0000][77][trace][gc,age      ] GC(19) Age table with threshold 15 (max threshold 15)
[2025-06-18T23:32:20.708+0000][77][trace][gc,age      ] GC(19) - age   1:    5269152 bytes,    5269152 total
[2025-06-18T23:32:20.708+0000][77][trace][gc,age      ] GC(19) - age   2:     399432 bytes,    5668584 total
[2025-06-18T23:32:20.709+0000][77][trace][gc,age      ] GC(19) - age   3:      22888 bytes,    5691472 total
[2025-06-18T23:32:20.709+0000][77][trace][gc,age      ] GC(19) - age   4:      41184 bytes,    5732656 total
[2025-06-18T23:32:20.709+0000][77][trace][gc,age      ] GC(19) - age   5:      53160 bytes,    5785816 total
[2025-06-18T23:32:20.726+0000][77][trace][gc,age      ] GC(19) - age   6:   15961640 bytes,   21747456 total
[2025-06-18T23:32:20.727+0000][77][trace][gc,age      ] GC(19) - age   7:   36786832 bytes,   58534288 total
[2025-06-18T23:32:20.728+0000][77][trace][gc,age      ] GC(19) - age   8:   15958880 bytes,   74493168 total
[2025-06-18T23:32:20.729+0000][77][info ][gc,heap     ] GC(19) Eden regions: 286->0(286)
[2025-06-18T23:32:20.730+0000][77][info ][gc,heap     ] GC(19) Survivor regions: 21->21(39)
[2025-06-18T23:32:20.731+0000][77][info ][gc,heap     ] GC(19) Old regions: 15->15
[2025-06-18T23:32:20.732+0000][77][info ][gc,heap     ] GC(19) Humongous regions: 0->0
[2025-06-18T23:32:20.732+0000][77][info ][gc,metaspace] GC(19) Metaspace: 136283K(139712K)->136283K(139712K) NonClass: 118272K(120000K)->118272K(120000K) Class: 18011K(19712K)->18011K(19712K)
[2025-06-18T23:32:20.733+0000][77][info ][gc          ] GC(19) Pause Young (Normal) (G1 Evacuation Pause) 1282M->138M(2048M) 186.782ms
[2025-06-18T23:32:20.734+0000][77][info ][gc,cpu      ] GC(19) User=0.74s Sys=0.00s Real=0.19s
[2025-06-18T23:32:20.736+0000][77][info ][safepoint   ] Safepoint "G1CollectForAllocation", Time since last: 59823447841 ns, Reaching safepoint: 58080 ns, Cleanup: 5933 ns, At safepoint: 189257544 ns, Total: 189321557 ns
[2025-06-18T23:32:22.029+0000][77][info ][safepoint   ] Safepoint "Cleanup", Time since last: 1293346293 ns, Reaching safepoint: 29355 ns, Cleanup: 49094 ns, At safepoint: 6412 ns, Total: 84861 ns
[2025-06-18T23:32:31.031+0000][77][info ][safepoint   ] Safepoint "Cleanup", Time since last: 9002203570 ns, Reaching safepoint: 45213 ns, Cleanup: 14827 ns, At safepoint: 6752 ns, Total: 66792 ns
[2025-06-18T23:33:36.864+0000][77][info ][safepoint   ] Safepoint "Cleanup", Time since last: 59473779743 ns, Reaching safepoint: 8667 ns, Cleanup: 8907 ns, At safepoint: 4721 ns, Total: 22295 ns
[2025-06-18T23:33:37.919+0000][77][info ][safepoint   ] Safepoint "Cleanup", Time since last: 1055026745 ns, Reaching safepoint: 26126 ns, Cleanup: 15795 ns, At safepoint: 5602 ns, Total: 47523 ns
[2025-06-18T23:33:50.017+0000][77][info ][safepoint   ] Safepoint "Cleanup", Time since last: 9002437045 ns, Reaching safepoint: 90500 ns, Cleanup: 21562 ns, At safepoint: 11096 ns, Total: 123158 ns
[2025-06-18T23:34:23.210+0000][77][info ][safepoint   ] Safepoint "Cleanup", Time since last: 30005377223 ns, Reaching safepoint: 74054 ns, Cleanup: 17319 ns, At safepoint: 6741 ns, Total: 98114 ns
[2025-06-18T23:34:33.453+0000][77][info ][safepoint   ] Safepoint "Cleanup", Time since last: 10243818000 ns, Reaching safepoint: 53444 ns, Cleanup: 18610 ns, At safepoint: 8063 ns, Total: 80117 ns
[2025-06-18T23:34:43.456+0000][77][info ][safepoint   ] Safepoint "Cleanup", Time since last: 10002031978 ns, Reaching safepoint: 24597 ns, Cleanup: 14058 ns, At safepoint: 6030 ns, Total: 44685 ns
[2025-06-18T23:34:56.367+0000][77][info ][safepoint   ] Safepoint "Cleanup", Time since last: 9708429077 ns, Reaching safepoint: 9121 ns, Cleanup: 7607 ns, At safepoint: 5132 ns, Total: 21860 ns
[2025-06-18T23:35:07.371+0000][77][info ][safepoint   ] Safepoint "Cleanup", Time since last: 11003821779 ns, Reaching safepoint: 62567 ns, Cleanup: 17452 ns, At safepoint: 9205 ns, Total: 89224 ns
[2025-06-18T23:35:40.861+0000][77][info ][safepoint   ] Safepoint "Cleanup", Time since last: 30316562042 ns, Reaching safepoint: 24780 ns, Cleanup: 53164 ns, At safepoint: 7369 ns, Total: 85313 ns
[2025-06-18T23:36:14.813+0000][77][info ][safepoint   ] Safepoint "Cleanup", Time since last: 30748802971 ns, Reaching safepoint: 25377 ns, Cleanup: 24941 ns, At safepoint: 50882 ns, Total: 101200 ns
[2025-06-18T23:36:22.817+0000][77][info ][safepoint   ] Safepoint "Cleanup", Time since last: 8003522506 ns, Reaching safepoint: 60189 ns, Cleanup: 15907 ns, At safepoint: 6192 ns, Total: 82288 ns
[2025-06-18T23:37:29.259+0000][77][info ][safepoint   ] Safepoint "Cleanup", Time since last: 59962517207 ns, Reaching safepoint: 16501 ns, Cleanup: 15527 ns, At safepoint: 6457 ns, Total: 38485 ns
[2025-06-18T23:38:58.973+0000][77][info ][safepoint   ] Safepoint "Cleanup", Time since last: 80375340672 ns, Reaching safepoint: 33558 ns, Cleanup: 15704 ns, At safepoint: 6933 ns, Total: 56195 ns
[2025-06-18T23:39:22.321+0000][77][info ][safepoint   ] Safepoint "Cleanup", Time since last: 20003317996 ns, Reaching safepoint: 73219 ns, Cleanup: 17270 ns, At safepoint: 6851 ns, Total: 97340 ns
[2025-06-18T23:40:05.055+0000][77][info ][safepoint   ] Safepoint "Cleanup", Time since last: 39613759934 ns, Reaching safepoint: 9444 ns, Cleanup: 9430 ns, At safepoint: 4621 ns, Total: 23495 ns
[2025-06-18T23:40:07.119+0000][77][info ][safepoint   ] Safepoint "Cleanup", Time since last: 2064046226 ns, Reaching safepoint: 23071 ns, Cleanup: 13786 ns, At safepoint: 6377 ns, Total: 43234 ns
[2025-06-18T23:40:15.129+0000][77][info ][safepoint   ] Safepoint "Cleanup", Time since last: 8009356555 ns, Reaching safepoint: 23990 ns, Cleanup: 35038 ns, At safepoint: 6091 ns, Total: 65119 ns
[2025-06-18T23:40:40.464+0000][77][info ][safepoint   ] Safepoint "Cleanup", Time since last: 22012907092 ns, Reaching safepoint: 60083 ns, Cleanup: 17706 ns, At safepoint: 6101 ns, Total: 83890 ns
[2025-06-18T23:41:21.634+0000][77][info ][safepoint   ] Safepoint "Cleanup", Time since last: 37942483240 ns, Reaching safepoint: 12857 ns, Cleanup: 21956 ns, At safepoint: 5643 ns, Total: 40456 ns
[2025-06-18T23:42:08.081+0000][77][info ][safepoint   ] Safepoint "Cleanup", Time since last: 40064880114 ns, Reaching safepoint: 59847 ns, Cleanup: 13696 ns, At safepoint: 5816 ns, Total: 79359 ns
[2025-06-18T23:42:29.463+0000][77][info ][safepoint   ] Safepoint "Cleanup", Time since last: 21381836222 ns, Reaching safepoint: 56099 ns, Cleanup: 14003 ns, At safepoint: 7585 ns, Total: 77687 ns
[2025-06-18T23:42:41.323+0000][77][info ][safepoint   ] Safepoint "Cleanup", Time since last: 8531142726 ns, Reaching safepoint: 9467 ns, Cleanup: 11303 ns, At safepoint: 5007 ns, Total: 25777 ns
[2025-06-18T23:43:57.989+0000][77][info ][safepoint   ] Safepoint "Cleanup", Time since last: 70171686319 ns, Reaching safepoint: 18426 ns, Cleanup: 20388 ns, At safepoint: 28367 ns, Total: 67181 ns
[2025-06-18T23:44:34.602+0000][77][info ][safepoint   ] Safepoint "Cleanup", Time since last: 33357594524 ns, Reaching safepoint: 33378 ns, Cleanup: 74579 ns, At safepoint: 8048 ns, Total: 116005 ns
[2025-06-18T23:45:14.352+0000][77][info ][safepoint   ] Safepoint "Cleanup", Time since last: 36420297298 ns, Reaching safepoint: 10594 ns, Cleanup: 24764 ns, At safepoint: 5873 ns, Total: 41231 ns
[2025-06-18T23:45:15.415+0000][77][info ][safepoint   ] Safepoint "Cleanup", Time since last: 1062539584 ns, Reaching safepoint: 26002 ns, Cleanup: 14087 ns, At safepoint: 5460 ns, Total: 45549 ns
[2025-06-18T23:45:38.191+0000][77][info ][safepoint   ] Safepoint "Cleanup", Time since last: 19547297872 ns, Reaching safepoint: 25446 ns, Cleanup: 67155 ns, At safepoint: 7030 ns, Total: 99631 ns
[2025-06-18T23:46:35.254+0000][77][info ][safepoint   ] Safepoint "Cleanup", Time since last: 50536655090 ns, Reaching safepoint: 26899 ns, Cleanup: 74980 ns, At safepoint: 7850 ns, Total: 109729 ns
[2025-06-18T23:47:50.751+0000][77][info ][safepoint   ] Safepoint "Cleanup", Time since last: 68915997960 ns, Reaching safepoint: 11382 ns, Cleanup: 55881 ns, At safepoint: 28067 ns, Total: 95330 ns
[2025-06-18T23:47:51.818+0000][77][info ][safepoint   ] Safepoint "Cleanup", Time since last: 1066876971 ns, Reaching safepoint: 26070 ns, Cleanup: 23221 ns, At safepoint: 6395 ns, Total: 55686 ns
[2025-06-18T23:49:07.161+0000][77][info ][gc,start    ] GC(20) Pause Young (Normal) (G1 Evacuation Pause)
[2025-06-18T23:49:07.162+0000][77][info ][gc,task     ] GC(20) Using 23 workers of 23 for evacuation
[2025-06-18T23:49:07.163+0000][77][debug][gc,age      ] GC(20) Desired survivor size 81788928 bytes, new threshold 15 (max threshold 15)
[2025-06-18T23:49:07.358+0000][77][info ][gc,phases   ] GC(20)   Pre Evacuate Collection Set: 1.1ms
[2025-06-18T23:49:07.359+0000][77][info ][gc,phases   ] GC(20)   Merge Heap Roots: 0.4ms
[2025-06-18T23:49:07.359+0000][77][info ][gc,phases   ] GC(20)   Evacuate Collection Set: 188.1ms
[2025-06-18T23:49:07.360+0000][77][info ][gc,phases   ] GC(20)   Post Evacuate Collection Set: 5.2ms
[2025-06-18T23:49:07.361+0000][77][info ][gc,phases   ] GC(20)   Other: 1.9ms
[2025-06-18T23:49:07.361+0000][77][trace][gc,age      ] GC(20) Age table with threshold 15 (max threshold 15)
[2025-06-18T23:49:07.361+0000][77][trace][gc,age      ] GC(20) - age   1:    4169072 bytes,    4169072 total
[2025-06-18T23:49:07.362+0000][77][trace][gc,age      ] GC(20) - age   2:      24016 bytes,    4193088 total
[2025-06-18T23:49:07.362+0000][77][trace][gc,age      ] GC(20) - age   3:      36000 bytes,    4229088 total
[2025-06-18T23:49:07.363+0000][77][trace][gc,age      ] GC(20) - age   4:      21056 bytes,    4250144 total
[2025-06-18T23:49:07.363+0000][77][trace][gc,age      ] GC(20) - age   5:      40648 bytes,    4290792 total
[2025-06-18T23:49:07.364+0000][77][trace][gc,age      ] GC(20) - age   6:      52784 bytes,    4343576 total
[2025-06-18T23:49:07.364+0000][77][trace][gc,age      ] GC(20) - age   7:   15961640 bytes,   20305216 total
[2025-06-18T23:49:07.365+0000][77][trace][gc,age      ] GC(20) - age   8:   36786752 bytes,   57091968 total
[2025-06-18T23:49:07.365+0000][77][trace][gc,age      ] GC(20) - age   9:   15958880 bytes,   73050848 total
[2025-06-18T23:49:07.366+0000][77][info ][gc,heap     ] GC(20) Eden regions: 286->0(285)
[2025-06-18T23:49:07.366+0000][77][info ][gc,heap     ] GC(20) Survivor regions: 21->22(39)
[2025-06-18T23:49:07.367+0000][77][info ][gc,heap     ] GC(20) Old regions: 15->15
[2025-06-18T23:49:07.367+0000][77][info ][gc,heap     ] GC(20) Humongous regions: 0->0
[2025-06-18T23:49:07.368+0000][77][info ][gc,metaspace] GC(20) Metaspace: 136432K(139840K)->136432K(139840K) NonClass: 118421K(120128K)->118421K(120128K) Class: 18011K(19712K)->18011K(19712K)
[2025-06-18T23:49:07.369+0000][77][info ][gc          ] GC(20) Pause Young (Normal) (G1 Evacuation Pause) 1282M->145M(2048M) 207.873ms
[2025-06-18T23:49:07.369+0000][77][info ][gc,cpu      ] GC(20) User=0.74s Sys=0.27s Real=0.21s
[2025-06-18T23:49:07.370+0000][77][info ][safepoint   ] Safepoint "G1CollectForAllocation", Time since last: 68809387819 ns, Reaching safepoint: 42944 ns, Cleanup: 5612 ns, At safepoint: 209164683 ns, Total: 209213239 ns
[2025-06-18T23:49:08.567+0000][77][info ][safepoint   ] Safepoint "Cleanup", Time since last: 1197586678 ns, Reaching safepoint: 26651 ns, Cleanup: 22624 ns, At safepoint: 5360 ns, Total: 54635 ns
[2025-06-18T23:50:27.132+0000][77][info ][safepoint   ] Safepoint "Cleanup", Time since last: 68722619082 ns, Reaching safepoint: 12810 ns, Cleanup: 40270 ns, At safepoint: 5155 ns, Total: 58235 ns
[2025-06-18T23:50:28.197+0000][77][info ][safepoint   ] Safepoint "Cleanup", Time since last: 1064955592 ns, Reaching safepoint: 53802 ns, Cleanup: 18037 ns, At safepoint: 7752 ns, Total: 79591 ns
[2025-06-18T23:50:37.199+0000][77][info ][safepoint   ] Safepoint "Cleanup", Time since last: 9002234485 ns, Reaching safepoint: 25650 ns, Cleanup: 14553 ns, At safepoint: 5531 ns, Total: 45734 ns
[2025-06-18T23:51:11.133+0000][77][info ][safepoint   ] Safepoint "Cleanup", Time since last: 30628341483 ns, Reaching safepoint: 26021 ns, Cleanup: 14940 ns, At safepoint: 5238 ns, Total: 46199 ns
[2025-06-18T23:53:47.516+0000][77][info ][safepoint   ] Safepoint "Cleanup", Time since last: 140061979584 ns, Reaching safepoint: 137320 ns, Cleanup: 18633 ns, At safepoint: 7002 ns, Total: 162955 ns
[2025-06-18T23:53:57.518+0000][77][info ][safepoint   ] Safepoint "Cleanup", Time since last: 10002133963 ns, Reaching safepoint: 131424 ns, Cleanup: 26292 ns, At safepoint: 5685 ns, Total: 163401 ns
[2025-06-18T23:54:01.525+0000][77][info ][safepoint   ] Safepoint "Cleanup", Time since last: 4006136129 ns, Reaching safepoint: 26010 ns, Cleanup: 17159 ns, At safepoint: 5405 ns, Total: 48574 ns
[2025-06-18T23:54:20.109+0000][77][info ][safepoint   ] Safepoint "Cleanup", Time since last: 15319361071 ns, Reaching safepoint: 13784 ns, Cleanup: 14001 ns, At safepoint: 23845 ns, Total: 51630 ns
[2025-06-18T23:54:54.056+0000][77][info ][safepoint   ] Safepoint "Cleanup", Time since last: 30700635209 ns, Reaching safepoint: 60569 ns, Cleanup: 44384 ns, At safepoint: 5348 ns, Total: 110301 ns
[2025-06-18T23:55:36.698+0000][77][info ][safepoint   ] Safepoint "Cleanup", Time since last: 39309352960 ns, Reaching safepoint: 293254 ns, Cleanup: 19218 ns, At safepoint: 169443 ns, Total: 481915 ns
[2025-06-18T23:55:37.896+0000][77][info ][safepoint   ] Safepoint "Cleanup", Time since last: 1197883939 ns, Reaching safepoint: 40630 ns, Cleanup: 69519 ns, At safepoint: 11076 ns, Total: 121225 ns
[2025-06-18T23:56:44.114+0000][77][info ][safepoint   ] Safepoint "Cleanup", Time since last: 59549102547 ns, Reaching safepoint: 26863 ns, Cleanup: 14124 ns, At safepoint: 5703 ns, Total: 46690 ns
[2025-06-18T23:56:53.349+0000][77][info ][safepoint   ] Safepoint "Cleanup", Time since last: 9235491357 ns, Reaching safepoint: 9370 ns, Cleanup: 12008 ns, At safepoint: 4223 ns, Total: 25601 ns
[2025-06-18T23:57:21.627+0000][77][info ][safepoint   ] Safepoint "Cleanup", Time since last: 25012298806 ns, Reaching safepoint: 97977 ns, Cleanup: 15814 ns, At safepoint: 5714 ns, Total: 119505 ns
[2025-06-18T23:57:50.637+0000][77][info ][safepoint   ] Safepoint "Cleanup", Time since last: 25780366695 ns, Reaching safepoint: 37096 ns, Cleanup: 13471 ns, At safepoint: 5770 ns, Total: 56337 ns
[2025-06-18T23:57:54.638+0000][77][info ][safepoint   ] Safepoint "Cleanup", Time since last: 4001395713 ns, Reaching safepoint: 24693 ns, Cleanup: 14548 ns, At safepoint: 5423 ns, Total: 44664 ns
[2025-06-18T23:58:11.921+0000][77][info ][safepoint   ] Safepoint "Cleanup", Time since last: 16139327159 ns, Reaching safepoint: 34946 ns, Cleanup: 18640 ns, At safepoint: 7525 ns, Total: 61111 ns
[2025-06-18T23:58:50.306+0000][77][info ][safepoint   ] Safepoint "Cleanup", Time since last: 33005566107 ns, Reaching safepoint: 63650 ns, Cleanup: 15921 ns, At safepoint: 5611 ns, Total: 85182 ns
[2025-06-18T23:58:56.188+0000][77][info ][safepoint   ] Safepoint "Cleanup", Time since last: 5881895711 ns, Reaching safepoint: 104343 ns, Cleanup: 11238 ns, At safepoint: 52739 ns, Total: 168320 ns
[2025-06-18T23:59:20.528+0000][77][info ][safepoint   ] Safepoint "Cleanup", Time since last: 21004400667 ns, Reaching safepoint: 163025 ns, Cleanup: 17393 ns, At safepoint: 6734 ns, Total: 187152 ns
[2025-06-18T23:59:29.709+0000][77][info ][safepoint   ] Safepoint "Cleanup", Time since last: 9181663540 ns, Reaching safepoint: 8619 ns, Cleanup: 8830 ns, At safepoint: 26258 ns, Total: 43707 ns
[2025-06-19T00:00:02.871+0000][77][info ][safepoint   ] Safepoint "Cleanup", Time since last: 29844787722 ns, Reaching safepoint: 50551 ns, Cleanup: 15504 ns, At safepoint: 26884 ns, Total: 92939 ns
[2025-06-19T00:00:03.138+0000][77][info ][safepoint   ] Safepoint "ICBufferFull", Time since last: 267258609 ns, Reaching safepoint: 43275 ns, Cleanup: 200452 ns, At safepoint: 6763 ns, Total: 250490 ns
[2025-06-19T00:00:04.139+0000][77][info ][safepoint   ] Safepoint "Cleanup", Time since last: 1000248704 ns, Reaching safepoint: 12029 ns, Cleanup: 61862 ns, At safepoint: 23621 ns, Total: 97512 ns
[2025-06-19T00:00:05.144+0000][77][info ][safepoint   ] Safepoint "Cleanup", Time since last: 1005371925 ns, Reaching safepoint: 28102 ns, Cleanup: 36172 ns, At safepoint: 5414 ns, Total: 69688 ns
[2025-06-19T00:00:08.146+0000][77][info ][safepoint   ] Safepoint "Cleanup", Time since last: 3001583497 ns, Reaching safepoint: 57770 ns, Cleanup: 13818 ns, At safepoint: 5832 ns, Total: 77420 ns
[2025-06-19T00:00:13.148+0000][77][info ][safepoint   ] Safepoint "Cleanup", Time since last: 5001672374 ns, Reaching safepoint: 29294 ns, Cleanup: 22094 ns, At safepoint: 15896 ns, Total: 67284 ns
[2025-06-19T00:00:14.187+0000][77][info ][safepoint   ] Safepoint "Cleanup", Time since last: 1039814696 ns, Reaching safepoint: 27728 ns, Cleanup: 18860 ns, At safepoint: 5335 ns, Total: 51923 ns
[2025-06-19T00:00:27.571+0000][77][info ][safepoint   ] Safepoint "Cleanup", Time since last: 10030236563 ns, Reaching safepoint: 28325 ns, Cleanup: 15363 ns, At safepoint: 5309 ns, Total: 48997 ns
[2025-06-19T00:00:59.910+0000][77][info ][safepoint   ] Safepoint "Cleanup", Time since last: 29003730651 ns, Reaching safepoint: 121653 ns, Cleanup: 18365 ns, At safepoint: 26571 ns, Total: 166589 ns
[2025-06-19T00:01:09.589+0000][77][info ][safepoint   ] Safepoint "Cleanup", Time since last: 9679089423 ns, Reaching safepoint: 15936 ns, Cleanup: 20068 ns, At safepoint: 48535 ns, Total: 84539 ns
[2025-06-19T00:01:15.591+0000][77][info ][safepoint   ] Safepoint "Cleanup", Time since last: 6001527637 ns, Reaching safepoint: 92251 ns, Cleanup: 21153 ns, At safepoint: 6308 ns, Total: 119712 ns
[2025-06-19T00:01:16.592+0000][77][info ][safepoint   ] Safepoint "Cleanup", Time since last: 1001022763 ns, Reaching safepoint: 25334 ns, Cleanup: 14020 ns, At safepoint: 5428 ns, Total: 44782 ns
[2025-06-19T00:01:19.724+0000][77][info ][safepoint   ] Safepoint "Cleanup", Time since last: 3132006017 ns, Reaching safepoint: 16257 ns, Cleanup: 14982 ns, At safepoint: 5351 ns, Total: 36590 ns
[2025-06-19T00:01:20.752+0000][77][info ][safepoint   ] Safepoint "Cleanup", Time since last: 1028181497 ns, Reaching safepoint: 37141 ns, Cleanup: 42459 ns, At safepoint: 9486 ns, Total: 89086 ns
[2025-06-19T00:01:50.037+0000][77][info ][safepoint   ] Safepoint "Cleanup", Time since last: 26004683194 ns, Reaching safepoint: 61531 ns, Cleanup: 27646 ns, At safepoint: 6305 ns, Total: 95482 ns
[2025-06-19T00:01:51.039+0000][77][info ][safepoint   ] Safepoint "Cleanup", Time since last: 1001194346 ns, Reaching safepoint: 28268 ns, Cleanup: 28553 ns, At safepoint: 6428 ns, Total: 63249 ns
[2025-06-19T00:01:53.040+0000][77][info ][safepoint   ] Safepoint "Cleanup", Time since last: 2001417226 ns, Reaching safepoint: 39803 ns, Cleanup: 15562 ns, At safepoint: 5785 ns, Total: 61150 ns
[2025-06-19T00:02:06.294+0000][77][info ][safepoint   ] Safepoint "Cleanup", Time since last: 10002373549 ns, Reaching safepoint: 56739 ns, Cleanup: 14397 ns, At safepoint: 7514 ns, Total: 78650 ns
[2025-06-19T00:02:16.153+0000][77][info ][safepoint   ] Safepoint "Cleanup", Time since last: 9858501158 ns, Reaching safepoint: 10841 ns, Cleanup: 13010 ns, At safepoint: 4318 ns, Total: 28169 ns
[2025-06-19T00:02:22.154+0000][77][info ][safepoint   ] Safepoint "Cleanup", Time since last: 6001473339 ns, Reaching safepoint: 56831 ns, Cleanup: 16403 ns, At safepoint: 5922 ns, Total: 79156 ns
[2025-06-19T00:02:27.156+0000][77][info ][safepoint   ] Safepoint "Cleanup", Time since last: 5001349318 ns, Reaching safepoint: 39748 ns, Cleanup: 30042 ns, At safepoint: 6811 ns, Total: 76601 ns
[2025-06-19T00:02:32.157+0000][77][info ][safepoint   ] Safepoint "Cleanup", Time since last: 5001387488 ns, Reaching safepoint: 26438 ns, Cleanup: 13424 ns, At safepoint: 5517 ns, Total: 45379 ns
[2025-06-19T00:02:37.401+0000][77][info ][safepoint   ] Safepoint "Cleanup", Time since last: 2000988864 ns, Reaching safepoint: 27344 ns, Cleanup: 16229 ns, At safepoint: 5458 ns, Total: 49031 ns
[2025-06-19T00:02:39.491+0000][77][info ][safepoint   ] Safepoint "Cleanup", Time since last: 2090209089 ns, Reaching safepoint: 104009 ns, Cleanup: 9353 ns, At safepoint: 56180 ns, Total: 169542 ns
[2025-06-19T00:02:49.494+0000][77][info ][safepoint   ] Safepoint "Cleanup", Time since last: 10002613790 ns, Reaching safepoint: 59731 ns, Cleanup: 15318 ns, At safepoint: 5683 ns, Total: 80732 ns
[2025-06-19T00:02:55.495+0000][77][info ][safepoint   ] Safepoint "Cleanup", Time since last: 6001610306 ns, Reaching safepoint: 54282 ns, Cleanup: 14365 ns, At safepoint: 7071 ns, Total: 75718 ns
[2025-06-19T00:03:32.722+0000][77][info ][safepoint   ] Safepoint "Cleanup", Time since last: 33930964902 ns, Reaching safepoint: 57693 ns, Cleanup: 16027 ns, At safepoint: 6111 ns, Total: 79831 ns
[2025-06-19T00:03:55.956+0000][77][info ][safepoint   ] Safepoint "Cleanup", Time since last: 20047128256 ns, Reaching safepoint: 89659 ns, Cleanup: 7848 ns, At safepoint: 36812 ns, Total: 134319 ns
[2025-06-19T00:03:56.995+0000][77][info ][safepoint   ] Safepoint "Cleanup", Time since last: 1039486169 ns, Reaching safepoint: 28331 ns, Cleanup: 42977 ns, At safepoint: 5733 ns, Total: 77041 ns
[2025-06-19T00:04:52.610+0000][77][info ][safepoint   ] Safepoint "Cleanup", Time since last: 48945791518 ns, Reaching safepoint: 94052 ns, Cleanup: 16676 ns, At safepoint: 6219 ns, Total: 116947 ns
[2025-06-19T00:05:12.462+0000][77][info ][gc,start    ] GC(21) Pause Young (Normal) (G1 Evacuation Pause)
[2025-06-19T00:05:12.462+0000][77][info ][gc,task     ] GC(21) Using 23 workers of 23 for evacuation
[2025-06-19T00:05:12.463+0000][77][debug][gc,age      ] GC(21) Desired survivor size 81788928 bytes, new threshold 15 (max threshold 15)
[2025-06-19T00:05:12.635+0000][77][info ][gc,phases   ] GC(21)   Pre Evacuate Collection Set: 0.8ms
[2025-06-19T00:05:12.635+0000][77][info ][gc,phases   ] GC(21)   Merge Heap Roots: 0.4ms
[2025-06-19T00:05:12.636+0000][77][info ][gc,phases   ] GC(21)   Evacuate Collection Set: 164.8ms
[2025-06-19T00:05:12.636+0000][77][info ][gc,phases   ] GC(21)   Post Evacuate Collection Set: 5.1ms
[2025-06-19T00:05:12.637+0000][77][info ][gc,phases   ] GC(21)   Other: 1.4ms
[2025-06-19T00:05:12.637+0000][77][trace][gc,age      ] GC(21) Age table with threshold 15 (max threshold 15)
[2025-06-19T00:05:12.637+0000][77][trace][gc,age      ] GC(21) - age   1:    8117904 bytes,    8117904 total
[2025-06-19T00:05:12.638+0000][77][trace][gc,age      ] GC(21) - age   2:     318752 bytes,    8436656 total
[2025-06-19T00:05:12.638+0000][77][trace][gc,age      ] GC(21) - age   3:      23312 bytes,    8459968 total
[2025-06-19T00:05:12.639+0000][77][trace][gc,age      ] GC(21) - age   4:      33584 bytes,    8493552 total
[2025-06-19T00:05:12.639+0000][77][trace][gc,age      ] GC(21) - age   5:      20592 bytes,    8514144 total
[2025-06-19T00:05:12.640+0000][77][trace][gc,age      ] GC(21) - age   6:      40648 bytes,    8554792 total
[2025-06-19T00:05:12.640+0000][77][trace][gc,age      ] GC(21) - age   7:      52648 bytes,    8607440 total
[2025-06-19T00:05:12.641+0000][77][trace][gc,age      ] GC(21) - age   8:   15947768 bytes,   24555208 total
[2025-06-19T00:05:12.641+0000][77][trace][gc,age      ] GC(21) - age   9:   36639216 bytes,   61194424 total
[2025-06-19T00:05:12.641+0000][77][trace][gc,age      ] GC(21) - age  10:   15958880 bytes,   77153304 total
[2025-06-19T00:05:12.642+0000][77][info ][gc,heap     ] GC(21) Eden regions: 285->0(285)
[2025-06-19T00:05:12.642+0000][77][info ][gc,heap     ] GC(21) Survivor regions: 22->22(39)
[2025-06-19T00:05:12.643+0000][77][info ][gc,heap     ] GC(21) Old regions: 15->15
[2025-06-19T00:05:12.644+0000][77][info ][gc,heap     ] GC(21) Humongous regions: 0->0
[2025-06-19T00:05:12.644+0000][77][info ][gc,metaspace] GC(21) Metaspace: 136518K(139968K)->136518K(139968K) NonClass: 118506K(120256K)->118506K(120256K) Class: 18011K(19712K)->18011K(19712K)
[2025-06-19T00:05:12.645+0000][77][info ][gc          ] GC(21) Pause Young (Normal) (G1 Evacuation Pause) 1285M->142M(2048M) 182.931ms
[2025-06-19T00:05:12.645+0000][77][info ][gc,cpu      ] GC(21) User=0.69s Sys=0.17s Real=0.18s
[2025-06-19T00:05:12.646+0000][77][info ][safepoint   ] Safepoint "G1CollectForAllocation", Time since last: 19851026595 ns, Reaching safepoint: 32920 ns, Cleanup: 3849 ns, At safepoint: 183966469 ns, Total: 184003238 ns
[2025-06-19T00:05:13.742+0000][77][info ][safepoint   ] Safepoint "Cleanup", Time since last: 1096122820 ns, Reaching safepoint: 29245 ns, Cleanup: 21019 ns, At safepoint: 5615 ns, Total: 55879 ns
[2025-06-19T00:05:28.861+0000][77][info ][safepoint   ] Safepoint "Cleanup", Time since last: 11785755901 ns, Reaching safepoint: 9054 ns, Cleanup: 6206 ns, At safepoint: 4186 ns, Total: 19446 ns
[2025-06-19T00:05:45.971+0000][77][info ][safepoint   ] Safepoint "Cleanup", Time since last: 17110045133 ns, Reaching safepoint: 123087 ns, Cleanup: 29546 ns, At safepoint: 6835 ns, Total: 159468 ns
[2025-06-19T00:06:32.533+0000][77][info ][safepoint   ] Safepoint "Cleanup", Time since last: 39943677760 ns, Reaching safepoint: 12761 ns, Cleanup: 10492 ns, At safepoint: 4774 ns, Total: 28027 ns
[2025-06-19T00:06:42.535+0000][77][info ][safepoint   ] Safepoint "Cleanup", Time since last: 10001920767 ns, Reaching safepoint: 60380 ns, Cleanup: 13183 ns, At safepoint: 5756 ns, Total: 79319 ns
[2025-06-19T00:07:49.054+0000][77][info ][safepoint   ] Safepoint "Cleanup", Time since last: 59978688590 ns, Reaching safepoint: 9301 ns, Cleanup: 10168 ns, At safepoint: 21604 ns, Total: 41073 ns
[2025-06-19T00:07:50.189+0000][77][info ][safepoint   ] Safepoint "Cleanup", Time since last: 1134893012 ns, Reaching safepoint: 28768 ns, Cleanup: 19747 ns, At safepoint: 5704 ns, Total: 54219 ns
[2025-06-19T00:07:59.191+0000][77][info ][safepoint   ] Safepoint "Cleanup", Time since last: 9002191169 ns, Reaching safepoint: 23198 ns, Cleanup: 11549 ns, At safepoint: 5144 ns, Total: 39891 ns
[2025-06-19T00:09:05.524+0000][77][info ][safepoint   ] Safepoint "Cleanup", Time since last: 59861040122 ns, Reaching safepoint: 9425 ns, Cleanup: 11846 ns, At safepoint: 4563 ns, Total: 25834 ns
[2025-06-19T00:09:35.900+0000][77][info ][safepoint   ] Safepoint "Cleanup", Time since last: 27054450447 ns, Reaching safepoint: 89775 ns, Cleanup: 18477 ns, At safepoint: 9725 ns, Total: 117977 ns
[2025-06-19T00:10:09.393+0000][77][info ][safepoint   ] Safepoint "Cleanup", Time since last: 30146103248 ns, Reaching safepoint: 58643 ns, Cleanup: 15468 ns, At safepoint: 7073 ns, Total: 81184 ns
[2025-06-19T00:10:15.395+0000][77][info ][safepoint   ] Safepoint "Cleanup", Time since last: 6001917938 ns, Reaching safepoint: 67063 ns, Cleanup: 13464 ns, At safepoint: 6085 ns, Total: 86612 ns
[2025-06-19T00:10:43.565+0000][77][info ][safepoint   ] Safepoint "Cleanup", Time since last: 24832711914 ns, Reaching safepoint: 59413 ns, Cleanup: 15005 ns, At safepoint: 5934 ns, Total: 80352 ns
[2025-06-19T00:11:02.899+0000][77][info ][safepoint   ] Safepoint "Cleanup", Time since last: 16002948742 ns, Reaching safepoint: 28643 ns, Cleanup: 13228 ns, At safepoint: 5539 ns, Total: 47410 ns
[2025-06-19T00:11:17.091+0000][77][info ][safepoint   ] Safepoint "Cleanup", Time since last: 14191792719 ns, Reaching safepoint: 60674 ns, Cleanup: 45455 ns, At safepoint: 6686 ns, Total: 112815 ns
[2025-06-19T00:11:22.092+0000][77][info ][safepoint   ] Safepoint "Cleanup", Time since last: 5001534572 ns, Reaching safepoint: 26354 ns, Cleanup: 46920 ns, At safepoint: 6300 ns, Total: 79574 ns
[2025-06-19T00:11:32.423+0000][77][info ][safepoint   ] Safepoint "Cleanup", Time since last: 7001462937 ns, Reaching safepoint: 73975 ns, Cleanup: 28312 ns, At safepoint: 6011 ns, Total: 108298 ns
[2025-06-19T00:11:42.217+0000][77][info ][safepoint   ] Safepoint "Cleanup", Time since last: 9793202883 ns, Reaching safepoint: 9893 ns, Cleanup: 9375 ns, At safepoint: 4357 ns, Total: 23625 ns
[2025-06-19T00:11:50.279+0000][77][info ][safepoint   ] Safepoint "Cleanup", Time since last: 8062649813 ns, Reaching safepoint: 86235 ns, Cleanup: 34318 ns, At safepoint: 7624 ns, Total: 128177 ns
[2025-06-19T00:11:52.280+0000][77][info ][safepoint   ] Safepoint "Cleanup", Time since last: 2000952254 ns, Reaching safepoint: 24872 ns, Cleanup: 22046 ns, At safepoint: 5187 ns, Total: 52105 ns
[2025-06-19T00:12:23.722+0000][77][info ][safepoint   ] Safepoint "Cleanup", Time since last: 28168630517 ns, Reaching safepoint: 64232 ns, Cleanup: 17954 ns, At safepoint: 7376 ns, Total: 89562 ns
[2025-06-19T00:14:18.812+0000][77][info ][safepoint   ] Safepoint "Cleanup", Time since last: 101909338766 ns, Reaching safepoint: 116122 ns, Cleanup: 11302 ns, At safepoint: 38924 ns, Total: 166348 ns
[2025-06-19T00:14:19.858+0000][77][info ][safepoint   ] Safepoint "Cleanup", Time since last: 1045842016 ns, Reaching safepoint: 76858 ns, Cleanup: 18906 ns, At safepoint: 9294 ns, Total: 105058 ns
[2025-06-19T00:14:28.860+0000][77][info ][safepoint   ] Safepoint "Cleanup", Time since last: 9002079245 ns, Reaching safepoint: 26207 ns, Cleanup: 16874 ns, At safepoint: 5225 ns, Total: 48306 ns
[2025-06-19T00:15:10.191+0000][77][info ][safepoint   ] Safepoint "Cleanup", Time since last: 38109224902 ns, Reaching safepoint: 83311 ns, Cleanup: 17090 ns, At safepoint: 7850 ns, Total: 108251 ns
[2025-06-19T00:15:35.213+0000][77][info ][safepoint   ] Safepoint "Cleanup", Time since last: 21688423347 ns, Reaching safepoint: 18117 ns, Cleanup: 14941 ns, At safepoint: 5374 ns, Total: 38432 ns
[2025-06-19T00:15:36.551+0000][77][info ][safepoint   ] Safepoint "Cleanup", Time since last: 1337965327 ns, Reaching safepoint: 26888 ns, Cleanup: 16286 ns, At safepoint: 5416 ns, Total: 48590 ns
[2025-06-19T00:15:43.553+0000][77][info ][safepoint   ] Safepoint "Cleanup", Time since last: 7001746297 ns, Reaching safepoint: 109713 ns, Cleanup: 24940 ns, At safepoint: 9078 ns, Total: 143731 ns
[2025-06-19T00:16:32.230+0000][77][info ][safepoint   ] Safepoint "Cleanup", Time since last: 42007450418 ns, Reaching safepoint: 61700 ns, Cleanup: 18055 ns, At safepoint: 6108 ns, Total: 85863 ns
[2025-06-19T00:17:24.214+0000][77][info ][safepoint   ] Safepoint "Cleanup", Time since last: 48694619183 ns, Reaching safepoint: 70206 ns, Cleanup: 15824 ns, At safepoint: 5740 ns, Total: 91770 ns
[2025-06-19T00:17:25.215+0000][77][info ][safepoint   ] Safepoint "Cleanup", Time since last: 1001098645 ns, Reaching safepoint: 54633 ns, Cleanup: 15550 ns, At safepoint: 5949 ns, Total: 76132 ns
[2025-06-19T00:19:04.607+0000][77][info ][safepoint   ] Safepoint "Cleanup", Time since last: 89389274282 ns, Reaching safepoint: 25635 ns, Cleanup: 13052 ns, At safepoint: 5402 ns, Total: 44089 ns
[2025-06-19T00:19:28.369+0000][77][info ][safepoint   ] Safepoint "Cleanup", Time since last: 20532402663 ns, Reaching safepoint: 9191 ns, Cleanup: 6616 ns, At safepoint: 4827 ns, Total: 20634 ns
[2025-06-19T00:20:25.544+0000][77][info ][safepoint   ] Safepoint "Cleanup", Time since last: 50498948638 ns, Reaching safepoint: 97346 ns, Cleanup: 23055 ns, At safepoint: 10337 ns, Total: 130738 ns
[2025-06-19T00:20:58.462+0000][77][info ][safepoint   ] Safepoint "Cleanup", Time since last: 29591050204 ns, Reaching safepoint: 46863 ns, Cleanup: 15564 ns, At safepoint: 6408 ns, Total: 68835 ns
[2025-06-19T00:21:18.900+0000][77][info ][safepoint   ] Safepoint "Cleanup", Time since last: 20438291573 ns, Reaching safepoint: 26028 ns, Cleanup: 13270 ns, At safepoint: 5102 ns, Total: 44400 ns
[2025-06-19T00:21:32.169+0000][77][info ][safepoint   ] Safepoint "Cleanup", Time since last: 10002167138 ns, Reaching safepoint: 60352 ns, Cleanup: 14085 ns, At safepoint: 5640 ns, Total: 80077 ns
[2025-06-19T00:22:04.942+0000][77][info ][gc,start    ] GC(22) Pause Young (Normal) (G1 Evacuation Pause)
[2025-06-19T00:22:04.942+0000][77][info ][gc,task     ] GC(22) Using 23 workers of 23 for evacuation
[2025-06-19T00:22:04.943+0000][77][debug][gc,age      ] GC(22) Desired survivor size 81788928 bytes, new threshold 15 (max threshold 15)
[2025-06-19T00:22:05.086+0000][77][info ][gc,phases   ] GC(22)   Pre Evacuate Collection Set: 0.8ms
[2025-06-19T00:22:05.087+0000][77][info ][gc,phases   ] GC(22)   Merge Heap Roots: 0.4ms
[2025-06-19T00:22:05.087+0000][77][info ][gc,phases   ] GC(22)   Evacuate Collection Set: 136.5ms
[2025-06-19T00:22:05.088+0000][77][info ][gc,phases   ] GC(22)   Post Evacuate Collection Set: 4.4ms
[2025-06-19T00:22:05.088+0000][77][info ][gc,phases   ] GC(22)   Other: 1.6ms
[2025-06-19T00:22:05.089+0000][77][trace][gc,age      ] GC(22) Age table with threshold 15 (max threshold 15)
[2025-06-19T00:22:05.089+0000][77][trace][gc,age      ] GC(22) - age   1:    7315072 bytes,    7315072 total
[2025-06-19T00:22:05.089+0000][77][trace][gc,age      ] GC(22) - age   2:    2539048 bytes,    9854120 total
[2025-06-19T00:22:05.090+0000][77][trace][gc,age      ] GC(22) - age   3:     317200 bytes,   10171320 total
[2025-06-19T00:22:05.090+0000][77][trace][gc,age      ] GC(22) - age   4:      21896 bytes,   10193216 total
[2025-06-19T00:22:05.091+0000][77][trace][gc,age      ] GC(22) - age   5:      33216 bytes,   10226432 total
[2025-06-19T00:22:05.091+0000][77][trace][gc,age      ] GC(22) - age   6:      20120 bytes,   10246552 total
[2025-06-19T00:22:05.091+0000][77][trace][gc,age      ] GC(22) - age   7:      40584 bytes,   10287136 total
[2025-06-19T00:22:05.091+0000][77][trace][gc,age      ] GC(22) - age   8:      52648 bytes,   10339784 total
[2025-06-19T00:22:05.092+0000][77][trace][gc,age      ] GC(22) - age   9:   15947768 bytes,   26287552 total
[2025-06-19T00:22:05.092+0000][77][trace][gc,age      ] GC(22) - age  10:   35893400 bytes,   62180952 total
[2025-06-19T00:22:05.094+0000][77][trace][gc,age      ] GC(22) - age  11:   15958880 bytes,   78139832 total
[2025-06-19T00:22:05.094+0000][77][info ][gc,heap     ] GC(22) Eden regions: 285->0(286)
[2025-06-19T00:22:05.095+0000][77][info ][gc,heap     ] GC(22) Survivor regions: 22->21(39)
[2025-06-19T00:22:05.095+0000][77][info ][gc,heap     ] GC(22) Old regions: 15->15
[2025-06-19T00:22:05.096+0000][77][info ][gc,heap     ] GC(22) Humongous regions: 0->0
[2025-06-19T00:22:05.096+0000][77][info ][gc,metaspace] GC(22) Metaspace: 136726K(140160K)->136726K(140160K) NonClass: 118712K(120448K)->118712K(120448K) Class: 18014K(19712K)->18014K(19712K)
[2025-06-19T00:22:05.097+0000][77][info ][gc          ] GC(22) Pause Young (Normal) (G1 Evacuation Pause) 1282M->141M(2048M) 155.156ms
[2025-06-19T00:22:05.098+0000][77][info ][gc,cpu      ] GC(22) User=0.51s Sys=0.09s Real=0.15s
[2025-06-19T00:22:05.098+0000][77][info ][safepoint   ] Safepoint "G1CollectForAllocation", Time since last: 29440324101 ns, Reaching safepoint: 109928 ns, Cleanup: 5399 ns, At safepoint: 156787167 ns, Total: 156902494 ns
[2025-06-19T00:22:06.213+0000][77][info ][safepoint   ] Safepoint "Cleanup", Time since last: 1114446865 ns, Reaching safepoint: 28197 ns, Cleanup: 21616 ns, At safepoint: 5818 ns, Total: 55631 ns
[2025-06-19T00:22:10.214+0000][77][info ][safepoint   ] Safepoint "Cleanup", Time since last: 4001338816 ns, Reaching safepoint: 28778 ns, Cleanup: 19232 ns, At safepoint: 5623 ns, Total: 53633 ns
[2025-06-19T00:22:11.215+0000][77][info ][safepoint   ] Safepoint "Cleanup", Time since last: 1000905158 ns, Reaching safepoint: 27277 ns, Cleanup: 14440 ns, At safepoint: 5538 ns, Total: 47255 ns
[2025-06-19T00:22:15.216+0000][77][info ][safepoint   ] Safepoint "Cleanup", Time since last: 4001118725 ns, Reaching safepoint: 40667 ns, Cleanup: 14437 ns, At safepoint: 5943 ns, Total: 61047 ns
[2025-06-19T00:22:25.530+0000][77][info ][safepoint   ] Safepoint "Cleanup", Time since last: 10313591549 ns, Reaching safepoint: 33152 ns, Cleanup: 17583 ns, At safepoint: 6543 ns, Total: 57278 ns
[2025-06-19T00:22:38.867+0000][77][info ][safepoint   ] Safepoint "Cleanup", Time since last: 10002715838 ns, Reaching safepoint: 61835 ns, Cleanup: 15744 ns, At safepoint: 5686 ns, Total: 83265 ns
[2025-06-19T00:23:21.652+0000][77][info ][safepoint   ] Safepoint "Cleanup", Time since last: 39451378620 ns, Reaching safepoint: 10073 ns, Cleanup: 10137 ns, At safepoint: 4711 ns, Total: 24921 ns
[2025-06-19T00:23:23.229+0000][77][info ][safepoint   ] Safepoint "Cleanup", Time since last: 1576318795 ns, Reaching safepoint: 26880 ns, Cleanup: 21132 ns, At safepoint: 5225 ns, Total: 53237 ns
[2025-06-19T00:23:31.230+0000][77][info ][safepoint   ] Safepoint "Cleanup", Time since last: 8001674710 ns, Reaching safepoint: 65682 ns, Cleanup: 19732 ns, At safepoint: 5995 ns, Total: 91409 ns
[2025-06-19T00:25:58.286+0000][77][info ][safepoint   ] Safepoint "Cleanup", Time since last: 130562149002 ns, Reaching safepoint: 12086 ns, Cleanup: 19072 ns, At safepoint: 4244 ns, Total: 35402 ns
[2025-06-19T00:25:59.339+0000][77][info ][safepoint   ] Safepoint "Cleanup", Time since last: 1052987340 ns, Reaching safepoint: 28060 ns, Cleanup: 19798 ns, At safepoint: 5374 ns, Total: 53232 ns
[2025-06-19T00:26:08.341+0000][77][info ][safepoint   ] Safepoint "Cleanup", Time since last: 9002110168 ns, Reaching safepoint: 50231 ns, Cleanup: 19752 ns, At safepoint: 6264 ns, Total: 76247 ns
[2025-06-19T00:26:18.344+0000][77][info ][safepoint   ] Safepoint "Cleanup", Time since last: 10002163333 ns, Reaching safepoint: 71246 ns, Cleanup: 17434 ns, At safepoint: 5600 ns, Total: 94280 ns
[2025-06-19T00:26:41.682+0000][77][info ][safepoint   ] Safepoint "Cleanup", Time since last: 20003200057 ns, Reaching safepoint: 237592 ns, Cleanup: 16814 ns, At safepoint: 31536 ns, Total: 285942 ns
[2025-06-19T00:28:31.448+0000][77][info ][safepoint   ] Safepoint "Cleanup", Time since last: 99862683952 ns, Reaching safepoint: 11247 ns, Cleanup: 7910 ns, At safepoint: 23701 ns, Total: 42858 ns
[2025-06-19T00:28:45.787+0000][77][info ][safepoint   ] Safepoint "Cleanup", Time since last: 11002596772 ns, Reaching safepoint: 25899 ns, Cleanup: 14773 ns, At safepoint: 5303 ns, Total: 45975 ns
[2025-06-19T00:28:52.788+0000][77][info ][safepoint   ] Safepoint "Cleanup", Time since last: 7001432424 ns, Reaching safepoint: 60401 ns, Cleanup: 12901 ns, At safepoint: 7147 ns, Total: 80449 ns
[2025-06-19T00:28:54.792+0000][77][info ][safepoint   ] Safepoint "Cleanup", Time since last: 2003730534 ns, Reaching safepoint: 29427 ns, Cleanup: 26990 ns, At safepoint: 5976 ns, Total: 62393 ns
[2025-06-19T00:29:51.450+0000][77][info ][safepoint   ] Safepoint "Cleanup", Time since last: 50002941551 ns, Reaching safepoint: 8962 ns, Cleanup: 11325 ns, At safepoint: 4663 ns, Total: 24950 ns
[2025-06-19T00:30:45.373+0000][77][info ][safepoint   ] Safepoint "Cleanup", Time since last: 50687945918 ns, Reaching safepoint: 67453 ns, Cleanup: 15118 ns, At safepoint: 5773 ns, Total: 88344 ns
[2025-06-19T00:31:32.069+0000][77][info ][safepoint   ] Safepoint "Cleanup", Time since last: 40031492773 ns, Reaching safepoint: 100934 ns, Cleanup: 16794 ns, At safepoint: 6479 ns, Total: 124207 ns
[2025-06-19T00:32:24.496+0000][77][info ][safepoint   ] Safepoint "Cleanup", Time since last: 49221254435 ns, Reaching safepoint: 11383 ns, Cleanup: 8728 ns, At safepoint: 4366 ns, Total: 24477 ns
[2025-06-19T00:33:21.265+0000][77][info ][safepoint   ] Safepoint "Cleanup", Time since last: 50075829590 ns, Reaching safepoint: 86966 ns, Cleanup: 20560 ns, At safepoint: 9575 ns, Total: 117101 ns
[2025-06-19T00:33:44.488+0000][77][info ][safepoint   ] Safepoint "Cleanup", Time since last: 19922168523 ns, Reaching safepoint: 10479 ns, Cleanup: 8237 ns, At safepoint: 5171 ns, Total: 23887 ns
[2025-06-19T00:35:10.944+0000][77][info ][safepoint   ] Safepoint "Cleanup", Time since last: 80073652662 ns, Reaching safepoint: 60528 ns, Cleanup: 50124 ns, At safepoint: 6212 ns, Total: 116864 ns
[2025-06-19T00:35:24.279+0000][77][info ][safepoint   ] Safepoint "Cleanup", Time since last: 10001926171 ns, Reaching safepoint: 60858 ns, Cleanup: 16018 ns, At safepoint: 5882 ns, Total: 82758 ns
[2025-06-19T00:36:18.628+0000][77][info ][safepoint   ] Safepoint "Cleanup", Time since last: 51014621025 ns, Reaching safepoint: 24318 ns, Cleanup: 12235 ns, At safepoint: 5719 ns, Total: 42272 ns
[2025-06-19T00:37:37.481+0000][77][info ][safepoint   ] Safepoint "Cleanup", Time since last: 68928661814 ns, Reaching safepoint: 13738 ns, Cleanup: 7408 ns, At safepoint: 4447 ns, Total: 25593 ns
[2025-06-19T00:38:54.030+0000][77][info ][gc,start    ] GC(23) Pause Young (Normal) (G1 Evacuation Pause)
[2025-06-19T00:38:54.031+0000][77][info ][gc,task     ] GC(23) Using 23 workers of 23 for evacuation
[2025-06-19T00:38:54.031+0000][77][debug][gc,age      ] GC(23) Desired survivor size 81788928 bytes, new threshold 15 (max threshold 15)
[2025-06-19T00:38:54.198+0000][77][info ][gc,phases   ] GC(23)   Pre Evacuate Collection Set: 0.8ms
[2025-06-19T00:38:54.199+0000][77][info ][gc,phases   ] GC(23)   Merge Heap Roots: 0.5ms
[2025-06-19T00:38:54.199+0000][77][info ][gc,phases   ] GC(23)   Evacuate Collection Set: 159.5ms
[2025-06-19T00:38:54.200+0000][77][info ][gc,phases   ] GC(23)   Post Evacuate Collection Set: 5.4ms
[2025-06-19T00:38:54.200+0000][77][info ][gc,phases   ] GC(23)   Other: 1.1ms
[2025-06-19T00:38:54.201+0000][77][trace][gc,age      ] GC(23) Age table with threshold 15 (max threshold 15)
[2025-06-19T00:38:54.201+0000][77][trace][gc,age      ] GC(23) - age   1:    4537304 bytes,    4537304 total
[2025-06-19T00:38:54.202+0000][77][trace][gc,age      ] GC(23) - age   2:    1120360 bytes,    5657664 total
[2025-06-19T00:38:54.202+0000][77][trace][gc,age      ] GC(23) - age   3:    2537488 bytes,    8195152 total
[2025-06-19T00:38:54.203+0000][77][trace][gc,age      ] GC(23) - age   4:     315816 bytes,    8510968 total
[2025-06-19T00:38:54.205+0000][77][trace][gc,age      ] GC(23) - age   5:      21424 bytes,    8532392 total
[2025-06-19T00:38:54.205+0000][77][trace][gc,age      ] GC(23) - age   6:      33152 bytes,    8565544 total
[2025-06-19T00:38:54.206+0000][77][trace][gc,age      ] GC(23) - age   7:      20120 bytes,    8585664 total
[2025-06-19T00:38:54.206+0000][77][trace][gc,age      ] GC(23) - age   8:      40520 bytes,    8626184 total
[2025-06-19T00:38:54.207+0000][77][trace][gc,age      ] GC(23) - age   9:      52648 bytes,    8678832 total
[2025-06-19T00:38:54.207+0000][77][trace][gc,age      ] GC(23) - age  10:   15947768 bytes,   24626600 total
[2025-06-19T00:38:54.208+0000][77][trace][gc,age      ] GC(23) - age  11:   35893016 bytes,   60519616 total
[2025-06-19T00:38:54.208+0000][77][trace][gc,age      ] GC(23) - age  12:   15958880 bytes,   76478496 total
[2025-06-19T00:38:54.209+0000][77][info ][gc,heap     ] GC(23) Eden regions: 286->0(285)
[2025-06-19T00:38:54.209+0000][77][info ][gc,heap     ] GC(23) Survivor regions: 21->22(39)
[2025-06-19T00:38:54.209+0000][77][info ][gc,heap     ] GC(23) Old regions: 15->15
[2025-06-19T00:38:54.209+0000][77][info ][gc,heap     ] GC(23) Humongous regions: 0->0
[2025-06-19T00:38:54.210+0000][77][info ][gc,metaspace] GC(23) Metaspace: 136767K(140160K)->136767K(140160K) NonClass: 118752K(120448K)->118752K(120448K) Class: 18014K(19712K)->18014K(19712K)
[2025-06-19T00:38:54.210+0000][77][info ][gc          ] GC(23) Pause Young (Normal) (G1 Evacuation Pause) 1285M->144M(2048M) 180.583ms
[2025-06-19T00:38:54.211+0000][77][info ][gc,cpu      ] GC(23) User=0.62s Sys=0.11s Real=0.18s
[2025-06-19T00:38:54.211+0000][77][info ][safepoint   ] Safepoint "G1CollectForAllocation", Time since last: 70016325934 ns, Reaching safepoint: 26964 ns, Cleanup: 5250 ns, At safepoint: 181593658 ns, Total: 181625872 ns
[2025-06-19T00:38:55.982+0000][77][info ][safepoint   ] Safepoint "Cleanup", Time since last: 1770902721 ns, Reaching safepoint: 27722 ns, Cleanup: 31492 ns, At safepoint: 5801 ns, Total: 65015 ns
[2025-06-19T00:38:56.984+0000][77][info ][safepoint   ] Safepoint "Cleanup", Time since last: 1001308083 ns, Reaching safepoint: 32835 ns, Cleanup: 17311 ns, At safepoint: 5955 ns, Total: 56101 ns
[2025-06-19T00:39:03.985+0000][77][info ][safepoint   ] Safepoint "Cleanup", Time since last: 7001607694 ns, Reaching safepoint: 49314 ns, Cleanup: 14039 ns, At safepoint: 7177 ns, Total: 70530 ns
[2025-06-19T00:39:04.986+0000][77][info ][safepoint   ] Safepoint "Cleanup", Time since last: 1000719535 ns, Reaching safepoint: 26582 ns, Cleanup: 14691 ns, At safepoint: 5655 ns, Total: 46928 ns
[2025-06-19T00:39:37.266+0000][77][info ][safepoint   ] Safepoint "Cleanup", Time since last: 29004182382 ns, Reaching safepoint: 25476 ns, Cleanup: 13701 ns, At safepoint: 5012 ns, Total: 44189 ns
[2025-06-19T00:40:00.479+0000][77][info ][safepoint   ] Safepoint "Cleanup", Time since last: 20003521625 ns, Reaching safepoint: 54301 ns, Cleanup: 15584 ns, At safepoint: 5303 ns, Total: 75188 ns
[2025-06-19T00:40:10.495+0000][77][info ][safepoint   ] Safepoint "Cleanup", Time since last: 10015735084 ns, Reaching safepoint: 9604 ns, Cleanup: 8643 ns, At safepoint: 4670 ns, Total: 22917 ns
[2025-06-19T00:40:45.896+0000][77][info ][safepoint   ] Safepoint "Cleanup", Time since last: 32079464753 ns, Reaching safepoint: 29080 ns, Cleanup: 14565 ns, At safepoint: 5307 ns, Total: 48952 ns
[2025-06-19T00:41:19.130+0000][77][info ][safepoint   ] Safepoint "Cleanup", Time since last: 29952148169 ns, Reaching safepoint: 29754 ns, Cleanup: 13911 ns, At safepoint: 5750 ns, Total: 49415 ns
[2025-06-19T00:41:40.493+0000][77][info ][safepoint   ] Safepoint "Cleanup", Time since last: 18035611997 ns, Reaching safepoint: 66921 ns, Cleanup: 13960 ns, At safepoint: 5773 ns, Total: 86654 ns
[2025-06-19T00:44:04.671+0000][77][info ][safepoint   ] Safepoint "Cleanup", Time since last: 131003380686 ns, Reaching safepoint: 39052 ns, Cleanup: 17672 ns, At safepoint: 7885 ns, Total: 64609 ns
[2025-06-19T00:44:21.878+0000][77][info ][safepoint   ] Safepoint "Cleanup", Time since last: 14002955128 ns, Reaching safepoint: 114869 ns, Cleanup: 16106 ns, At safepoint: 6578 ns, Total: 137553 ns
[2025-06-19T00:44:26.879+0000][77][info ][safepoint   ] Safepoint "Cleanup", Time since last: 5001641411 ns, Reaching safepoint: 58125 ns, Cleanup: 15007 ns, At safepoint: 5977 ns, Total: 79109 ns
[2025-06-19T00:47:26.453+0000][77][info ][safepoint   ] Safepoint "Cleanup", Time since last: 163108640165 ns, Reaching safepoint: 116874 ns, Cleanup: 77011 ns, At safepoint: 8108 ns, Total: 201993 ns
[2025-06-19T00:48:01.212+0000][77][info ][safepoint   ] Safepoint "Cleanup", Time since last: 29893115717 ns, Reaching safepoint: 25552 ns, Cleanup: 13398 ns, At safepoint: 5686 ns, Total: 44636 ns
[2025-06-19T00:49:16.563+0000][77][info ][safepoint   ] Safepoint "Cleanup", Time since last: 67022542087 ns, Reaching safepoint: 12568 ns, Cleanup: 9286 ns, At safepoint: 38649 ns, Total: 60503 ns
[2025-06-19T00:49:29.566+0000][77][info ][safepoint   ] Safepoint "Cleanup", Time since last: 13002546557 ns, Reaching safepoint: 27217 ns, Cleanup: 14175 ns, At safepoint: 6491 ns, Total: 47883 ns
[2025-06-19T00:49:37.568+0000][77][info ][safepoint   ] Safepoint "Cleanup", Time since last: 8002196319 ns, Reaching safepoint: 26083 ns, Cleanup: 14616 ns, At safepoint: 6559 ns, Total: 47258 ns
[2025-06-19T00:50:23.336+0000][77][info ][safepoint   ] Safepoint "Cleanup", Time since last: 39168067230 ns, Reaching safepoint: 65546 ns, Cleanup: 17564 ns, At safepoint: 6678 ns, Total: 89788 ns
[2025-06-19T00:50:33.154+0000][77][info ][safepoint   ] Safepoint "Cleanup", Time since last: 9818423086 ns, Reaching safepoint: 9519 ns, Cleanup: 8099 ns, At safepoint: 20816 ns, Total: 38434 ns
[2025-06-19T00:50:34.265+0000][77][info ][safepoint   ] Safepoint "Cleanup", Time since last: 1110194763 ns, Reaching safepoint: 49375 ns, Cleanup: 513766 ns, At safepoint: 27755 ns, Total: 590896 ns
[2025-06-19T00:51:49.689+0000][77][info ][safepoint   ] Safepoint "Cleanup", Time since last: 68869089669 ns, Reaching safepoint: 9861 ns, Cleanup: 13692 ns, At safepoint: 21914 ns, Total: 45467 ns
[2025-06-19T00:51:50.696+0000][77][info ][safepoint   ] Safepoint "Cleanup", Time since last: 1007468691 ns, Reaching safepoint: 26773 ns, Cleanup: 15252 ns, At safepoint: 6113 ns, Total: 48138 ns
[2025-06-19T00:53:19.532+0000][77][info ][safepoint   ] Safepoint "Cleanup", Time since last: 79003666379 ns, Reaching safepoint: 76769 ns, Cleanup: 20314 ns, At safepoint: 6752 ns, Total: 103835 ns
[2025-06-19T00:53:29.813+0000][77][info ][safepoint   ] Safepoint "Cleanup", Time since last: 10280416331 ns, Reaching safepoint: 30601 ns, Cleanup: 16262 ns, At safepoint: 41379 ns, Total: 88242 ns
[2025-06-19T00:54:16.480+0000][77][info ][safepoint   ] Safepoint "Cleanup", Time since last: 40005660453 ns, Reaching safepoint: 70865 ns, Cleanup: 16748 ns, At safepoint: 6472 ns, Total: 94085 ns
[2025-06-19T00:54:26.212+0000][77][info ][safepoint   ] Safepoint "Cleanup", Time since last: 9731398777 ns, Reaching safepoint: 13005 ns, Cleanup: 10211 ns, At safepoint: 6990 ns, Total: 30206 ns
[2025-06-19T00:55:32.753+0000][77][info ][gc,start    ] GC(24) Pause Young (Normal) (G1 Evacuation Pause)
[2025-06-19T00:55:32.754+0000][77][info ][gc,task     ] GC(24) Using 23 workers of 23 for evacuation
[2025-06-19T00:55:32.754+0000][77][debug][gc,age      ] GC(24) Desired survivor size 81788928 bytes, new threshold 15 (max threshold 15)
[2025-06-19T00:55:32.892+0000][77][info ][gc,phases   ] GC(24)   Pre Evacuate Collection Set: 0.9ms
[2025-06-19T00:55:32.893+0000][77][info ][gc,phases   ] GC(24)   Merge Heap Roots: 0.4ms
[2025-06-19T00:55:32.893+0000][77][info ][gc,phases   ] GC(24)   Evacuate Collection Set: 131.6ms
[2025-06-19T00:55:32.894+0000][77][info ][gc,phases   ] GC(24)   Post Evacuate Collection Set: 4.1ms
[2025-06-19T00:55:32.894+0000][77][info ][gc,phases   ] GC(24)   Other: 1.3ms
[2025-06-19T00:55:32.895+0000][77][trace][gc,age      ] GC(24) Age table with threshold 15 (max threshold 15)
[2025-06-19T00:55:32.895+0000][77][trace][gc,age      ] GC(24) - age   1:    3888360 bytes,    3888360 total
[2025-06-19T00:55:32.896+0000][77][trace][gc,age      ] GC(24) - age   2:     347976 bytes,    4236336 total
[2025-06-19T00:55:32.896+0000][77][trace][gc,age      ] GC(24) - age   3:    1118792 bytes,    5355128 total
[2025-06-19T00:55:32.897+0000][77][trace][gc,age      ] GC(24) - age   4:    2494216 bytes,    7849344 total
[2025-06-19T00:55:32.897+0000][77][trace][gc,age      ] GC(24) - age   5:     315624 bytes,    8164968 total
[2025-06-19T00:55:32.898+0000][77][trace][gc,age      ] GC(24) - age   6:      20800 bytes,    8185768 total
[2025-06-19T00:55:32.898+0000][77][trace][gc,age      ] GC(24) - age   7:      32216 bytes,    8217984 total
[2025-06-19T00:55:32.899+0000][77][trace][gc,age      ] GC(24) - age   8:      20120 bytes,    8238104 total
[2025-06-19T00:55:32.900+0000][77][trace][gc,age      ] GC(24) - age   9:      40520 bytes,    8278624 total
[2025-06-19T00:55:32.900+0000][77][trace][gc,age      ] GC(24) - age  10:      52648 bytes,    8331272 total
[2025-06-19T00:55:32.901+0000][77][trace][gc,age      ] GC(24) - age  11:   15947768 bytes,   24279040 total
[2025-06-19T00:55:32.902+0000][77][trace][gc,age      ] GC(24) - age  12:   35892936 bytes,   60171976 total
[2025-06-19T00:55:32.902+0000][77][trace][gc,age      ] GC(24) - age  13:   15958880 bytes,   76130856 total
[2025-06-19T00:55:32.903+0000][77][info ][gc,heap     ] GC(24) Eden regions: 285->0(286)
[2025-06-19T00:55:32.903+0000][77][info ][gc,heap     ] GC(24) Survivor regions: 22->21(39)
[2025-06-19T00:55:32.904+0000][77][info ][gc,heap     ] GC(24) Old regions: 15->15
[2025-06-19T00:55:32.906+0000][77][info ][gc,heap     ] GC(24) Humongous regions: 0->0
[2025-06-19T00:55:32.906+0000][77][info ][gc,metaspace] GC(24) Metaspace: 136828K(140224K)->136828K(140224K) NonClass: 118812K(120512K)->118812K(120512K) Class: 18015K(19712K)->18015K(19712K)
[2025-06-19T00:55:32.907+0000][77][info ][gc          ] GC(24) Pause Young (Normal) (G1 Evacuation Pause) 1284M->140M(2048M) 154.135ms
[2025-06-19T00:55:32.908+0000][77][info ][gc,cpu      ] GC(24) User=0.45s Sys=0.12s Real=0.15s
[2025-06-19T00:55:32.909+0000][77][info ][safepoint   ] Safepoint "G1CollectForAllocation", Time since last: 59861054199 ns, Reaching safepoint: 39210 ns, Cleanup: 4223 ns, At safepoint: 156089256 ns, Total: 156132689 ns
[2025-06-19T00:56:53.516+0000][77][info ][safepoint   ] Safepoint "Cleanup", Time since last: 74004754266 ns, Reaching safepoint: 28085 ns, Cleanup: 14320 ns, At safepoint: 6295 ns, Total: 48700 ns
[2025-06-19T00:58:09.486+0000][77][info ][safepoint   ] Safepoint "Cleanup", Time since last: 65968418949 ns, Reaching safepoint: 22043 ns, Cleanup: 13426 ns, At safepoint: 23603 ns, Total: 59072 ns
[2025-06-19T00:58:52.764+0000][77][info ][safepoint   ] Safepoint "Cleanup", Time since last: 40005710959 ns, Reaching safepoint: 66221 ns, Cleanup: 18793 ns, At safepoint: 6690 ns, Total: 91704 ns
[2025-06-19T00:59:03.186+0000][77][info ][safepoint   ] Safepoint "Cleanup", Time since last: 10422180896 ns, Reaching safepoint: 26694 ns, Cleanup: 16326 ns, At safepoint: 6152 ns, Total: 49172 ns
[2025-06-19T00:59:26.089+0000][77][info ][safepoint   ] Safepoint "Cleanup", Time since last: 19568976664 ns, Reaching safepoint: 8897 ns, Cleanup: 7907 ns, At safepoint: 22097 ns, Total: 38901 ns
[2025-06-19T00:59:41.091+0000][77][info ][safepoint   ] Safepoint "Cleanup", Time since last: 15002457462 ns, Reaching safepoint: 34339 ns, Cleanup: 19162 ns, At safepoint: 7408 ns, Total: 60909 ns
[2025-06-19T01:00:13.885+0000][77][info ][safepoint   ] Safepoint "Cleanup", Time since last: 29457229246 ns, Reaching safepoint: 68508 ns, Cleanup: 16209 ns, At safepoint: 7486 ns, Total: 92203 ns
[2025-06-19T01:01:06.107+0000][77][info ][safepoint   ] Safepoint "Cleanup", Time since last: 45578456319 ns, Reaching safepoint: 61175 ns, Cleanup: 14610 ns, At safepoint: 6627 ns, Total: 82412 ns
[2025-06-19T01:02:02.654+0000][77][info ][safepoint   ] Safepoint "Cleanup", Time since last: 49976607928 ns, Reaching safepoint: 11447 ns, Cleanup: 8366 ns, At safepoint: 24208 ns, Total: 44021 ns
[2025-06-19T01:02:03.790+0000][77][info ][safepoint   ] Safepoint "Cleanup", Time since last: 1135722213 ns, Reaching safepoint: 105305 ns, Cleanup: 39577 ns, At safepoint: 13411 ns, Total: 158293 ns
[2025-06-19T01:02:46.595+0000][77][info ][safepoint   ] Safepoint "Cleanup", Time since last: 39372965091 ns, Reaching safepoint: 85879 ns, Cleanup: 22386 ns, At safepoint: 10120 ns, Total: 118385 ns
[2025-06-19T01:05:22.643+0000][77][info ][safepoint   ] Safepoint "Cleanup", Time since last: 139483017610 ns, Reaching safepoint: 85873 ns, Cleanup: 14086 ns, At safepoint: 7861 ns, Total: 107820 ns
[2025-06-19T01:06:49.924+0000][77][info ][safepoint   ] Safepoint "Cleanup", Time since last: 80636317972 ns, Reaching safepoint: 29250 ns, Cleanup: 15088 ns, At safepoint: 6588 ns, Total: 50926 ns
[2025-06-19T01:06:54.925+0000][77][info ][safepoint   ] Safepoint "Cleanup", Time since last: 5001360054 ns, Reaching safepoint: 105230 ns, Cleanup: 20010 ns, At safepoint: 6743 ns, Total: 131983 ns
[2025-06-19T01:07:12.659+0000][77][info ][safepoint   ] Safepoint "Cleanup", Time since last: 14374471586 ns, Reaching safepoint: 9384 ns, Cleanup: 8261 ns, At safepoint: 5274 ns, Total: 22919 ns
[2025-06-19T01:07:13.660+0000][77][info ][safepoint   ] Safepoint "Cleanup", Time since last: 1000865488 ns, Reaching safepoint: 26505 ns, Cleanup: 15014 ns, At safepoint: 6381 ns, Total: 47900 ns
[2025-06-19T01:08:09.935+0000][77][info ][safepoint   ] Safepoint "Cleanup", Time since last: 49655029187 ns, Reaching safepoint: 64089 ns, Cleanup: 19711 ns, At safepoint: 6509 ns, Total: 90309 ns
[2025-06-19T01:08:29.222+0000][77][info ][safepoint   ] Safepoint "Cleanup", Time since last: 19287258656 ns, Reaching safepoint: 11529 ns, Cleanup: 12455 ns, At safepoint: 4962 ns, Total: 28946 ns
[2025-06-19T01:10:09.942+0000][77][info ][safepoint   ] Safepoint "Cleanup", Time since last: 90768842470 ns, Reaching safepoint: 36633 ns, Cleanup: 15086 ns, At safepoint: 7013 ns, Total: 58732 ns
[2025-06-19T01:10:23.285+0000][77][info ][safepoint   ] Safepoint "Cleanup", Time since last: 10001939782 ns, Reaching safepoint: 70830 ns, Cleanup: 22439 ns, At safepoint: 21445 ns, Total: 114714 ns
[2025-06-19T01:10:49.290+0000][77][info ][safepoint   ] Safepoint "Cleanup", Time since last: 26004754327 ns, Reaching safepoint: 33092 ns, Cleanup: 15000 ns, At safepoint: 6819 ns, Total: 54911 ns
[2025-06-19T01:12:22.473+0000][77][info ][gc,start    ] GC(25) Pause Young (Normal) (G1 Evacuation Pause)
[2025-06-19T01:12:22.474+0000][77][info ][gc,task     ] GC(25) Using 23 workers of 23 for evacuation
[2025-06-19T01:12:22.476+0000][77][debug][gc,age      ] GC(25) Desired survivor size 81788928 bytes, new threshold 15 (max threshold 15)
[2025-06-19T01:12:22.630+0000][77][info ][gc,phases   ] GC(25)   Pre Evacuate Collection Set: 0.8ms
[2025-06-19T01:12:22.631+0000][77][info ][gc,phases   ] GC(25)   Merge Heap Roots: 0.5ms
[2025-06-19T01:12:22.632+0000][77][info ][gc,phases   ] GC(25)   Evacuate Collection Set: 145.3ms
[2025-06-19T01:12:22.633+0000][77][info ][gc,phases   ] GC(25)   Post Evacuate Collection Set: 4.5ms
[2025-06-19T01:12:22.633+0000][77][info ][gc,phases   ] GC(25)   Other: 4.5ms
[2025-06-19T01:12:22.634+0000][77][trace][gc,age      ] GC(25) Age table with threshold 15 (max threshold 15)
[2025-06-19T01:12:22.634+0000][77][trace][gc,age      ] GC(25) - age   1:    4316848 bytes,    4316848 total
[2025-06-19T01:12:22.635+0000][77][trace][gc,age      ] GC(25) - age   2:      11704 bytes,    4328552 total
[2025-06-19T01:12:22.635+0000][77][trace][gc,age      ] GC(25) - age   3:     346440 bytes,    4674992 total
[2025-06-19T01:12:22.636+0000][77][trace][gc,age      ] GC(25) - age   4:    1117440 bytes,    5792432 total
[2025-06-19T01:12:22.637+0000][77][trace][gc,age      ] GC(25) - age   5:    2493568 bytes,    8286000 total
[2025-06-19T01:12:22.637+0000][77][trace][gc,age      ] GC(25) - age   6:     315624 bytes,    8601624 total
[2025-06-19T01:12:22.639+0000][77][trace][gc,age      ] GC(25) - age   7:      20800 bytes,    8622424 total
[2025-06-19T01:12:22.639+0000][77][trace][gc,age      ] GC(25) - age   8:      32216 bytes,    8654640 total
[2025-06-19T01:12:22.640+0000][77][trace][gc,age      ] GC(25) - age   9:      20120 bytes,    8674760 total
[2025-06-19T01:12:22.641+0000][77][trace][gc,age      ] GC(25) - age  10:      40520 bytes,    8715280 total
[2025-06-19T01:12:22.641+0000][77][trace][gc,age      ] GC(25) - age  11:      52648 bytes,    8767928 total
[2025-06-19T01:12:22.643+0000][77][trace][gc,age      ] GC(25) - age  12:   15947704 bytes,   24715632 total
[2025-06-19T01:12:22.644+0000][77][trace][gc,age      ] GC(25) - age  13:   35892904 bytes,   60608536 total
[2025-06-19T01:12:22.644+0000][77][trace][gc,age      ] GC(25) - age  14:   15958880 bytes,   76567416 total
[2025-06-19T01:12:22.645+0000][77][info ][gc,heap     ] GC(25) Eden regions: 286->0(285)
[2025-06-19T01:12:22.645+0000][77][info ][gc,heap     ] GC(25) Survivor regions: 21->22(39)
[2025-06-19T01:12:22.647+0000][77][info ][gc,heap     ] GC(25) Old regions: 15->15
[2025-06-19T01:12:22.648+0000][77][info ][gc,heap     ] GC(25) Humongous regions: 0->0
[2025-06-19T01:12:22.648+0000][77][info ][gc,metaspace] GC(25) Metaspace: 136881K(140288K)->136881K(140288K) NonClass: 118866K(120576K)->118866K(120576K) Class: 18015K(19712K)->18015K(19712K)
[2025-06-19T01:12:22.649+0000][77][info ][gc          ] GC(25) Pause Young (Normal) (G1 Evacuation Pause) 1284M->143M(2048M) 176.522ms
[2025-06-19T01:12:22.651+0000][77][info ][gc,cpu      ] GC(25) User=0.59s Sys=0.09s Real=0.18s
[2025-06-19T01:12:22.653+0000][77][info ][safepoint   ] Safepoint "G1CollectForAllocation", Time since last: 83235070514 ns, Reaching safepoint: 27180 ns, Cleanup: 4578 ns, At safepoint: 180609453 ns, Total: 180641211 ns
[2025-06-19T01:13:42.660+0000][77][info ][safepoint   ] Safepoint "Cleanup", Time since last: 70003404120 ns, Reaching safepoint: 10851 ns, Cleanup: 12747 ns, At safepoint: 22367 ns, Total: 45965 ns
[2025-06-19T01:14:12.934+0000][77][info ][safepoint   ] Safepoint "Cleanup", Time since last: 27012234886 ns, Reaching safepoint: 111183 ns, Cleanup: 14308 ns, At safepoint: 7145 ns, Total: 132636 ns
[2025-06-19T01:16:04.654+0000][77][info ][safepoint   ] Safepoint "Cleanup", Time since last: 101718022324 ns, Reaching safepoint: 81876 ns, Cleanup: 14078 ns, At safepoint: 9516 ns, Total: 105470 ns
[2025-06-19T01:16:29.076+0000][77][info ][safepoint   ] Safepoint "Cleanup", Time since last: 21142955451 ns, Reaching safepoint: 26833 ns, Cleanup: 15338 ns, At safepoint: 6054 ns, Total: 48225 ns
[2025-06-19T01:19:02.272+0000][77][info ][safepoint   ] Safepoint "Cleanup", Time since last: 139944185998 ns, Reaching safepoint: 27469 ns, Cleanup: 15484 ns, At safepoint: 6262 ns, Total: 49215 ns
[2025-06-19T01:19:48.905+0000][77][info ][safepoint   ] Safepoint "Cleanup", Time since last: 40006046097 ns, Reaching safepoint: 115777 ns, Cleanup: 16550 ns, At safepoint: 7278 ns, Total: 139605 ns
[2025-06-19T01:20:09.975+0000][77][info ][safepoint   ] Safepoint "Cleanup", Time since last: 21069421318 ns, Reaching safepoint: 32391 ns, Cleanup: 18410 ns, At safepoint: 7420 ns, Total: 58221 ns
[2025-06-19T01:20:53.687+0000][77][info ][safepoint   ] Safepoint "Cleanup", Time since last: 37005584166 ns, Reaching safepoint: 77342 ns, Cleanup: 16696 ns, At safepoint: 8130 ns, Total: 102168 ns
[2025-06-19T01:21:28.980+0000][77][info ][safepoint   ] Safepoint "Cleanup", Time since last: 32003856635 ns, Reaching safepoint: 10457 ns, Cleanup: 27987 ns, At safepoint: 21447 ns, Total: 59891 ns
[2025-06-19T01:21:51.984+0000][77][info ][safepoint   ] Safepoint "Cleanup", Time since last: 23003781233 ns, Reaching safepoint: 64675 ns, Cleanup: 14500 ns, At safepoint: 6602 ns, Total: 85777 ns
[2025-06-19T01:22:00.318+0000][77][info ][safepoint   ] Safepoint "Cleanup", Time since last: 5001539173 ns, Reaching safepoint: 63055 ns, Cleanup: 16830 ns, At safepoint: 8789 ns, Total: 88674 ns
[2025-06-19T01:22:23.315+0000][77][info ][safepoint   ] Safepoint "Cleanup", Time since last: 22996797003 ns, Reaching safepoint: 72407 ns, Cleanup: 42179 ns, At safepoint: 7045 ns, Total: 121631 ns
[2025-06-19T01:22:33.591+0000][77][info ][safepoint   ] Safepoint "Cleanup", Time since last: 7001886903 ns, Reaching safepoint: 132837 ns, Cleanup: 49112 ns, At safepoint: 7043 ns, Total: 188992 ns
[2025-06-19T01:22:35.592+0000][77][info ][safepoint   ] Safepoint "Cleanup", Time since last: 2001045944 ns, Reaching safepoint: 28828 ns, Cleanup: 16830 ns, At safepoint: 6227 ns, Total: 51885 ns
[2025-06-19T01:22:45.585+0000][77][info ][safepoint   ] Safepoint "Cleanup", Time since last: 9993000398 ns, Reaching safepoint: 9126 ns, Cleanup: 10170 ns, At safepoint: 5276 ns, Total: 24572 ns
[2025-06-19T01:23:06.899+0000][77][info ][safepoint   ] Safepoint "Cleanup", Time since last: 18002875813 ns, Reaching safepoint: 60686 ns, Cleanup: 21861 ns, At safepoint: 6362 ns, Total: 88909 ns
[2025-06-19T01:24:46.822+0000][77][info ][safepoint   ] Safepoint "Cleanup", Time since last: 90059857419 ns, Reaching safepoint: 75234 ns, Cleanup: 14546 ns, At safepoint: 7230 ns, Total: 97010 ns
[2025-06-19T01:25:22.101+0000][77][info ][safepoint   ] Safepoint "Cleanup", Time since last: 31992916616 ns, Reaching safepoint: 11547 ns, Cleanup: 9303 ns, At safepoint: 66057 ns, Total: 86907 ns
[2025-06-19T01:25:23.281+0000][77][info ][safepoint   ] Safepoint "Cleanup", Time since last: 1180098932 ns, Reaching safepoint: 61613 ns, Cleanup: 13892 ns, At safepoint: 6537 ns, Total: 82042 ns
[2025-06-19T01:25:42.137+0000][77][info ][safepoint   ] Safepoint "Cleanup", Time since last: 18856531456 ns, Reaching safepoint: 40316 ns, Cleanup: 17562 ns, At safepoint: 7597 ns, Total: 65475 ns
[2025-06-19T01:26:48.795+0000][77][info ][safepoint   ] Safepoint "Cleanup", Time since last: 60028316161 ns, Reaching safepoint: 39748 ns, Cleanup: 19137 ns, At safepoint: 10351 ns, Total: 69236 ns
[2025-06-19T01:27:35.395+0000][77][info ][safepoint   ] Safepoint "Cleanup", Time since last: 40007305214 ns, Reaching safepoint: 64348 ns, Cleanup: 14653 ns, At safepoint: 6379 ns, Total: 85380 ns
[2025-06-19T01:27:45.398+0000][77][info ][safepoint   ] Safepoint "Cleanup", Time since last: 10002278764 ns, Reaching safepoint: 57493 ns, Cleanup: 18252 ns, At safepoint: 6527 ns, Total: 82272 ns
[2025-06-19T01:27:55.206+0000][77][info ][safepoint   ] Safepoint "Cleanup", Time since last: 9808152689 ns, Reaching safepoint: 90870 ns, Cleanup: 10369 ns, At safepoint: 36118 ns, Total: 137357 ns
[2025-06-19T01:28:51.452+0000][77][info ][gc,start    ] GC(26) Pause Young (Normal) (G1 Evacuation Pause)
[2025-06-19T01:28:51.453+0000][77][info ][gc,task     ] GC(26) Using 23 workers of 23 for evacuation
[2025-06-19T01:28:51.456+0000][77][debug][gc,age      ] GC(26) Desired survivor size 81788928 bytes, new threshold 15 (max threshold 15)
[2025-06-19T01:28:51.607+0000][77][info ][gc,phases   ] GC(26)   Pre Evacuate Collection Set: 1.1ms
[2025-06-19T01:28:51.607+0000][77][info ][gc,phases   ] GC(26)   Merge Heap Roots: 0.6ms
[2025-06-19T01:28:51.608+0000][77][info ][gc,phases   ] GC(26)   Evacuate Collection Set: 144.1ms
[2025-06-19T01:28:51.608+0000][77][info ][gc,phases   ] GC(26)   Post Evacuate Collection Set: 4.6ms
[2025-06-19T01:28:51.609+0000][77][info ][gc,phases   ] GC(26)   Other: 3.8ms
[2025-06-19T01:28:51.609+0000][77][trace][gc,age      ] GC(26) Age table with threshold 15 (max threshold 15)
[2025-06-19T01:28:51.610+0000][77][trace][gc,age      ] GC(26) - age   1:    5026376 bytes,    5026376 total
[2025-06-19T01:28:51.610+0000][77][trace][gc,age      ] GC(26) - age   2:      39200 bytes,    5065576 total
[2025-06-19T01:28:51.611+0000][77][trace][gc,age      ] GC(26) - age   3:      11232 bytes,    5076808 total
[2025-06-19T01:28:51.611+0000][77][trace][gc,age      ] GC(26) - age   4:      13744 bytes,    5090552 total
[2025-06-19T01:28:51.612+0000][77][trace][gc,age      ] GC(26) - age   5:    1117248 bytes,    6207800 total
[2025-06-19T01:28:51.612+0000][77][trace][gc,age      ] GC(26) - age   6:    2493504 bytes,    8701304 total
[2025-06-19T01:28:51.613+0000][77][trace][gc,age      ] GC(26) - age   7:     315496 bytes,    9016800 total
[2025-06-19T01:28:51.613+0000][77][trace][gc,age      ] GC(26) - age   8:      20800 bytes,    9037600 total
[2025-06-19T01:28:51.614+0000][77][trace][gc,age      ] GC(26) - age   9:      32216 bytes,    9069816 total
[2025-06-19T01:28:51.614+0000][77][trace][gc,age      ] GC(26) - age  10:      20120 bytes,    9089936 total
[2025-06-19T01:28:51.614+0000][77][trace][gc,age      ] GC(26) - age  11:      40520 bytes,    9130456 total
[2025-06-19T01:28:51.615+0000][77][trace][gc,age      ] GC(26) - age  12:      52488 bytes,    9182944 total
[2025-06-19T01:28:51.615+0000][77][trace][gc,age      ] GC(26) - age  13:   15947704 bytes,   25130648 total
[2025-06-19T01:28:51.616+0000][77][trace][gc,age      ] GC(26) - age  14:   35892904 bytes,   61023552 total
[2025-06-19T01:28:51.616+0000][77][trace][gc,age      ] GC(26) - age  15:   15958880 bytes,   76982432 total
[2025-06-19T01:28:51.617+0000][77][info ][gc,heap     ] GC(26) Eden regions: 285->0(285)
[2025-06-19T01:28:51.617+0000][77][info ][gc,heap     ] GC(26) Survivor regions: 22->22(39)
[2025-06-19T01:28:51.619+0000][77][info ][gc,heap     ] GC(26) Old regions: 15->15
[2025-06-19T01:28:51.619+0000][77][info ][gc,heap     ] GC(26) Humongous regions: 0->0
[2025-06-19T01:28:51.620+0000][77][info ][gc,metaspace] GC(26) Metaspace: 137009K(140480K)->137009K(140480K) NonClass: 118993K(120768K)->118993K(120768K) Class: 18015K(19712K)->18015K(19712K)
[2025-06-19T01:28:51.620+0000][77][info ][gc          ] GC(26) Pause Young (Normal) (G1 Evacuation Pause) 1283M->143M(2048M) 168.409ms
[2025-06-19T01:28:51.621+0000][77][info ][gc,cpu      ] GC(26) User=0.54s Sys=0.14s Real=0.17s
[2025-06-19T01:28:51.621+0000][77][info ][safepoint   ] Safepoint "G1CollectForAllocation", Time since last: 49643899229 ns, Reaching safepoint: 50196 ns, Cleanup: 5204 ns, At safepoint: 169625159 ns, Total: 169680559 ns
[2025-06-19T01:30:31.774+0000][77][info ][safepoint   ] Safepoint "Cleanup", Time since last: 90261782236 ns, Reaching safepoint: 13202 ns, Cleanup: 11125 ns, At safepoint: 5079 ns, Total: 29406 ns
[2025-06-19T01:30:32.775+0000][77][info ][safepoint   ] Safepoint "Cleanup", Time since last: 1001107746 ns, Reaching safepoint: 27503 ns, Cleanup: 13772 ns, At safepoint: 5591 ns, Total: 46866 ns
[2025-06-19T01:31:48.273+0000][77][info ][safepoint   ] Safepoint "Cleanup", Time since last: 69010363988 ns, Reaching safepoint: 9664 ns, Cleanup: 6608 ns, At safepoint: 5130 ns, Total: 21402 ns
[2025-06-19T01:35:41.499+0000][77][info ][safepoint   ] Safepoint "Cleanup", Time since last: 209943650379 ns, Reaching safepoint: 23213 ns, Cleanup: 9651 ns, At safepoint: 23004 ns, Total: 55868 ns
[2025-06-19T01:35:54.744+0000][77][info ][safepoint   ] Safepoint "Cleanup", Time since last: 10074363766 ns, Reaching safepoint: 70728 ns, Cleanup: 25753 ns, At safepoint: 7461 ns, Total: 103942 ns
[2025-06-19T01:36:28.064+0000][77][info ][safepoint   ] Safepoint "Cleanup", Time since last: 30005401568 ns, Reaching safepoint: 63298 ns, Cleanup: 15084 ns, At safepoint: 6510 ns, Total: 84892 ns
[2025-06-19T01:37:01.516+0000][77][info ][safepoint   ] Safepoint "Cleanup", Time since last: 30098347950 ns, Reaching safepoint: 10907 ns, Cleanup: 15748 ns, At safepoint: 4821 ns, Total: 31476 ns
[2025-06-19T01:37:02.592+0000][77][info ][safepoint   ] Safepoint "Cleanup", Time since last: 1075465214 ns, Reaching safepoint: 26054 ns, Cleanup: 26735 ns, At safepoint: 6232 ns, Total: 59021 ns
[2025-06-19T01:37:44.928+0000][77][info ][safepoint   ] Safepoint "Cleanup", Time since last: 39005695988 ns, Reaching safepoint: 163125 ns, Cleanup: 20348 ns, At safepoint: 8691 ns, Total: 192164 ns
[2025-06-19T01:39:01.822+0000][77][info ][safepoint   ] Safepoint "Cleanup", Time since last: 70220473412 ns, Reaching safepoint: 63138 ns, Cleanup: 14037 ns, At safepoint: 6062 ns, Total: 83237 ns
[2025-06-19T01:39:34.671+0000][77][info ][safepoint   ] Safepoint "Cleanup", Time since last: 29514940876 ns, Reaching safepoint: 12768 ns, Cleanup: 6803 ns, At safepoint: 4822 ns, Total: 24393 ns
[2025-06-19T01:39:49.065+0000][77][info ][safepoint   ] Safepoint "Cleanup", Time since last: 11060695237 ns, Reaching safepoint: 44662 ns, Cleanup: 18141 ns, At safepoint: 6437 ns, Total: 69240 ns
[2025-06-19T01:40:55.717+0000][77][info ][safepoint   ] Safepoint "Cleanup", Time since last: 59996517382 ns, Reaching safepoint: 32515 ns, Cleanup: 17186 ns, At safepoint: 5574 ns, Total: 55275 ns
[2025-06-19T01:41:15.205+0000][77][info ][safepoint   ] Safepoint "Cleanup", Time since last: 19486933062 ns, Reaching safepoint: 75787 ns, Cleanup: 14826 ns, At safepoint: 8639 ns, Total: 99252 ns
[2025-06-19T01:44:14.742+0000][77][info ][safepoint   ] Safepoint "Cleanup", Time since last: 159519019619 ns, Reaching safepoint: 97599 ns, Cleanup: 19115 ns, At safepoint: 57216 ns, Total: 173930 ns
[2025-06-19T01:45:54.618+0000][77][info ][gc,start    ] GC(27) Pause Young (Normal) (G1 Evacuation Pause)
[2025-06-19T01:45:54.619+0000][77][info ][gc,task     ] GC(27) Using 23 workers of 23 for evacuation
[2025-06-19T01:45:54.621+0000][77][debug][gc,age      ] GC(27) Desired survivor size 81788928 bytes, new threshold 15 (max threshold 15)
[2025-06-19T01:45:54.797+0000][77][info ][gc,phases   ] GC(27)   Pre Evacuate Collection Set: 0.8ms
[2025-06-19T01:45:54.797+0000][77][info ][gc,phases   ] GC(27)   Merge Heap Roots: 0.4ms
[2025-06-19T01:45:54.798+0000][77][info ][gc,phases   ] GC(27)   Evacuate Collection Set: 169.8ms
[2025-06-19T01:45:54.798+0000][77][info ][gc,phases   ] GC(27)   Post Evacuate Collection Set: 4.6ms
[2025-06-19T01:45:54.799+0000][77][info ][gc,phases   ] GC(27)   Other: 2.0ms
[2025-06-19T01:45:54.799+0000][77][trace][gc,age      ] GC(27) Age table with threshold 15 (max threshold 15)
[2025-06-19T01:45:54.799+0000][77][trace][gc,age      ] GC(27) - age   1:    5091176 bytes,    5091176 total
[2025-06-19T01:45:54.800+0000][77][trace][gc,age      ] GC(27) - age   2:    1389368 bytes,    6480544 total
[2025-06-19T01:45:54.800+0000][77][trace][gc,age      ] GC(27) - age   3:      38328 bytes,    6518872 total
[2025-06-19T01:45:54.800+0000][77][trace][gc,age      ] GC(27) - age   4:       8880 bytes,    6527752 total
[2025-06-19T01:45:54.801+0000][77][trace][gc,age      ] GC(27) - age   5:      13584 bytes,    6541336 total
[2025-06-19T01:45:54.801+0000][77][trace][gc,age      ] GC(27) - age   6:    1117056 bytes,    7658392 total
[2025-06-19T01:45:54.801+0000][77][trace][gc,age      ] GC(27) - age   7:    2492880 bytes,   10151272 total
[2025-06-19T01:45:54.802+0000][77][trace][gc,age      ] GC(27) - age   8:     315352 bytes,   10466624 total
[2025-06-19T01:45:54.802+0000][77][trace][gc,age      ] GC(27) - age   9:      20800 bytes,   10487424 total
[2025-06-19T01:45:54.802+0000][77][trace][gc,age      ] GC(27) - age  10:      32216 bytes,   10519640 total
[2025-06-19T01:45:54.803+0000][77][trace][gc,age      ] GC(27) - age  11:      20056 bytes,   10539696 total
[2025-06-19T01:45:54.803+0000][77][trace][gc,age      ] GC(27) - age  12:      40424 bytes,   10580120 total
[2025-06-19T01:45:54.804+0000][77][trace][gc,age      ] GC(27) - age  13:      52488 bytes,   10632608 total
[2025-06-19T01:45:54.804+0000][77][trace][gc,age      ] GC(27) - age  14:   15947704 bytes,   26580312 total
[2025-06-19T01:45:54.805+0000][77][trace][gc,age      ] GC(27) - age  15:   35892424 bytes,   62472736 total
[2025-06-19T01:45:54.805+0000][77][info ][gc,heap     ] GC(27) Eden regions: 285->0(289)
[2025-06-19T01:45:54.806+0000][77][info ][gc,heap     ] GC(27) Survivor regions: 22->18(39)
[2025-06-19T01:45:54.807+0000][77][info ][gc,heap     ] GC(27) Old regions: 15->19
[2025-06-19T01:45:54.807+0000][77][info ][gc,heap     ] GC(27) Humongous regions: 0->0
[2025-06-19T01:45:54.808+0000][77][info ][gc,metaspace] GC(27) Metaspace: 137030K(140480K)->137030K(140480K) NonClass: 119014K(120768K)->119014K(120768K) Class: 18015K(19712K)->18015K(19712K)
[2025-06-19T01:45:54.808+0000][77][info ][gc          ] GC(27) Pause Young (Normal) (G1 Evacuation Pause) 1283M->143M(2048M) 189.953ms
[2025-06-19T01:45:54.808+0000][77][info ][gc,cpu      ] GC(27) User=0.93s Sys=0.05s Real=0.19s
[2025-06-19T01:45:54.809+0000][77][info ][safepoint   ] Safepoint "G1CollectForAllocation", Time since last: 89873250826 ns, Reaching safepoint: 48353 ns, Cleanup: 5335 ns, At safepoint: 191037057 ns, Total: 191090745 ns
[2025-06-19T01:46:14.937+0000][77][info ][safepoint   ] Safepoint "Cleanup", Time since last: 20127814696 ns, Reaching safepoint: 75088 ns, Cleanup: 47454 ns, At safepoint: 6289 ns, Total: 128831 ns
[2025-06-19T01:46:15.938+0000][77][info ][safepoint   ] Safepoint "Cleanup", Time since last: 1001406816 ns, Reaching safepoint: 31863 ns, Cleanup: 15752 ns, At safepoint: 5621 ns, Total: 53236 ns
[2025-06-19T01:46:28.276+0000][77][info ][safepoint   ] Safepoint "Cleanup", Time since last: 9002691951 ns, Reaching safepoint: 62954 ns, Cleanup: 20233 ns, At safepoint: 5746 ns, Total: 88933 ns
[2025-06-19T01:47:45.781+0000][77][info ][safepoint   ] Safepoint "Cleanup", Time since last: 70837808620 ns, Reaching safepoint: 78970 ns, Cleanup: 19434 ns, At safepoint: 7560 ns, Total: 105964 ns
[2025-06-19T01:48:28.026+0000][77][info ][safepoint   ] Safepoint "Cleanup", Time since last: 38910512218 ns, Reaching safepoint: 8830 ns, Cleanup: 6959 ns, At safepoint: 4350 ns, Total: 20139 ns
[2025-06-19T01:48:29.317+0000][77][info ][safepoint   ] Safepoint "Cleanup", Time since last: 1290738201 ns, Reaching safepoint: 27654 ns, Cleanup: 14943 ns, At safepoint: 5521 ns, Total: 48118 ns
[2025-06-19T01:48:41.654+0000][77][info ][safepoint   ] Safepoint "Cleanup", Time since last: 9002371856 ns, Reaching safepoint: 78078 ns, Cleanup: 17171 ns, At safepoint: 7574 ns, Total: 102823 ns
[2025-06-19T01:48:51.657+0000][77][info ][safepoint   ] Safepoint "Cleanup", Time since last: 10002759088 ns, Reaching safepoint: 35811 ns, Cleanup: 19768 ns, At safepoint: 6981 ns, Total: 62560 ns
[2025-06-19T01:49:02.123+0000][77][info ][safepoint   ] Safepoint "Cleanup", Time since last: 10466879823 ns, Reaching safepoint: 29393 ns, Cleanup: 14387 ns, At safepoint: 5688 ns, Total: 49468 ns
[2025-06-19T01:49:38.465+0000][77][info ][safepoint   ] Safepoint "Cleanup", Time since last: 33006558573 ns, Reaching safepoint: 36232 ns, Cleanup: 13324 ns, At safepoint: 5888 ns, Total: 55444 ns
[2025-06-19T01:49:48.024+0000][77][info ][safepoint   ] Safepoint "Cleanup", Time since last: 6224814061 ns, Reaching safepoint: 177497 ns, Cleanup: 13342 ns, At safepoint: 77690 ns, Total: 268529 ns
[2025-06-19T01:50:32.160+0000][77][info ][safepoint   ] Safepoint "Cleanup", Time since last: 40799596965 ns, Reaching safepoint: 65974 ns, Cleanup: 14481 ns, At safepoint: 5957 ns, Total: 86412 ns
[2025-06-19T01:51:04.758+0000][77][info ][safepoint   ] Safepoint "Cleanup", Time since last: 29264761983 ns, Reaching safepoint: 11403 ns, Cleanup: 8119 ns, At safepoint: 4946 ns, Total: 24468 ns
[2025-06-19T01:51:05.759+0000][77][info ][safepoint   ] Safepoint "Cleanup", Time since last: 1001028362 ns, Reaching safepoint: 29627 ns, Cleanup: 15617 ns, At safepoint: 5968 ns, Total: 51212 ns
[2025-06-19T01:52:21.421+0000][77][info ][safepoint   ] Safepoint "Cleanup", Time since last: 68994307673 ns, Reaching safepoint: 183238 ns, Cleanup: 12182 ns, At safepoint: 73767 ns, Total: 269187 ns
[2025-06-19T01:54:48.958+0000][77][info ][safepoint   ] Safepoint "Cleanup", Time since last: 130864654974 ns, Reaching safepoint: 73166 ns, Cleanup: 16807 ns, At safepoint: 5427 ns, Total: 95400 ns
[2025-06-19T01:54:58.049+0000][77][info ][safepoint   ] Safepoint "Cleanup", Time since last: 9091270319 ns, Reaching safepoint: 10951 ns, Cleanup: 10647 ns, At safepoint: 4666 ns, Total: 26264 ns
[2025-06-19T01:54:59.128+0000][77][info ][safepoint   ] Safepoint "Cleanup", Time since last: 1078749540 ns, Reaching safepoint: 26185 ns, Cleanup: 13112 ns, At safepoint: 6145 ns, Total: 45442 ns
[2025-06-19T01:57:11.355+0000][77][info ][safepoint   ] Safepoint "Cleanup", Time since last: 118891325663 ns, Reaching safepoint: 87090 ns, Cleanup: 13971 ns, At safepoint: 39877 ns, Total: 140938 ns
[2025-06-19T01:57:21.358+0000][77][info ][safepoint   ] Safepoint "Cleanup", Time since last: 10001694868 ns, Reaching safepoint: 588079 ns, Cleanup: 13028 ns, At safepoint: 7287 ns, Total: 608394 ns
[2025-06-19T01:57:34.722+0000][77][info ][safepoint   ] Safepoint "Cleanup", Time since last: 10029028524 ns, Reaching safepoint: 32799 ns, Cleanup: 12457 ns, At safepoint: 7923 ns, Total: 53179 ns
[2025-06-19T01:57:35.804+0000][77][info ][safepoint   ] Safepoint "Cleanup", Time since last: 1082049224 ns, Reaching safepoint: 39072 ns, Cleanup: 27691 ns, At safepoint: 6801 ns, Total: 73564 ns
[2025-06-19T01:57:54.719+0000][77][info ][safepoint   ] Safepoint "Cleanup", Time since last: 18914874354 ns, Reaching safepoint: 75179 ns, Cleanup: 18867 ns, At safepoint: 11211 ns, Total: 105257 ns
[2025-06-19T01:58:18.005+0000][77][info ][safepoint   ] Safepoint "Cleanup", Time since last: 20003015198 ns, Reaching safepoint: 64137 ns, Cleanup: 15692 ns, At safepoint: 5881 ns, Total: 85710 ns
[2025-06-19T01:58:51.422+0000][77][info ][safepoint   ] Safepoint "Cleanup", Time since last: 30088358003 ns, Reaching safepoint: 9542 ns, Cleanup: 10417 ns, At safepoint: 4544 ns, Total: 24503 ns
[2025-06-19T01:59:01.367+0000][77][info ][safepoint   ] Safepoint "Cleanup", Time since last: 9940559413 ns, Reaching safepoint: 4222866 ns, Cleanup: 17175 ns, At safepoint: 91831 ns, Total: 4331872 ns
[2025-06-19T02:00:08.112+0000][77][info ][safepoint   ] Safepoint "Cleanup", Time since last: 60053407249 ns, Reaching safepoint: 11266 ns, Cleanup: 10890 ns, At safepoint: 37704 ns, Total: 59860 ns
[2025-06-19T02:00:09.317+0000][77][info ][safepoint   ] Safepoint "Cleanup", Time since last: 1205170256 ns, Reaching safepoint: 30664 ns, Cleanup: 33074 ns, At safepoint: 6298 ns, Total: 70036 ns
[2025-06-19T02:00:31.627+0000][77][info ][safepoint   ] Safepoint "Cleanup", Time since last: 19002545926 ns, Reaching safepoint: 76049 ns, Cleanup: 13362 ns, At safepoint: 6099 ns, Total: 95510 ns
[2025-06-19T02:01:28.057+0000][77][info ][safepoint   ] Safepoint "Cleanup", Time since last: 49778119479 ns, Reaching safepoint: 102959 ns, Cleanup: 9282 ns, At safepoint: 78615 ns, Total: 190856 ns
[2025-06-19T02:02:11.275+0000][77][info ][gc,start    ] GC(28) Pause Young (Normal) (G1 Evacuation Pause)
[2025-06-19T02:02:11.276+0000][77][info ][gc,task     ] GC(28) Using 23 workers of 23 for evacuation
[2025-06-19T02:02:11.276+0000][77][debug][gc,age      ] GC(28) Desired survivor size 81788928 bytes, new threshold 15 (max threshold 15)
[2025-06-19T02:02:11.427+0000][77][info ][gc,phases   ] GC(28)   Pre Evacuate Collection Set: 0.9ms
[2025-06-19T02:02:11.427+0000][77][info ][gc,phases   ] GC(28)   Merge Heap Roots: 0.4ms
[2025-06-19T02:02:11.428+0000][77][info ][gc,phases   ] GC(28)   Evacuate Collection Set: 144.5ms
[2025-06-19T02:02:11.428+0000][77][info ][gc,phases   ] GC(28)   Post Evacuate Collection Set: 3.9ms
[2025-06-19T02:02:11.429+0000][77][info ][gc,phases   ] GC(28)   Other: 1.6ms
[2025-06-19T02:02:11.429+0000][77][trace][gc,age      ] GC(28) Age table with threshold 15 (max threshold 15)
[2025-06-19T02:02:11.429+0000][77][trace][gc,age      ] GC(28) - age   1:    3620736 bytes,    3620736 total
[2025-06-19T02:02:11.430+0000][77][trace][gc,age      ] GC(28) - age   2:       6808 bytes,    3627544 total
[2025-06-19T02:02:11.430+0000][77][trace][gc,age      ] GC(28) - age   3:    1062264 bytes,    4689808 total
[2025-06-19T02:02:11.430+0000][77][trace][gc,age      ] GC(28) - age   4:      37672 bytes,    4727480 total
[2025-06-19T02:02:11.431+0000][77][trace][gc,age      ] GC(28) - age   5:       8752 bytes,    4736232 total
[2025-06-19T02:02:11.431+0000][77][trace][gc,age      ] GC(28) - age   6:      13584 bytes,    4749816 total
[2025-06-19T02:02:11.432+0000][77][trace][gc,age      ] GC(28) - age   7:    1117056 bytes,    5866872 total
[2025-06-19T02:02:11.432+0000][77][trace][gc,age      ] GC(28) - age   8:    2492192 bytes,    8359064 total
[2025-06-19T02:02:11.433+0000][77][trace][gc,age      ] GC(28) - age   9:     315288 bytes,    8674352 total
[2025-06-19T02:02:11.434+0000][77][trace][gc,age      ] GC(28) - age  10:      20736 bytes,    8695088 total
[2025-06-19T02:02:11.434+0000][77][trace][gc,age      ] GC(28) - age  11:      32216 bytes,    8727304 total
[2025-06-19T02:02:11.435+0000][77][trace][gc,age      ] GC(28) - age  12:      19960 bytes,    8747264 total
[2025-06-19T02:02:11.435+0000][77][trace][gc,age      ] GC(28) - age  13:      40320 bytes,    8787584 total
[2025-06-19T02:02:11.436+0000][77][trace][gc,age      ] GC(28) - age  14:      52488 bytes,    8840072 total
[2025-06-19T02:02:11.436+0000][77][trace][gc,age      ] GC(28) - age  15:   15947704 bytes,   24787776 total
[2025-06-19T02:02:11.437+0000][77][info ][gc,heap     ] GC(28) Eden regions: 289->0(299)
[2025-06-19T02:02:11.437+0000][77][info ][gc,heap     ] GC(28) Survivor regions: 18->8(39)
[2025-06-19T02:02:11.437+0000][77][info ][gc,heap     ] GC(28) Old regions: 19->30
[2025-06-19T02:02:11.438+0000][77][info ][gc,heap     ] GC(28) Humongous regions: 0->0
[2025-06-19T02:02:11.438+0000][77][info ][gc,metaspace] GC(28) Metaspace: 137113K(140544K)->137113K(140544K) NonClass: 119096K(120832K)->119096K(120832K) Class: 18017K(19712K)->18017K(19712K)
[2025-06-19T02:02:11.439+0000][77][info ][gc          ] GC(28) Pause Young (Normal) (G1 Evacuation Pause) 1299M->145M(2048M) 164.254ms
[2025-06-19T02:02:11.439+0000][77][info ][gc,cpu      ] GC(28) User=0.69s Sys=0.15s Real=0.17s
[2025-06-19T02:02:11.440+0000][77][info ][safepoint   ] Safepoint "G1CollectForAllocation", Time since last: 39917034421 ns, Reaching safepoint: 74575 ns, Cleanup: 5214 ns, At safepoint: 165374226 ns, Total: 165454015 ns
[2025-06-19T02:03:45.475+0000][77][info ][safepoint   ] Safepoint "Cleanup", Time since last: 84001754675 ns, Reaching safepoint: 68928 ns, Cleanup: 18311 ns, At safepoint: 8440 ns, Total: 95679 ns
[2025-06-19T02:06:32.154+0000][77][info ][safepoint   ] Safepoint "Cleanup", Time since last: 150067693182 ns, Reaching safepoint: 84635 ns, Cleanup: 17152 ns, At safepoint: 40586 ns, Total: 142373 ns
[2025-06-19T02:07:54.692+0000][77][info ][safepoint   ] Safepoint "Cleanup", Time since last: 75864745241 ns, Reaching safepoint: 9853 ns, Cleanup: 12042 ns, At safepoint: 4918 ns, Total: 26813 ns
[2025-06-19T02:08:51.324+0000][77][info ][safepoint   ] Safepoint "Cleanup", Time since last: 50006763586 ns, Reaching safepoint: 70823 ns, Cleanup: 17507 ns, At safepoint: 6260 ns, Total: 94590 ns
[2025-06-19T02:09:14.572+0000][77][info ][safepoint   ] Safepoint "Cleanup", Time since last: 19993960703 ns, Reaching safepoint: 10285 ns, Cleanup: 6973 ns, At safepoint: 21387 ns, Total: 38645 ns
[2025-06-19T02:11:33.336+0000][77][info ][safepoint   ] Safepoint "Cleanup", Time since last: 125298963163 ns, Reaching safepoint: 112169 ns, Cleanup: 16334 ns, At safepoint: 6777 ns, Total: 135280 ns
[2025-06-19T02:11:48.266+0000][77][info ][safepoint   ] Safepoint "Cleanup", Time since last: 14930580748 ns, Reaching safepoint: 11926 ns, Cleanup: 8429 ns, At safepoint: 4371 ns, Total: 24726 ns
[2025-06-19T02:12:01.577+0000][77][info ][safepoint   ] Safepoint "Cleanup", Time since last: 10010462081 ns, Reaching safepoint: 127418 ns, Cleanup: 18274 ns, At safepoint: 12062 ns, Total: 157754 ns
[2025-06-19T02:13:07.840+0000][77][info ][safepoint   ] Safepoint "Cleanup", Time since last: 59692458171 ns, Reaching safepoint: 9466 ns, Cleanup: 9784 ns, At safepoint: 4566 ns, Total: 23816 ns
[2025-06-19T02:13:08.913+0000][77][info ][safepoint   ] Safepoint "Cleanup", Time since last: 1072432019 ns, Reaching safepoint: 59486 ns, Cleanup: 16535 ns, At safepoint: 7294 ns, Total: 83315 ns
[2025-06-19T02:14:24.628+0000][77][info ][safepoint   ] Safepoint "Cleanup", Time since last: 68980405701 ns, Reaching safepoint: 9305 ns, Cleanup: 7608 ns, At safepoint: 4395 ns, Total: 21308 ns
[2025-06-19T02:14:35.038+0000][77][info ][safepoint   ] Safepoint "Cleanup", Time since last: 10409589612 ns, Reaching safepoint: 80625 ns, Cleanup: 14661 ns, At safepoint: 5613 ns, Total: 100899 ns
[2025-06-19T02:19:34.419+0000][77][info ][safepoint   ] Safepoint "Cleanup", Time since last: 269560484705 ns, Reaching safepoint: 18525 ns, Cleanup: 11030 ns, At safepoint: 22287 ns, Total: 51842 ns
[2025-06-19T02:19:35.531+0000][77][info ][safepoint   ] Safepoint "Cleanup", Time since last: 1112416384 ns, Reaching safepoint: 29549 ns, Cleanup: 16442 ns, At safepoint: 5494 ns, Total: 51485 ns
[2025-06-19T02:19:47.763+0000][77][info ][safepoint   ] Safepoint "Cleanup", Time since last: 9001885232 ns, Reaching safepoint: 63261 ns, Cleanup: 17481 ns, At safepoint: 6010 ns, Total: 86752 ns
[2025-06-19T02:20:07.642+0000][77][info ][gc,start    ] GC(29) Pause Young (Normal) (G1 Evacuation Pause)
[2025-06-19T02:20:07.643+0000][77][info ][gc,task     ] GC(29) Using 23 workers of 23 for evacuation
[2025-06-19T02:20:07.644+0000][77][debug][gc,age      ] GC(29) Desired survivor size 81788928 bytes, new threshold 15 (max threshold 15)
[2025-06-19T02:20:07.737+0000][77][info ][gc,phases   ] GC(29)   Pre Evacuate Collection Set: 1.1ms
[2025-06-19T02:20:07.738+0000][77][info ][gc,phases   ] GC(29)   Merge Heap Roots: 0.9ms
[2025-06-19T02:20:07.738+0000][77][info ][gc,phases   ] GC(29)   Evacuate Collection Set: 34.5ms
[2025-06-19T02:20:07.739+0000][77][info ][gc,phases   ] GC(29)   Post Evacuate Collection Set: 2.2ms
[2025-06-19T02:20:07.739+0000][77][info ][gc,phases   ] GC(29)   Other: 55.4ms
[2025-06-19T02:20:07.739+0000][77][trace][gc,age      ] GC(29) Age table with threshold 15 (max threshold 15)
[2025-06-19T02:20:07.740+0000][77][trace][gc,age      ] GC(29) - age   1:    6153280 bytes,    6153280 total
[2025-06-19T02:20:07.740+0000][77][trace][gc,age      ] GC(29) - age   2:     310896 bytes,    6464176 total
[2025-06-19T02:20:07.742+0000][77][trace][gc,age      ] GC(29) - age   3:       6024 bytes,    6470200 total
[2025-06-19T02:20:07.742+0000][77][trace][gc,age      ] GC(29) - age   4:    1059912 bytes,    7530112 total
[2025-06-19T02:20:07.742+0000][77][trace][gc,age      ] GC(29) - age   5:      36992 bytes,    7567104 total
[2025-06-19T02:20:07.743+0000][77][trace][gc,age      ] GC(29) - age   6:       8248 bytes,    7575352 total
[2025-06-19T02:20:07.744+0000][77][trace][gc,age      ] GC(29) - age   7:      13456 bytes,    7588808 total
[2025-06-19T02:20:07.744+0000][77][trace][gc,age      ] GC(29) - age   8:    1116680 bytes,    8705488 total
[2025-06-19T02:20:07.744+0000][77][trace][gc,age      ] GC(29) - age   9:    2492192 bytes,   11197680 total
[2025-06-19T02:20:07.745+0000][77][trace][gc,age      ] GC(29) - age  10:     315288 bytes,   11512968 total
[2025-06-19T02:20:07.746+0000][77][trace][gc,age      ] GC(29) - age  11:      20672 bytes,   11533640 total
[2025-06-19T02:20:07.746+0000][77][trace][gc,age      ] GC(29) - age  12:      32056 bytes,   11565696 total
[2025-06-19T02:20:07.747+0000][77][trace][gc,age      ] GC(29) - age  13:      19960 bytes,   11585656 total
[2025-06-19T02:20:07.747+0000][77][trace][gc,age      ] GC(29) - age  14:      40320 bytes,   11625976 total
[2025-06-19T02:20:07.748+0000][77][trace][gc,age      ] GC(29) - age  15:      52488 bytes,   11678464 total
[2025-06-19T02:20:07.748+0000][77][info ][gc,heap     ] GC(29) Eden regions: 299->0(303)
[2025-06-19T02:20:07.749+0000][77][info ][gc,heap     ] GC(29) Survivor regions: 8->4(39)
[2025-06-19T02:20:07.749+0000][77][info ][gc,heap     ] GC(29) Old regions: 30->37
[2025-06-19T02:20:07.750+0000][77][info ][gc,heap     ] GC(29) Humongous regions: 0->0
[2025-06-19T02:20:07.751+0000][77][info ][gc,metaspace] GC(29) Metaspace: 137121K(140544K)->137121K(140544K) NonClass: 119104K(120832K)->119104K(120832K) Class: 18017K(19712K)->18017K(19712K)
[2025-06-19T02:20:07.752+0000][77][info ][gc          ] GC(29) Pause Young (Normal) (G1 Evacuation Pause) 1341M->160M(2048M) 109.488ms
[2025-06-19T02:20:07.752+0000][77][info ][gc,cpu      ] GC(29) User=0.43s Sys=0.00s Real=0.11s
[2025-06-19T02:20:07.753+0000][77][info ][safepoint   ] Safepoint "G1CollectForAllocation", Time since last: 19878525643 ns, Reaching safepoint: 30187 ns, Cleanup: 4818 ns, At safepoint: 111026904 ns, Total: 111061909 ns
[2025-06-19T02:22:07.516+0000][77][info ][safepoint   ] Safepoint "Cleanup", Time since last: 106534702138 ns, Reaching safepoint: 94943 ns, Cleanup: 16594 ns, At safepoint: 7655 ns, Total: 119192 ns
[2025-06-19T02:22:10.871+0000][77][info ][safepoint   ] Safepoint "Cleanup", Time since last: 3354169651 ns, Reaching safepoint: 9267 ns, Cleanup: 7154 ns, At safepoint: 4396 ns, Total: 20817 ns
[2025-06-19T02:22:54.884+0000][77][info ][safepoint   ] Safepoint "Cleanup", Time since last: 40678730413 ns, Reaching safepoint: 63286 ns, Cleanup: 13215 ns, At safepoint: 6224 ns, Total: 82725 ns
[2025-06-19T02:23:08.225+0000][77][info ][safepoint   ] Safepoint "Cleanup", Time since last: 10001944627 ns, Reaching safepoint: 63974 ns, Cleanup: 20039 ns, At safepoint: 6726 ns, Total: 90739 ns
[2025-06-19T02:23:27.893+0000][77][info ][safepoint   ] Safepoint "Cleanup", Time since last: 19667822441 ns, Reaching safepoint: 9796 ns, Cleanup: 18937 ns, At safepoint: 32398 ns, Total: 61131 ns
[2025-06-19T02:23:48.211+0000][77][info ][safepoint   ] Safepoint "Cleanup", Time since last: 17012460021 ns, Reaching safepoint: 64640 ns, Cleanup: 28233 ns, At safepoint: 5736 ns, Total: 98609 ns
[2025-06-19T02:26:04.259+0000][77][info ][safepoint   ] Safepoint "Cleanup", Time since last: 122698370684 ns, Reaching safepoint: 20328 ns, Cleanup: 10547 ns, At safepoint: 23082 ns, Total: 53957 ns
[2025-06-19T02:26:14.261+0000][77][info ][safepoint   ] Safepoint "Cleanup", Time since last: 10001770369 ns, Reaching safepoint: 68514 ns, Cleanup: 18359 ns, At safepoint: 6415 ns, Total: 93288 ns
[2025-06-19T02:32:34.232+0000][77][info ][safepoint   ] Safepoint "Cleanup", Time since last: 340034102237 ns, Reaching safepoint: 36326 ns, Cleanup: 14167 ns, At safepoint: 37812 ns, Total: 88305 ns
[2025-06-19T02:33:15.580+0000][77][info ][safepoint   ] Safepoint "Cleanup", Time since last: 38005139599 ns, Reaching safepoint: 70373 ns, Cleanup: 17519 ns, At safepoint: 6239 ns, Total: 94131 ns
[2025-06-19T02:33:28.469+0000][77][info ][safepoint   ] Safepoint "Cleanup", Time since last: 12888635269 ns, Reaching safepoint: 90985 ns, Cleanup: 19511 ns, At safepoint: 7165 ns, Total: 117661 ns
[2025-06-19T02:34:00.897+0000][77][info ][safepoint   ] Safepoint "Cleanup", Time since last: 29106027592 ns, Reaching safepoint: 59108 ns, Cleanup: 38976 ns, At safepoint: 6983 ns, Total: 105067 ns
[2025-06-19T02:34:23.260+0000][77][info ][safepoint   ] Safepoint "Cleanup", Time since last: 19003374134 ns, Reaching safepoint: 58352 ns, Cleanup: 22085 ns, At safepoint: 6534 ns, Total: 86971 ns
[2025-06-19T02:35:07.507+0000][77][info ][safepoint   ] Safepoint "Cleanup", Time since last: 40923436022 ns, Reaching safepoint: 36439 ns, Cleanup: 18007 ns, At safepoint: 6523 ns, Total: 60969 ns
[2025-06-19T02:35:08.841+0000][77][info ][safepoint   ] Safepoint "Cleanup", Time since last: 1333808635 ns, Reaching safepoint: 37456 ns, Cleanup: 42699 ns, At safepoint: 8610 ns, Total: 88765 ns
[2025-06-19T02:35:21.180+0000][77][info ][safepoint   ] Safepoint "Cleanup", Time since last: 9002176472 ns, Reaching safepoint: 68293 ns, Cleanup: 17616 ns, At safepoint: 6948 ns, Total: 92857 ns
[2025-06-19T02:36:27.518+0000][77][info ][safepoint   ] Safepoint "Cleanup", Time since last: 59668766881 ns, Reaching safepoint: 22899 ns, Cleanup: 10380 ns, At safepoint: 6017 ns, Total: 39296 ns
[2025-06-19T02:36:28.593+0000][77][info ][safepoint   ] Safepoint "Cleanup", Time since last: 1075372956 ns, Reaching safepoint: 91017 ns, Cleanup: 59805 ns, At safepoint: 11761 ns, Total: 162583 ns
[2025-06-19T02:37:10.909+0000][77][info ][safepoint   ] Safepoint "Cleanup", Time since last: 38982336657 ns, Reaching safepoint: 58369 ns, Cleanup: 13915 ns, At safepoint: 6482 ns, Total: 78766 ns
[2025-06-19T02:37:20.912+0000][77][info ][safepoint   ] Safepoint "Cleanup", Time since last: 10003212688 ns, Reaching safepoint: 70909 ns, Cleanup: 20154 ns, At safepoint: 7668 ns, Total: 98731 ns
[2025-06-19T02:37:34.214+0000][77][info ][gc,start    ] GC(30) Pause Young (Normal) (G1 Evacuation Pause)
[2025-06-19T02:37:34.216+0000][77][info ][gc,task     ] GC(30) Using 23 workers of 23 for evacuation
[2025-06-19T02:37:34.218+0000][77][debug][gc,age      ] GC(30) Desired survivor size 81788928 bytes, new threshold 15 (max threshold 15)
[2025-06-19T02:37:34.239+0000][77][info ][gc,phases   ] GC(30)   Pre Evacuate Collection Set: 1.1ms
[2025-06-19T02:37:34.240+0000][77][info ][gc,phases   ] GC(30)   Merge Heap Roots: 0.5ms
[2025-06-19T02:37:34.240+0000][77][info ][gc,phases   ] GC(30)   Evacuate Collection Set: 14.1ms
[2025-06-19T02:37:34.241+0000][77][info ][gc,phases   ] GC(30)   Post Evacuate Collection Set: 2.4ms
[2025-06-19T02:37:34.242+0000][77][info ][gc,phases   ] GC(30)   Other: 5.2ms
[2025-06-19T02:37:34.242+0000][77][trace][gc,age      ] GC(30) Age table with threshold 15 (max threshold 15)
[2025-06-19T02:37:34.243+0000][77][trace][gc,age      ] GC(30) - age   1:    3637088 bytes,    3637088 total
[2025-06-19T02:37:34.243+0000][77][trace][gc,age      ] GC(30) - age   2:       6376 bytes,    3643464 total
[2025-06-19T02:37:34.244+0000][77][trace][gc,age      ] GC(30) - age   3:       8648 bytes,    3652112 total
[2025-06-19T02:37:34.245+0000][77][trace][gc,age      ] GC(30) - age   4:       4952 bytes,    3657064 total
[2025-06-19T02:37:34.246+0000][77][trace][gc,age      ] GC(30) - age   5:    1059816 bytes,    4716880 total
[2025-06-19T02:37:34.247+0000][77][trace][gc,age      ] GC(30) - age   6:      36056 bytes,    4752936 total
[2025-06-19T02:37:34.248+0000][77][trace][gc,age      ] GC(30) - age   7:       8184 bytes,    4761120 total
[2025-06-19T02:37:34.249+0000][77][trace][gc,age      ] GC(30) - age   8:      13456 bytes,    4774576 total
[2025-06-19T02:37:34.250+0000][77][trace][gc,age      ] GC(30) - age   9:    1116680 bytes,    5891256 total
[2025-06-19T02:37:34.251+0000][77][trace][gc,age      ] GC(30) - age  10:    2492192 bytes,    8383448 total
[2025-06-19T02:37:34.251+0000][77][trace][gc,age      ] GC(30) - age  11:     315288 bytes,    8698736 total
[2025-06-19T02:37:34.252+0000][77][trace][gc,age      ] GC(30) - age  12:      20576 bytes,    8719312 total
[2025-06-19T02:37:34.253+0000][77][trace][gc,age      ] GC(30) - age  13:      31992 bytes,    8751304 total
[2025-06-19T02:37:34.253+0000][77][trace][gc,age      ] GC(30) - age  14:      19960 bytes,    8771264 total
[2025-06-19T02:37:34.254+0000][77][trace][gc,age      ] GC(30) - age  15:      40256 bytes,    8811520 total
[2025-06-19T02:37:34.255+0000][77][info ][gc,heap     ] GC(30) Eden regions: 303->0(304)
[2025-06-19T02:37:34.255+0000][77][info ][gc,heap     ] GC(30) Survivor regions: 4->3(39)
[2025-06-19T02:37:34.256+0000][77][info ][gc,heap     ] GC(30) Old regions: 37->37
[2025-06-19T02:37:34.256+0000][77][info ][gc,heap     ] GC(30) Humongous regions: 0->0
[2025-06-19T02:37:34.257+0000][77][info ][gc,metaspace] GC(30) Metaspace: 137507K(140928K)->137507K(140928K) NonClass: 119490K(121216K)->119490K(121216K) Class: 18017K(19712K)->18017K(19712K)
[2025-06-19T02:37:34.258+0000][77][info ][gc          ] GC(30) Pause Young (Normal) (G1 Evacuation Pause) 1372M->157M(2048M) 43.956ms
[2025-06-19T02:37:34.258+0000][77][info ][gc,cpu      ] GC(30) User=0.07s Sys=0.03s Real=0.04s
[2025-06-19T02:37:34.259+0000][77][info ][safepoint   ] Safepoint "G1CollectForAllocation", Time since last: 9965927666 ns, Reaching safepoint: 75638 ns, Cleanup: 4740 ns, At safepoint: 45389366 ns, Total: 45469744 ns
[2025-06-19T02:37:35.346+0000][77][info ][safepoint   ] Safepoint "Cleanup", Time since last: 1086822034 ns, Reaching safepoint: 28509 ns, Cleanup: 17752 ns, At safepoint: 6208 ns, Total: 52469 ns
[2025-06-19T02:37:54.272+0000][77][info ][safepoint   ] Safepoint "Cleanup", Time since last: 18926548709 ns, Reaching safepoint: 43296 ns, Cleanup: 22359 ns, At safepoint: 10926 ns, Total: 76581 ns
[2025-06-19T02:42:44.211+0000][77][info ][safepoint   ] Safepoint "Cleanup", Time since last: 259928934025 ns, Reaching safepoint: 21386 ns, Cleanup: 11437 ns, At safepoint: 5853 ns, Total: 38676 ns
[2025-06-19T02:44:24.279+0000][77][info ][safepoint   ] Safepoint "Cleanup", Time since last: 90066768506 ns, Reaching safepoint: 63825 ns, Cleanup: 15268 ns, At safepoint: 6660 ns, Total: 85753 ns
[2025-06-19T02:45:31.017+0000][77][info ][safepoint   ] Safepoint "Cleanup", Time since last: 60069834036 ns, Reaching safepoint: 26911 ns, Cleanup: 19799 ns, At safepoint: 6001 ns, Total: 52711 ns
[2025-06-19T02:46:37.517+0000][77][info ][safepoint   ] Safepoint "Cleanup", Time since last: 59853174495 ns, Reaching safepoint: 11614 ns, Cleanup: 14187 ns, At safepoint: 23712 ns, Total: 49513 ns
[2025-06-19T02:46:38.854+0000][77][info ][safepoint   ] Safepoint "Cleanup", Time since last: 1336325781 ns, Reaching safepoint: 27258 ns, Cleanup: 23285 ns, At safepoint: 6389 ns, Total: 56932 ns
[2025-06-19T02:47:54.224+0000][77][info ][safepoint   ] Safepoint "Cleanup", Time since last: 68678551688 ns, Reaching safepoint: 17959 ns, Cleanup: 7780 ns, At safepoint: 5466 ns, Total: 31205 ns
[2025-06-19T02:49:14.271+0000][77][info ][safepoint   ] Safepoint "Cleanup", Time since last: 70037805530 ns, Reaching safepoint: 11573 ns, Cleanup: 9618 ns, At safepoint: 22277 ns, Total: 43468 ns
[2025-06-19T02:51:39.047+0000][77][info ][safepoint   ] Safepoint "Cleanup", Time since last: 131431449255 ns, Reaching safepoint: 65246 ns, Cleanup: 15636 ns, At safepoint: 6690 ns, Total: 87572 ns
[2025-06-19T02:54:24.243+0000][77][info ][safepoint   ] Safepoint "Cleanup", Time since last: 148538590062 ns, Reaching safepoint: 21517 ns, Cleanup: 10778 ns, At safepoint: 22895 ns, Total: 55190 ns
[2025-06-19T02:55:40.938+0000][77][info ][gc,start    ] GC(31) Pause Young (Normal) (G1 Evacuation Pause)
[2025-06-19T02:55:40.939+0000][77][info ][gc,task     ] GC(31) Using 23 workers of 23 for evacuation
[2025-06-19T02:55:40.939+0000][77][debug][gc,age      ] GC(31) Desired survivor size 81788928 bytes, new threshold 15 (max threshold 15)
[2025-06-19T02:55:40.954+0000][77][info ][gc,phases   ] GC(31)   Pre Evacuate Collection Set: 0.8ms
[2025-06-19T02:55:40.955+0000][77][info ][gc,phases   ] GC(31)   Merge Heap Roots: 0.5ms
[2025-06-19T02:55:40.956+0000][77][info ][gc,phases   ] GC(31)   Evacuate Collection Set: 11.2ms
[2025-06-19T02:55:40.956+0000][77][info ][gc,phases   ] GC(31)   Post Evacuate Collection Set: 1.9ms
[2025-06-19T02:55:40.957+0000][77][info ][gc,phases   ] GC(31)   Other: 1.0ms
[2025-06-19T02:55:40.957+0000][77][trace][gc,age      ] GC(31) Age table with threshold 15 (max threshold 15)
[2025-06-19T02:55:40.958+0000][77][trace][gc,age      ] GC(31) - age   1:    3915312 bytes,    3915312 total
[2025-06-19T02:55:40.959+0000][77][trace][gc,age      ] GC(31) - age   2:     307472 bytes,    4222784 total
[2025-06-19T02:55:40.959+0000][77][trace][gc,age      ] GC(31) - age   3:       4608 bytes,    4227392 total
[2025-06-19T02:55:40.960+0000][77][trace][gc,age      ] GC(31) - age   4:       7832 bytes,    4235224 total
[2025-06-19T02:55:40.960+0000][77][trace][gc,age      ] GC(31) - age   5:       4512 bytes,    4239736 total
[2025-06-19T02:55:40.961+0000][77][trace][gc,age      ] GC(31) - age   6:    1059816 bytes,    5299552 total
[2025-06-19T02:55:40.961+0000][77][trace][gc,age      ] GC(31) - age   7:      36056 bytes,    5335608 total
[2025-06-19T02:55:40.961+0000][77][trace][gc,age      ] GC(31) - age   8:       7992 bytes,    5343600 total
[2025-06-19T02:55:40.962+0000][77][trace][gc,age      ] GC(31) - age   9:      13456 bytes,    5357056 total
[2025-06-19T02:55:40.962+0000][77][trace][gc,age      ] GC(31) - age  10:    1116680 bytes,    6473736 total
[2025-06-19T02:55:40.963+0000][77][trace][gc,age      ] GC(31) - age  11:    2492160 bytes,    8965896 total
[2025-06-19T02:55:40.963+0000][77][trace][gc,age      ] GC(31) - age  12:     315192 bytes,    9281088 total
[2025-06-19T02:55:40.964+0000][77][trace][gc,age      ] GC(31) - age  13:      20512 bytes,    9301600 total
[2025-06-19T02:55:40.965+0000][77][trace][gc,age      ] GC(31) - age  14:      31992 bytes,    9333592 total
[2025-06-19T02:55:40.965+0000][77][trace][gc,age      ] GC(31) - age  15:      19960 bytes,    9353552 total
[2025-06-19T02:55:40.966+0000][77][info ][gc,heap     ] GC(31) Eden regions: 304->0(304)
[2025-06-19T02:55:40.966+0000][77][info ][gc,heap     ] GC(31) Survivor regions: 3->3(39)
[2025-06-19T02:55:40.967+0000][77][info ][gc,heap     ] GC(31) Old regions: 37->37
[2025-06-19T02:55:40.967+0000][77][info ][gc,heap     ] GC(31) Humongous regions: 0->0
[2025-06-19T02:55:40.968+0000][77][info ][gc,metaspace] GC(31) Metaspace: 137561K(140928K)->137561K(140928K) NonClass: 119544K(121216K)->119544K(121216K) Class: 18017K(19712K)->18017K(19712K)
[2025-06-19T02:55:40.969+0000][77][info ][gc          ] GC(31) Pause Young (Normal) (G1 Evacuation Pause) 1373M->157M(2048M) 30.398ms
[2025-06-19T02:55:40.969+0000][77][info ][gc,cpu      ] GC(31) User=0.09s Sys=0.01s Real=0.03s
[2025-06-19T02:55:40.970+0000][77][info ][safepoint   ] Safepoint "G1CollectForAllocation", Time since last: 70025113241 ns, Reaching safepoint: 25805 ns, Cleanup: 4081 ns, At safepoint: 31720441 ns, Total: 31750327 ns
[2025-06-19T02:58:08.942+0000][77][info ][safepoint   ] Safepoint "Cleanup", Time since last: 131304470734 ns, Reaching safepoint: 101894 ns, Cleanup: 15199 ns, At safepoint: 39811 ns, Total: 156904 ns
[2025-06-19T02:58:09.952+0000][77][info ][safepoint   ] Safepoint "Cleanup", Time since last: 1010488786 ns, Reaching safepoint: 28255 ns, Cleanup: 15910 ns, At safepoint: 6250 ns, Total: 50415 ns
[2025-06-19T10:09:35.801+0000][77][info ][safepoint   ] Safepoint "Cleanup", Time since last: 68673107626 ns, Reaching safepoint: 14092 ns, Cleanup: 28312 ns, At safepoint: 6660 ns, Total: 49064 ns
[2025-06-19T10:13:44.385+0000][77][info ][safepoint   ] Safepoint "Cleanup", Time since last: 240313607980 ns, Reaching safepoint: 77999 ns, Cleanup: 15870 ns, At safepoint: 7939 ns, Total: 101808 ns
[2025-06-19T10:13:46.386+0000][77][info ][safepoint   ] Safepoint "Cleanup", Time since last: 2001369155 ns, Reaching safepoint: 31011 ns, Cleanup: 17263 ns, At safepoint: 7068 ns, Total: 55342 ns
[2025-06-19T10:14:23.379+0000][77][info ][safepoint   ] Safepoint "Cleanup", Time since last: 36022354985 ns, Reaching safepoint: 41425 ns, Cleanup: 15964 ns, At safepoint: 7337 ns, Total: 64726 ns
[2025-06-19T10:14:36.062+0000][77][info ][safepoint   ] Safepoint "Cleanup", Time since last: 11744261626 ns, Reaching safepoint: 39197 ns, Cleanup: 19017 ns, At safepoint: 8463 ns, Total: 66677 ns
[2025-06-19T10:14:46.069+0000][77][info ][safepoint   ] Safepoint "Cleanup", Time since last: 10006931921 ns, Reaching safepoint: 100045 ns, Cleanup: 23009 ns, At safepoint: 11256 ns, Total: 134310 ns
[2025-06-19T10:15:06.804+0000][77][info ][safepoint   ] Safepoint "Cleanup", Time since last: 20026433267 ns, Reaching safepoint: 92378 ns, Cleanup: 24909 ns, At safepoint: 12643 ns, Total: 129930 ns
[2025-06-19T10:16:21.671+0000][77][info ][safepoint   ] Safepoint "Cleanup", Time since last: 73072287370 ns, Reaching safepoint: 141034 ns, Cleanup: 19418 ns, At safepoint: 7946 ns, Total: 168398 ns
[2025-06-19T10:19:13.399+0000][77][info ][safepoint   ] Safepoint "Cleanup", Time since last: 167160465141 ns, Reaching safepoint: 24668 ns, Cleanup: 8879 ns, At safepoint: 6074 ns, Total: 39621 ns
[2025-06-19T10:19:14.504+0000][77][info ][safepoint   ] Safepoint "Cleanup", Time since last: 1105396363 ns, Reaching safepoint: 39986 ns, Cleanup: 21364 ns, At safepoint: 12305 ns, Total: 73655 ns
[2025-06-19T10:20:31.324+0000][77][info ][safepoint   ] Safepoint "Cleanup", Time since last: 75117853131 ns, Reaching safepoint: 54290 ns, Cleanup: 25005 ns, At safepoint: 13179 ns, Total: 92474 ns
[2025-06-19T10:21:25.745+0000][77][info ][safepoint   ] Safepoint "Cleanup", Time since last: 53018592303 ns, Reaching safepoint: 103529 ns, Cleanup: 25647 ns, At safepoint: 12762 ns, Total: 141938 ns
[2025-06-19T10:21:36.213+0000][77][info ][safepoint   ] Safepoint "Cleanup", Time since last: 10467656149 ns, Reaching safepoint: 16750 ns, Cleanup: 9820 ns, At safepoint: 6034 ns, Total: 32604 ns
[2025-06-19T10:21:47.122+0000][77][info ][safepoint   ] Safepoint "Cleanup", Time since last: 10072980587 ns, Reaching safepoint: 100178 ns, Cleanup: 23950 ns, At safepoint: 12312 ns, Total: 136440 ns
[2025-06-19T10:22:25.418+0000][77][info ][gc,start    ] GC(32) Pause Young (Normal) (G1 Evacuation Pause)
[2025-06-19T10:22:25.419+0000][77][info ][gc,task     ] GC(32) Using 23 workers of 23 for evacuation
[2025-06-19T10:22:25.420+0000][77][debug][gc,age      ] GC(32) Desired survivor size 81788928 bytes, new threshold 15 (max threshold 15)
[2025-06-19T10:22:25.464+0000][77][info ][gc,phases   ] GC(32)   Pre Evacuate Collection Set: 1.8ms
[2025-06-19T10:22:25.465+0000][77][info ][gc,phases   ] GC(32)   Merge Heap Roots: 0.9ms
[2025-06-19T10:22:25.466+0000][77][info ][gc,phases   ] GC(32)   Evacuate Collection Set: 37.3ms
[2025-06-19T10:22:25.467+0000][77][info ][gc,phases   ] GC(32)   Post Evacuate Collection Set: 2.5ms
[2025-06-19T10:22:25.468+0000][77][info ][gc,phases   ] GC(32)   Other: 2.2ms
[2025-06-19T10:22:25.469+0000][77][trace][gc,age      ] GC(32) Age table with threshold 15 (max threshold 15)
[2025-06-19T10:22:25.469+0000][77][trace][gc,age      ] GC(32) - age   1:    3891328 bytes,    3891328 total
[2025-06-19T10:22:25.470+0000][77][trace][gc,age      ] GC(32) - age   2:       5136 bytes,    3896464 total
[2025-06-19T10:22:25.471+0000][77][trace][gc,age      ] GC(32) - age   3:       7208 bytes,    3903672 total
[2025-06-19T10:22:25.472+0000][77][trace][gc,age      ] GC(32) - age   4:       2904 bytes,    3906576 total
[2025-06-19T10:22:25.473+0000][77][trace][gc,age      ] GC(32) - age   5:       7800 bytes,    3914376 total
[2025-06-19T10:22:25.473+0000][77][trace][gc,age      ] GC(32) - age   6:       4112 bytes,    3918488 total
[2025-06-19T10:22:25.474+0000][77][trace][gc,age      ] GC(32) - age   7:    1059752 bytes,    4978240 total
[2025-06-19T10:22:25.475+0000][77][trace][gc,age      ] GC(32) - age   8:      35992 bytes,    5014232 total
[2025-06-19T10:22:25.476+0000][77][trace][gc,age      ] GC(32) - age   9:       7992 bytes,    5022224 total
[2025-06-19T10:22:25.477+0000][77][trace][gc,age      ] GC(32) - age  10:      13328 bytes,    5035552 total
[2025-06-19T10:22:25.478+0000][77][trace][gc,age      ] GC(32) - age  11:    1116648 bytes,    6152200 total
[2025-06-19T10:22:25.478+0000][77][trace][gc,age      ] GC(32) - age  12:    2491832 bytes,    8644032 total
[2025-06-19T10:22:25.479+0000][77][trace][gc,age      ] GC(32) - age  13:     315192 bytes,    8959224 total
[2025-06-19T10:22:25.480+0000][77][trace][gc,age      ] GC(32) - age  14:      20512 bytes,    8979736 total
[2025-06-19T10:22:25.481+0000][77][trace][gc,age      ] GC(32) - age  15:      31992 bytes,    9011728 total
[2025-06-19T10:22:25.482+0000][77][info ][gc,heap     ] GC(32) Eden regions: 304->0(304)
[2025-06-19T10:22:25.483+0000][77][info ][gc,heap     ] GC(32) Survivor regions: 3->3(39)
[2025-06-19T10:22:25.484+0000][77][info ][gc,heap     ] GC(32) Old regions: 37->37
[2025-06-19T10:22:25.485+0000][77][info ][gc,heap     ] GC(32) Humongous regions: 0->0
[2025-06-19T10:22:25.486+0000][77][info ][gc,metaspace] GC(32) Metaspace: 137643K(141056K)->137643K(141056K) NonClass: 119626K(121344K)->119626K(121344K) Class: 18017K(19712K)->18017K(19712K)
[2025-06-19T10:22:25.487+0000][77][info ][gc          ] GC(32) Pause Young (Normal) (G1 Evacuation Pause) 1373M->157M(2048M) 69.039ms
[2025-06-19T10:22:25.493+0000][77][info ][gc,cpu      ] GC(32) User=0.30s Sys=0.04s Real=0.07s
[2025-06-19T10:22:25.497+0000][77][info ][safepoint   ] Safepoint "G1CollectForAllocation", Time since last: 37475561326 ns, Reaching safepoint: 64963 ns, Cleanup: 7911 ns, At safepoint: 79679301 ns, Total: 79752175 ns
[2025-06-19T10:22:31.500+0000][77][info ][safepoint   ] Safepoint "Cleanup", Time since last: 6002877099 ns, Reaching safepoint: 30107 ns, Cleanup: 17752 ns, At safepoint: 7033 ns, Total: 54892 ns
[2025-06-19T10:26:21.989+0000][77][info ][safepoint   ] Safepoint "Cleanup", Time since last: 226496837637 ns, Reaching safepoint: 38984 ns, Cleanup: 16706 ns, At safepoint: 48968 ns, Total: 104658 ns
[2025-06-19T10:27:12.664+0000][77][info ][safepoint   ] Safepoint "Cleanup", Time since last: 50395650328 ns, Reaching safepoint: 99528 ns, Cleanup: 24611 ns, At safepoint: 12705 ns, Total: 136844 ns
[2025-06-19T10:27:53.395+0000][77][info ][safepoint   ] Safepoint "Cleanup", Time since last: 40057854608 ns, Reaching safepoint: 107495 ns, Cleanup: 25471 ns, At safepoint: 12627 ns, Total: 145593 ns
[2025-06-19T10:27:57.397+0000][77][info ][safepoint   ] Safepoint "Cleanup", Time since last: 4001811550 ns, Reaching safepoint: 29896 ns, Cleanup: 15256 ns, At safepoint: 7176 ns, Total: 52328 ns
[2025-06-19T10:28:03.398+0000][77][info ][safepoint   ] Safepoint "Cleanup", Time since last: 6001602457 ns, Reaching safepoint: 62903 ns, Cleanup: 15943 ns, At safepoint: 6643 ns, Total: 85489 ns
[2025-06-19T10:28:49.309+0000][77][info ][safepoint   ] Safepoint "Cleanup", Time since last: 45591642748 ns, Reaching safepoint: 41095 ns, Cleanup: 20385 ns, At safepoint: 7438 ns, Total: 68918 ns
[2025-06-19T10:29:23.614+0000][77][info ][safepoint   ] Safepoint "Cleanup", Time since last: 34033141071 ns, Reaching safepoint: 68793 ns, Cleanup: 16603 ns, At safepoint: 7243 ns, Total: 92639 ns
[2025-06-19T10:29:33.617+0000][77][info ][safepoint   ] Safepoint "Cleanup", Time since last: 10002858416 ns, Reaching safepoint: 28987 ns, Cleanup: 15531 ns, At safepoint: 6936 ns, Total: 51454 ns
[2025-06-19T10:29:44.235+0000][77][info ][safepoint   ] Safepoint "Cleanup", Time since last: 10617823749 ns, Reaching safepoint: 29968 ns, Cleanup: 18729 ns, At safepoint: 6600 ns, Total: 55297 ns
[2025-06-19T10:30:09.016+0000][77][info ][safepoint   ] Safepoint "Cleanup", Time since last: 24724950363 ns, Reaching safepoint: 80781 ns, Cleanup: 17214 ns, At safepoint: 7568 ns, Total: 105563 ns
[2025-06-19T10:30:39.155+0000][77][info ][safepoint   ] Safepoint "Cleanup", Time since last: 30044597038 ns, Reaching safepoint: 109222 ns, Cleanup: 30837 ns, At safepoint: 17227 ns, Total: 157286 ns
[2025-06-19T10:31:43.702+0000][77][info ][safepoint   ] Safepoint "Cleanup", Time since last: 64444604373 ns, Reaching safepoint: 44009 ns, Cleanup: 32787 ns, At safepoint: 11638 ns, Total: 88434 ns
[2025-06-19T10:35:04.065+0000][77][info ][safepoint   ] Safepoint "Cleanup", Time since last: 200181950738 ns, Reaching safepoint: 143372 ns, Cleanup: 17772 ns, At safepoint: 10448 ns, Total: 171592 ns
[2025-06-19T10:35:14.072+0000][77][info ][safepoint   ] Safepoint "Cleanup", Time since last: 10006290954 ns, Reaching safepoint: 40054 ns, Cleanup: 26980 ns, At safepoint: 11066 ns, Total: 78100 ns
[2025-06-19T10:35:24.088+0000][77][info ][safepoint   ] Safepoint "Cleanup", Time since last: 10004081504 ns, Reaching safepoint: 122951 ns, Cleanup: 20758 ns, At safepoint: 6959 ns, Total: 150668 ns
[2025-06-19T10:35:33.956+0000][77][info ][safepoint   ] Safepoint "Cleanup", Time since last: 9868009953 ns, Reaching safepoint: 10223 ns, Cleanup: 9497 ns, At safepoint: 5090 ns, Total: 24810 ns
[2025-06-19T10:36:04.139+0000][77][info ][safepoint   ] Safepoint "Cleanup", Time since last: 30173574794 ns, Reaching safepoint: 91291 ns, Cleanup: 19282 ns, At safepoint: 7324 ns, Total: 117897 ns
[2025-06-19T10:36:43.962+0000][77][info ][safepoint   ] Safepoint "Cleanup", Time since last: 39814407022 ns, Reaching safepoint: 22416 ns, Cleanup: 58444 ns, At safepoint: 7396 ns, Total: 88256 ns
[2025-06-19T10:36:45.046+0000][77][info ][safepoint   ] Safepoint "Cleanup", Time since last: 1084081748 ns, Reaching safepoint: 32398 ns, Cleanup: 17458 ns, At safepoint: 7150 ns, Total: 57006 ns
[2025-06-19T10:38:39.071+0000][77][info ][safepoint   ] Safepoint "Cleanup", Time since last: 114000498503 ns, Reaching safepoint: 33762 ns, Cleanup: 16846 ns, At safepoint: 74647 ns, Total: 125255 ns
[2025-06-19T10:38:53.892+0000][77][info ][gc,start    ] GC(33) Pause Young (Normal) (G1 Evacuation Pause)
[2025-06-19T10:38:53.893+0000][77][info ][gc,task     ] GC(33) Using 23 workers of 23 for evacuation
[2025-06-19T10:38:53.894+0000][77][debug][gc,age      ] GC(33) Desired survivor size 81788928 bytes, new threshold 15 (max threshold 15)
[2025-06-19T10:38:53.932+0000][77][info ][gc,phases   ] GC(33)   Pre Evacuate Collection Set: 2.2ms
[2025-06-19T10:38:53.933+0000][77][info ][gc,phases   ] GC(33)   Merge Heap Roots: 0.9ms
[2025-06-19T10:38:53.934+0000][77][info ][gc,phases   ] GC(33)   Evacuate Collection Set: 28.8ms
[2025-06-19T10:38:53.935+0000][77][info ][gc,phases   ] GC(33)   Post Evacuate Collection Set: 4.7ms
[2025-06-19T10:38:53.936+0000][77][info ][gc,phases   ] GC(33)   Other: 2.1ms
[2025-06-19T10:38:53.937+0000][77][trace][gc,age      ] GC(33) Age table with threshold 15 (max threshold 15)
[2025-06-19T10:38:53.937+0000][77][trace][gc,age      ] GC(33) - age   1:    5484464 bytes,    5484464 total
[2025-06-19T10:38:53.938+0000][77][trace][gc,age      ] GC(33) - age   2:     307880 bytes,    5792344 total
[2025-06-19T10:38:53.939+0000][77][trace][gc,age      ] GC(33) - age   3:       4120 bytes,    5796464 total
[2025-06-19T10:38:53.940+0000][77][trace][gc,age      ] GC(33) - age   4:       5760 bytes,    5802224 total
[2025-06-19T10:38:53.941+0000][77][trace][gc,age      ] GC(33) - age   5:       2632 bytes,    5804856 total
[2025-06-19T10:38:53.942+0000][77][trace][gc,age      ] GC(33) - age   6:       7488 bytes,    5812344 total
[2025-06-19T10:38:53.942+0000][77][trace][gc,age      ] GC(33) - age   7:       4048 bytes,    5816392 total
[2025-06-19T10:38:53.943+0000][77][trace][gc,age      ] GC(33) - age   8:    1059688 bytes,    6876080 total
[2025-06-19T10:38:53.944+0000][77][trace][gc,age      ] GC(33) - age   9:      35864 bytes,    6911944 total
[2025-06-19T10:38:53.945+0000][77][trace][gc,age      ] GC(33) - age  10:       7928 bytes,    6919872 total
[2025-06-19T10:38:53.945+0000][77][trace][gc,age      ] GC(33) - age  11:      13296 bytes,    6933168 total
[2025-06-19T10:38:53.946+0000][77][trace][gc,age      ] GC(33) - age  12:    1116584 bytes,    8049752 total
[2025-06-19T10:38:53.947+0000][77][trace][gc,age      ] GC(33) - age  13:    2491768 bytes,   10541520 total
[2025-06-19T10:38:53.948+0000][77][trace][gc,age      ] GC(33) - age  14:     315192 bytes,   10856712 total
[2025-06-19T10:38:53.948+0000][77][trace][gc,age      ] GC(33) - age  15:      20512 bytes,   10877224 total
[2025-06-19T10:38:53.949+0000][77][info ][gc,heap     ] GC(33) Eden regions: 304->0(304)
[2025-06-19T10:38:53.950+0000][77][info ][gc,heap     ] GC(33) Survivor regions: 3->3(39)
[2025-06-19T10:38:53.951+0000][77][info ][gc,heap     ] GC(33) Old regions: 37->37
[2025-06-19T10:38:53.952+0000][77][info ][gc,heap     ] GC(33) Humongous regions: 0->0
[2025-06-19T10:38:53.953+0000][77][info ][gc,metaspace] GC(33) Metaspace: 137657K(141056K)->137657K(141056K) NonClass: 119640K(121344K)->119640K(121344K) Class: 18017K(19712K)->18017K(19712K)
[2025-06-19T10:38:53.953+0000][77][info ][gc          ] GC(33) Pause Young (Normal) (G1 Evacuation Pause) 1373M->159M(2048M) 61.698ms
[2025-06-19T10:38:53.954+0000][77][info ][gc,cpu      ] GC(33) User=0.24s Sys=0.03s Real=0.07s
[2025-06-19T10:38:53.955+0000][77][info ][safepoint   ] Safepoint "G1CollectForAllocation", Time since last: 14814100061 ns, Reaching safepoint: 41749 ns, Cleanup: 7994 ns, At safepoint: 63517708 ns, Total: 63567451 ns
[2025-06-19T10:44:44.093+0000][77][info ][safepoint   ] Safepoint "Cleanup", Time since last: 350082714836 ns, Reaching safepoint: 25520 ns, Cleanup: 11596 ns, At safepoint: 7176 ns, Total: 44292 ns
[2025-06-19T10:45:34.117+0000][77][info ][safepoint   ] Safepoint "Cleanup", Time since last: 50012172770 ns, Reaching safepoint: 150565 ns, Cleanup: 33370 ns, At safepoint: 11509 ns, Total: 195444 ns
[2025-06-19T10:45:54.117+0000][77][info ][safepoint   ] Safepoint "Cleanup", Time since last: 19995044210 ns, Reaching safepoint: 11125 ns, Cleanup: 9391 ns, At safepoint: 4874 ns, Total: 25390 ns
[2025-06-19T10:47:04.206+0000][77][info ][safepoint   ] Safepoint "Cleanup", Time since last: 70078389843 ns, Reaching safepoint: 14846 ns, Cleanup: 12723 ns, At safepoint: 5188 ns, Total: 32757 ns
[2025-06-19T10:47:24.220+0000][77][info ][safepoint   ] Safepoint "Cleanup", Time since last: 20007166341 ns, Reaching safepoint: 72664 ns, Cleanup: 17358 ns, At safepoint: 6664 ns, Total: 96686 ns
[2025-06-19T10:50:34.906+0000][77][info ][safepoint   ] Safepoint "Cleanup", Time since last: 190659090691 ns, Reaching safepoint: 23105 ns, Cleanup: 20176 ns, At safepoint: 5584 ns, Total: 48865 ns
[2025-06-19T10:51:44.115+0000][77][info ][safepoint   ] Safepoint "Cleanup", Time since last: 69197980526 ns, Reaching safepoint: 13808 ns, Cleanup: 12895 ns, At safepoint: 29470 ns, Total: 56173 ns
[2025-06-19T10:52:14.208+0000][77][info ][safepoint   ] Safepoint "Cleanup", Time since last: 30090525507 ns, Reaching safepoint: 72067 ns, Cleanup: 22173 ns, At safepoint: 7662 ns, Total: 101902 ns
[2025-06-19T10:54:14.113+0000][77][info ][gc,start    ] GC(34) Pause Young (Normal) (G1 Evacuation Pause)
[2025-06-19T10:54:14.114+0000][77][info ][gc,task     ] GC(34) Using 23 workers of 23 for evacuation
[2025-06-19T10:54:14.115+0000][77][debug][gc,age      ] GC(34) Desired survivor size 81788928 bytes, new threshold 15 (max threshold 15)
[2025-06-19T10:54:14.147+0000][77][info ][gc,phases   ] GC(34)   Pre Evacuate Collection Set: 1.5ms
[2025-06-19T10:54:14.147+0000][77][info ][gc,phases   ] GC(34)   Merge Heap Roots: 0.5ms
[2025-06-19T10:54:14.148+0000][77][info ][gc,phases   ] GC(34)   Evacuate Collection Set: 25.8ms
[2025-06-19T10:54:14.149+0000][77][info ][gc,phases   ] GC(34)   Post Evacuate Collection Set: 3.0ms
[2025-06-19T10:54:14.150+0000][77][info ][gc,phases   ] GC(34)   Other: 1.7ms
[2025-06-19T10:54:14.151+0000][77][trace][gc,age      ] GC(34) Age table with threshold 15 (max threshold 15)
[2025-06-19T10:54:14.152+0000][77][trace][gc,age      ] GC(34) - age   1:    4204072 bytes,    4204072 total
[2025-06-19T10:54:14.153+0000][77][trace][gc,age      ] GC(34) - age   2:       4944 bytes,    4209016 total
[2025-06-19T10:54:14.154+0000][77][trace][gc,age      ] GC(34) - age   3:       4864 bytes,    4213880 total
[2025-06-19T10:54:14.154+0000][77][trace][gc,age      ] GC(34) - age   4:       3672 bytes,    4217552 total
[2025-06-19T10:54:14.155+0000][77][trace][gc,age      ] GC(34) - age   5:       5728 bytes,    4223280 total
[2025-06-19T10:54:14.156+0000][77][trace][gc,age      ] GC(34) - age   6:       1320 bytes,    4224600 total
[2025-06-19T10:54:14.157+0000][77][trace][gc,age      ] GC(34) - age   7:       7424 bytes,    4232024 total
[2025-06-19T10:54:14.158+0000][77][trace][gc,age      ] GC(34) - age   8:       3920 bytes,    4235944 total
[2025-06-19T10:54:14.159+0000][77][trace][gc,age      ] GC(34) - age   9:    1059688 bytes,    5295632 total
[2025-06-19T10:54:14.160+0000][77][trace][gc,age      ] GC(34) - age  10:      35864 bytes,    5331496 total
[2025-06-19T10:54:14.161+0000][77][trace][gc,age      ] GC(34) - age  11:       7896 bytes,    5339392 total
[2025-06-19T10:54:14.162+0000][77][trace][gc,age      ] GC(34) - age  12:      13232 bytes,    5352624 total
[2025-06-19T10:54:14.163+0000][77][trace][gc,age      ] GC(34) - age  13:    1116584 bytes,    6469208 total
[2025-06-19T10:54:14.163+0000][77][trace][gc,age      ] GC(34) - age  14:    2491768 bytes,    8960976 total
[2025-06-19T10:54:14.164+0000][77][trace][gc,age      ] GC(34) - age  15:     315192 bytes,    9276168 total
[2025-06-19T10:54:14.165+0000][77][info ][gc,heap     ] GC(34) Eden regions: 304->0(304)
[2025-06-19T10:54:14.166+0000][77][info ][gc,heap     ] GC(34) Survivor regions: 3->3(39)
[2025-06-19T10:54:14.167+0000][77][info ][gc,heap     ] GC(34) Old regions: 37->37
[2025-06-19T10:54:14.168+0000][77][info ][gc,heap     ] GC(34) Humongous regions: 0->0
[2025-06-19T10:54:14.169+0000][77][info ][gc,metaspace] GC(34) Metaspace: 137675K(141056K)->137675K(141056K) NonClass: 119658K(121344K)->119658K(121344K) Class: 18017K(19712K)->18017K(19712K)
[2025-06-19T10:54:14.170+0000][77][info ][gc          ] GC(34) Pause Young (Normal) (G1 Evacuation Pause) 1375M->158M(2048M) 56.595ms
[2025-06-19T10:54:14.171+0000][77][info ][gc,cpu      ] GC(34) User=0.18s Sys=0.02s Real=0.06s
[2025-06-19T10:54:14.172+0000][77][info ][safepoint   ] Safepoint "G1CollectForAllocation", Time since last: 119876846746 ns, Reaching safepoint: 43034 ns, Cleanup: 5213 ns, At safepoint: 58638859 ns, Total: 58687106 ns
[2025-06-19T10:54:33.178+0000][77][info ][safepoint   ] Safepoint "Cleanup", Time since last: 19005218148 ns, Reaching safepoint: 72741 ns, Cleanup: 17604 ns, At safepoint: 8406 ns, Total: 98751 ns
[2025-06-19T10:55:15.311+0000][77][info ][safepoint   ] Safepoint "Cleanup", Time since last: 42124898803 ns, Reaching safepoint: 73518 ns, Cleanup: 17723 ns, At safepoint: 8516 ns, Total: 99757 ns
[2025-06-19T10:59:54.251+0000][77][info ][safepoint   ] Safepoint "Cleanup", Time since last: 278895067145 ns, Reaching safepoint: 36560 ns, Cleanup: 20997 ns, At safepoint: 49398 ns, Total: 106955 ns
[2025-06-19T11:00:24.402+0000][77][info ][safepoint   ] Safepoint "Cleanup", Time since last: 30140342475 ns, Reaching safepoint: 86946 ns, Cleanup: 17287 ns, At safepoint: 6529 ns, Total: 110762 ns
[2025-06-19T11:01:04.456+0000][77][info ][safepoint   ] Safepoint "Cleanup", Time since last: 40050420962 ns, Reaching safepoint: 25211 ns, Cleanup: 9932 ns, At safepoint: 5681 ns, Total: 40824 ns
[2025-06-19T11:01:05.303+0000][77][info ][gc,start    ] GC(35) Pause Young (Concurrent Start) (CodeCache GC Threshold)
[2025-06-19T11:01:05.303+0000][77][info ][gc,task     ] GC(35) Using 23 workers of 23 for evacuation
[2025-06-19T11:01:05.304+0000][77][debug][gc,age      ] GC(35) Desired survivor size 81788928 bytes, new threshold 15 (max threshold 15)
[2025-06-19T11:01:05.407+0000][77][info ][gc,phases   ] GC(35)   Pre Evacuate Collection Set: 8.2ms
[2025-06-19T11:01:05.408+0000][77][info ][gc,phases   ] GC(35)   Merge Heap Roots: 0.5ms
[2025-06-19T11:01:05.408+0000][77][info ][gc,phases   ] GC(35)   Evacuate Collection Set: 87.1ms
[2025-06-19T11:01:05.409+0000][77][info ][gc,phases   ] GC(35)   Post Evacuate Collection Set: 2.4ms
[2025-06-19T11:01:05.409+0000][77][info ][gc,phases   ] GC(35)   Other: 5.5ms
[2025-06-19T11:01:05.410+0000][77][trace][gc,age      ] GC(35) Age table with threshold 15 (max threshold 15)
[2025-06-19T11:01:05.410+0000][77][trace][gc,age      ] GC(35) - age   1:    3071272 bytes,    3071272 total
[2025-06-19T11:01:05.411+0000][77][trace][gc,age      ] GC(35) - age   2:    1221880 bytes,    4293152 total
[2025-06-19T11:01:05.412+0000][77][trace][gc,age      ] GC(35) - age   3:       3536 bytes,    4296688 total
[2025-06-19T11:01:05.412+0000][77][trace][gc,age      ] GC(35) - age   4:       4424 bytes,    4301112 total
[2025-06-19T11:01:05.413+0000][77][trace][gc,age      ] GC(35) - age   5:       3576 bytes,    4304688 total
[2025-06-19T11:01:05.414+0000][77][trace][gc,age      ] GC(35) - age   6:       5728 bytes,    4310416 total
[2025-06-19T11:01:05.414+0000][77][trace][gc,age      ] GC(35) - age   7:        944 bytes,    4311360 total
[2025-06-19T11:01:05.415+0000][77][trace][gc,age      ] GC(35) - age   8:       7424 bytes,    4318784 total
[2025-06-19T11:01:05.415+0000][77][trace][gc,age      ] GC(35) - age   9:       3776 bytes,    4322560 total
[2025-06-19T11:01:05.416+0000][77][trace][gc,age      ] GC(35) - age  10:    1059688 bytes,    5382248 total
[2025-06-19T11:01:05.417+0000][77][trace][gc,age      ] GC(35) - age  11:      35864 bytes,    5418112 total
[2025-06-19T11:01:05.417+0000][77][trace][gc,age      ] GC(35) - age  12:       7832 bytes,    5425944 total
[2025-06-19T11:01:05.418+0000][77][trace][gc,age      ] GC(35) - age  13:      13232 bytes,    5439176 total
[2025-06-19T11:01:05.419+0000][77][trace][gc,age      ] GC(35) - age  14:    1116584 bytes,    6555760 total
[2025-06-19T11:01:05.420+0000][77][trace][gc,age      ] GC(35) - age  15:    2491768 bytes,    9047528 total
[2025-06-19T11:01:05.420+0000][77][info ][gc,heap     ] GC(35) Eden regions: 136->0(304)
[2025-06-19T11:01:05.421+0000][77][info ][gc,heap     ] GC(35) Survivor regions: 3->3(39)
[2025-06-19T11:01:05.422+0000][77][info ][gc,heap     ] GC(35) Old regions: 37->38
[2025-06-19T11:01:05.422+0000][77][info ][gc,heap     ] GC(35) Humongous regions: 0->0
[2025-06-19T11:01:05.423+0000][77][info ][gc,metaspace] GC(35) Metaspace: 137677K(141056K)->137677K(141056K) NonClass: 119660K(121344K)->119660K(121344K) Class: 18017K(19712K)->18017K(19712K)
[2025-06-19T11:01:05.424+0000][77][info ][gc          ] GC(35) Pause Young (Concurrent Start) (CodeCache GC Threshold) 700M->157M(2048M) 121.381ms
[2025-06-19T11:01:05.425+0000][77][info ][gc,cpu      ] GC(35) User=0.25s Sys=0.04s Real=0.12s
[2025-06-19T11:01:05.425+0000][77][info ][gc          ] GC(36) Concurrent Mark Cycle
[2025-06-19T11:01:05.426+0000][77][info ][safepoint   ] Safepoint "G1TryInitiateConcMark", Time since last: 846673484 ns, Reaching safepoint: 30962 ns, Cleanup: 27283 ns, At safepoint: 123171975 ns, Total: 123230220 ns
[2025-06-19T11:01:05.427+0000][77][info ][gc,marking  ] GC(36) Concurrent Scan Root Regions
[2025-06-19T11:01:05.522+0000][77][info ][gc,marking  ] GC(36) Concurrent Scan Root Regions 95.431ms
[2025-06-19T11:01:05.523+0000][77][info ][gc,marking  ] GC(36) Concurrent Mark
[2025-06-19T11:01:05.524+0000][77][info ][gc,marking  ] GC(36) Concurrent Mark From Roots
[2025-06-19T11:01:05.525+0000][77][info ][gc,task     ] GC(36) Using 6 workers of 6 for marking
[2025-06-19T11:01:05.672+0000][77][info ][gc,marking  ] GC(36) Concurrent Mark From Roots 148.534ms
[2025-06-19T11:01:05.673+0000][77][info ][gc,marking  ] GC(36) Concurrent Preclean
[2025-06-19T11:01:05.674+0000][77][info ][gc,marking  ] GC(36) Concurrent Preclean 1.451ms
[2025-06-19T11:01:05.675+0000][77][info ][gc,start    ] GC(36) Pause Remark
[2025-06-19T11:01:06.295+0000][77][info ][gc,mmu      ] GC(36) MMU target violated: 201.0ms (200.0ms/201.0ms)
[2025-06-19T11:01:06.296+0000][77][info ][gc          ] GC(36) Pause Remark 158M->158M(2048M) 621.401ms
[2025-06-19T11:01:06.297+0000][77][info ][gc,cpu      ] GC(36) User=9.18s Sys=0.00s Real=0.62s
[2025-06-19T11:01:06.298+0000][77][info ][safepoint   ] Safepoint "G1PauseRemark", Time since last: 249317204 ns, Reaching safepoint: 30205 ns, Cleanup: 4584 ns, At safepoint: 623279767 ns, Total: 623314556 ns
[2025-06-19T11:01:06.299+0000][77][info ][gc,marking  ] GC(36) Concurrent Mark 776.398ms
[2025-06-19T11:01:06.300+0000][77][info ][gc,marking  ] GC(36) Concurrent Rebuild Remembered Sets and Scrub Regions
[2025-06-19T11:01:06.344+0000][77][info ][gc,marking  ] GC(36) Concurrent Rebuild Remembered Sets and Scrub Regions 44.270ms
[2025-06-19T11:01:06.346+0000][77][info ][gc,start    ] GC(36) Pause Cleanup
[2025-06-19T11:01:06.347+0000][77][info ][gc          ] GC(36) Pause Cleanup 158M->158M(2048M) 1.135ms
[2025-06-19T11:01:06.348+0000][77][info ][gc,cpu      ] GC(36) User=0.01s Sys=0.00s Real=0.01s
[2025-06-19T11:01:06.348+0000][77][info ][safepoint   ] Safepoint "G1PauseCleanup", Time since last: 46885687 ns, Reaching safepoint: 410315 ns, Cleanup: 166026 ns, At safepoint: 2622292 ns, Total: 3198633 ns
[2025-06-19T11:01:06.349+0000][77][info ][gc,marking  ] GC(36) Concurrent Clear Claimed Marks
[2025-06-19T11:01:06.350+0000][77][info ][gc,marking  ] GC(36) Concurrent Clear Claimed Marks 1.086ms
[2025-06-19T11:01:06.351+0000][77][info ][gc,marking  ] GC(36) Concurrent Cleanup for Next Mark
[2025-06-19T11:01:06.380+0000][77][info ][gc,marking  ] GC(36) Concurrent Cleanup for Next Mark 28.593ms
[2025-06-19T11:01:06.381+0000][77][info ][gc          ] GC(36) Concurrent Mark Cycle 955.600ms
[2025-06-19T11:02:14.329+0000][77][info ][safepoint   ] Safepoint "Cleanup", Time since last: 67969385983 ns, Reaching safepoint: 16465 ns, Cleanup: 13821 ns, At safepoint: 5163 ns, Total: 35449 ns
[2025-06-19T11:02:15.417+0000][77][info ][safepoint   ] Safepoint "Cleanup", Time since last: 1088087985 ns, Reaching safepoint: 30318 ns, Cleanup: 24885 ns, At safepoint: 6133 ns, Total: 61336 ns
[2025-06-19T11:03:24.371+0000][77][info ][safepoint   ] Safepoint "Cleanup", Time since last: 68922706055 ns, Reaching safepoint: 10603 ns, Cleanup: 9652 ns, At safepoint: 5249 ns, Total: 25504 ns
[2025-06-19T11:06:14.498+0000][77][info ][safepoint   ] Safepoint "Cleanup", Time since last: 170088128656 ns, Reaching safepoint: 121242 ns, Cleanup: 17214 ns, At safepoint: 7405 ns, Total: 145861 ns
[2025-06-19T11:06:24.507+0000][77][info ][safepoint   ] Safepoint "Cleanup", Time since last: 10003095162 ns, Reaching safepoint: 63794 ns, Cleanup: 18831 ns, At safepoint: 6600 ns, Total: 89225 ns
[2025-06-19T11:06:44.423+0000][77][info ][safepoint   ] Safepoint "Cleanup", Time since last: 19916780962 ns, Reaching safepoint: 32022 ns, Cleanup: 13677 ns, At safepoint: 6206 ns, Total: 51905 ns
[2025-06-19T11:06:54.352+0000][77][info ][safepoint   ] Safepoint "Cleanup", Time since last: 9919024774 ns, Reaching safepoint: 25097 ns, Cleanup: 14178 ns, At safepoint: 67412 ns, Total: 106687 ns
[2025-06-19T11:07:44.503+0000][77][info ][safepoint   ] Safepoint "Cleanup", Time since last: 50139481502 ns, Reaching safepoint: 34723 ns, Cleanup: 16291 ns, At safepoint: 6110 ns, Total: 57124 ns
[2025-06-19T11:10:18.657+0000][77][info ][safepoint   ] Safepoint "Cleanup", Time since last: 154153722124 ns, Reaching safepoint: 72212 ns, Cleanup: 20462 ns, At safepoint: 6085 ns, Total: 98759 ns
[2025-06-19T11:11:34.374+0000][77][info ][safepoint   ] Safepoint "Cleanup", Time since last: 75717626330 ns, Reaching safepoint: 21701 ns, Cleanup: 11859 ns, At safepoint: 6098 ns, Total: 39658 ns
[2025-06-19T11:12:34.804+0000][77][info ][safepoint   ] Safepoint "Cleanup", Time since last: 60411866312 ns, Reaching safepoint: 87757 ns, Cleanup: 15847 ns, At safepoint: 6394 ns, Total: 109998 ns
[2025-06-19T11:12:54.473+0000][77][info ][safepoint   ] Safepoint "Cleanup", Time since last: 19659660434 ns, Reaching safepoint: 38140 ns, Cleanup: 19203 ns, At safepoint: 6228 ns, Total: 63571 ns
[2025-06-19T11:15:49.054+0000][77][info ][safepoint   ] Safepoint "Cleanup", Time since last: 174533473379 ns, Reaching safepoint: 30725 ns, Cleanup: 20689 ns, At safepoint: 36960 ns, Total: 88374 ns
[2025-06-19T11:15:50.056+0000][77][info ][safepoint   ] Safepoint "Cleanup", Time since last: 1001030454 ns, Reaching safepoint: 31124 ns, Cleanup: 17039 ns, At safepoint: 6172 ns, Total: 54335 ns
[2025-06-19T11:17:34.468+0000][77][info ][gc,start    ] GC(37) Pause Young (Prepare Mixed) (G1 Evacuation Pause)
[2025-06-19T11:17:34.469+0000][77][info ][gc,task     ] GC(37) Using 23 workers of 23 for evacuation
[2025-06-19T11:17:34.469+0000][77][debug][gc,age      ] GC(37) Desired survivor size 81788928 bytes, new threshold 15 (max threshold 15)
[2025-06-19T11:17:34.483+0000][77][info ][gc,phases   ] GC(37)   Pre Evacuate Collection Set: 0.9ms
[2025-06-19T11:17:34.484+0000][77][info ][gc,phases   ] GC(37)   Merge Heap Roots: 0.5ms
[2025-06-19T11:17:34.484+0000][77][info ][gc,phases   ] GC(37)   Evacuate Collection Set: 9.5ms
[2025-06-19T11:17:34.484+0000][77][info ][gc,phases   ] GC(37)   Post Evacuate Collection Set: 2.0ms
[2025-06-19T11:17:34.485+0000][77][info ][gc,phases   ] GC(37)   Other: 1.2ms
[2025-06-19T11:17:34.485+0000][77][trace][gc,age      ] GC(37) Age table with threshold 15 (max threshold 15)
[2025-06-19T11:17:34.486+0000][77][trace][gc,age      ] GC(37) - age   1:    3094168 bytes,    3094168 total
[2025-06-19T11:17:34.486+0000][77][trace][gc,age      ] GC(37) - age   2:       2720 bytes,    3096888 total
[2025-06-19T11:17:34.486+0000][77][trace][gc,age      ] GC(37) - age   3:     317176 bytes,    3414064 total
[2025-06-19T11:17:34.487+0000][77][trace][gc,age      ] GC(37) - age   4:       3000 bytes,    3417064 total
[2025-06-19T11:17:34.487+0000][77][trace][gc,age      ] GC(37) - age   5:       2200 bytes,    3419264 total
[2025-06-19T11:17:34.487+0000][77][trace][gc,age      ] GC(37) - age   6:       2824 bytes,    3422088 total
[2025-06-19T11:17:34.488+0000][77][trace][gc,age      ] GC(37) - age   7:       5352 bytes,    3427440 total
[2025-06-19T11:17:34.488+0000][77][trace][gc,age      ] GC(37) - age   8:        880 bytes,    3428320 total
[2025-06-19T11:17:34.488+0000][77][trace][gc,age      ] GC(37) - age   9:       7424 bytes,    3435744 total
[2025-06-19T11:17:34.489+0000][77][trace][gc,age      ] GC(37) - age  10:       3712 bytes,    3439456 total
[2025-06-19T11:17:34.489+0000][77][trace][gc,age      ] GC(37) - age  11:    1059688 bytes,    4499144 total
[2025-06-19T11:17:34.489+0000][77][trace][gc,age      ] GC(37) - age  12:      35768 bytes,    4534912 total
[2025-06-19T11:17:34.490+0000][77][trace][gc,age      ] GC(37) - age  13:       7832 bytes,    4542744 total
[2025-06-19T11:17:34.490+0000][77][trace][gc,age      ] GC(37) - age  14:      13232 bytes,    4555976 total
[2025-06-19T11:17:34.491+0000][77][trace][gc,age      ] GC(37) - age  15:    1116520 bytes,    5672496 total
[2025-06-19T11:17:34.491+0000][77][info ][gc,heap     ] GC(37) Eden regions: 304->0(305)
[2025-06-19T11:17:34.491+0000][77][info ][gc,heap     ] GC(37) Survivor regions: 3->2(39)
[2025-06-19T11:17:34.492+0000][77][info ][gc,heap     ] GC(37) Old regions: 38->38
[2025-06-19T11:17:34.492+0000][77][info ][gc,heap     ] GC(37) Humongous regions: 0->0
[2025-06-19T11:17:34.493+0000][77][info ][gc,metaspace] GC(37) Metaspace: 135683K(141056K)->135683K(141056K) NonClass: 118160K(121344K)->118160K(121344K) Class: 17523K(19712K)->17523K(19712K)
[2025-06-19T11:17:34.493+0000][77][info ][gc          ] GC(37) Pause Young (Prepare Mixed) (G1 Evacuation Pause) 1373M->156M(2048M) 24.843ms
[2025-06-19T11:17:34.494+0000][77][info ][gc,cpu      ] GC(37) User=0.13s Sys=0.00s Real=0.02s
[2025-06-19T11:17:34.494+0000][77][info ][safepoint   ] Safepoint "G1CollectForAllocation", Time since last: 104388377898 ns, Reaching safepoint: 78478 ns, Cleanup: 6695 ns, At safepoint: 25762906 ns, Total: 25848079 ns
[2025-06-19T11:19:05.254+0000][77][info ][safepoint   ] Safepoint "Cleanup", Time since last: 90750136688 ns, Reaching safepoint: 70113 ns, Cleanup: 16209 ns, At safepoint: 6460 ns, Total: 92782 ns
[2025-06-19T11:19:15.257+0000][77][info ][safepoint   ] Safepoint "Cleanup", Time since last: 10002805187 ns, Reaching safepoint: 32257 ns, Cleanup: 17496 ns, At safepoint: 6143 ns, Total: 55896 ns
[2025-06-19T11:20:20.579+0000][77][info ][safepoint   ] Safepoint "Cleanup", Time since last: 65309568089 ns, Reaching safepoint: 72336 ns, Cleanup: 21500 ns, At safepoint: 6473 ns, Total: 100309 ns
[2025-06-19T11:22:04.541+0000][77][info ][safepoint   ] Safepoint "Cleanup", Time since last: 103931565070 ns, Reaching safepoint: 21414 ns, Cleanup: 10000 ns, At safepoint: 5947 ns, Total: 37361 ns
[2025-06-19T11:22:05.755+0000][77][info ][safepoint   ] Safepoint "Cleanup", Time since last: 1213283337 ns, Reaching safepoint: 37810 ns, Cleanup: 15528 ns, At safepoint: 5907 ns, Total: 59245 ns
[2025-06-19T11:22:34.769+0000][77][info ][safepoint   ] Safepoint "Cleanup", Time since last: 29007324917 ns, Reaching safepoint: 37873 ns, Cleanup: 15748 ns, At safepoint: 5916 ns, Total: 59537 ns
[2025-06-19T11:23:14.553+0000][77][info ][safepoint   ] Safepoint "Cleanup", Time since last: 39771511579 ns, Reaching safepoint: 31569 ns, Cleanup: 12817 ns, At safepoint: 6480 ns, Total: 50866 ns
[2025-06-19T11:23:15.619+0000][77][info ][safepoint   ] Safepoint "Cleanup", Time since last: 1065646298 ns, Reaching safepoint: 29115 ns, Cleanup: 14949 ns, At safepoint: 6587 ns, Total: 50651 ns
[2025-06-19T11:23:24.636+0000][77][info ][safepoint   ] Safepoint "Cleanup", Time since last: 9005017539 ns, Reaching safepoint: 53578 ns, Cleanup: 21727 ns, At safepoint: 7973 ns, Total: 83278 ns
[2025-06-19T11:23:50.621+0000][77][info ][safepoint   ] Safepoint "Cleanup", Time since last: 25984979388 ns, Reaching safepoint: 31199 ns, Cleanup: 18577 ns, At safepoint: 7312 ns, Total: 57088 ns
[2025-06-19T11:26:24.847+0000][77][info ][safepoint   ] Safepoint "Cleanup", Time since last: 154142531274 ns, Reaching safepoint: 87902 ns, Cleanup: 28495 ns, At safepoint: 11352 ns, Total: 127749 ns
[2025-06-19T11:26:34.851+0000][77][info ][safepoint   ] Safepoint "Cleanup", Time since last: 10004440082 ns, Reaching safepoint: 32253 ns, Cleanup: 31740 ns, At safepoint: 7035 ns, Total: 71028 ns
[2025-06-19T11:27:51.940+0000][77][info ][safepoint   ] Safepoint "Cleanup", Time since last: 77054943897 ns, Reaching safepoint: 123412 ns, Cleanup: 15436 ns, At safepoint: 10397 ns, Total: 149245 ns
[2025-06-19T11:28:08.794+0000][77][info ][safepoint   ] Safepoint "Cleanup", Time since last: 16842160643 ns, Reaching safepoint: 52638 ns, Cleanup: 18003 ns, At safepoint: 8934 ns, Total: 79575 ns
[2025-06-19T11:29:55.164+0000][77][info ][safepoint   ] Safepoint "Cleanup", Time since last: 106311423575 ns, Reaching safepoint: 75075 ns, Cleanup: 16201 ns, At safepoint: 7007 ns, Total: 98283 ns
[2025-06-19T11:30:24.865+0000][77][info ][safepoint   ] Safepoint "Cleanup", Time since last: 29689962676 ns, Reaching safepoint: 68586 ns, Cleanup: 15988 ns, At safepoint: 6582 ns, Total: 91156 ns
[2025-06-19T11:31:24.903+0000][77][info ][safepoint   ] Safepoint "Cleanup", Time since last: 60004959885 ns, Reaching safepoint: 10436 ns, Cleanup: 9445 ns, At safepoint: 5651 ns, Total: 25532 ns
[2025-06-19T11:32:06.329+0000][77][info ][safepoint   ] Safepoint "Cleanup", Time since last: 41403104010 ns, Reaching safepoint: 32513 ns, Cleanup: 18406 ns, At safepoint: 6872 ns, Total: 57791 ns
[2025-06-19T11:32:15.332+0000][77][info ][safepoint   ] Safepoint "Cleanup", Time since last: 9002201760 ns, Reaching safepoint: 90350 ns, Cleanup: 23979 ns, At safepoint: 12600 ns, Total: 126929 ns
[2025-06-19T11:32:25.344+0000][77][info ][safepoint   ] Safepoint "Cleanup", Time since last: 10003104243 ns, Reaching safepoint: 66628 ns, Cleanup: 14514 ns, At safepoint: 6755 ns, Total: 87897 ns
[2025-06-19T11:32:35.087+0000][77][info ][safepoint   ] Safepoint "Cleanup", Time since last: 9742988984 ns, Reaching safepoint: 12007 ns, Cleanup: 10043 ns, At safepoint: 5726 ns, Total: 27776 ns
[2025-06-19T11:33:24.918+0000][77][info ][gc,start    ] GC(38) Pause Young (Mixed) (G1 Evacuation Pause)
[2025-06-19T11:33:24.919+0000][77][info ][gc,task     ] GC(38) Using 23 workers of 23 for evacuation
[2025-06-19T11:33:24.919+0000][77][debug][gc,age      ] GC(38) Desired survivor size 81788928 bytes, new threshold 15 (max threshold 15)
[2025-06-19T11:33:24.960+0000][77][info ][gc,phases   ] GC(38)   Pre Evacuate Collection Set: 0.9ms
[2025-06-19T11:33:24.960+0000][77][info ][gc,phases   ] GC(38)   Merge Heap Roots: 0.4ms
[2025-06-19T11:33:24.961+0000][77][info ][gc,phases   ] GC(38)   Evacuate Collection Set: 36.1ms
[2025-06-19T11:33:24.962+0000][77][info ][gc,phases   ] GC(38)   Post Evacuate Collection Set: 2.4ms
[2025-06-19T11:33:24.962+0000][77][info ][gc,phases   ] GC(38)   Other: 1.1ms
[2025-06-19T11:33:24.963+0000][77][trace][gc,age      ] GC(38) Age table with threshold 15 (max threshold 15)
[2025-06-19T11:33:24.963+0000][77][trace][gc,age      ] GC(38) - age   1:    5822648 bytes,    5822648 total
[2025-06-19T11:33:24.964+0000][77][trace][gc,age      ] GC(38) - age   2:      27448 bytes,    5850096 total
[2025-06-19T11:33:24.964+0000][77][trace][gc,age      ] GC(38) - age   3:       2096 bytes,    5852192 total
[2025-06-19T11:33:24.965+0000][77][trace][gc,age      ] GC(38) - age   4:     314112 bytes,    6166304 total
[2025-06-19T11:33:24.965+0000][77][trace][gc,age      ] GC(38) - age   5:       2312 bytes,    6168616 total
[2025-06-19T11:33:24.966+0000][77][trace][gc,age      ] GC(38) - age   6:       2200 bytes,    6170816 total
[2025-06-19T11:33:24.966+0000][77][trace][gc,age      ] GC(38) - age   7:       2824 bytes,    6173640 total
[2025-06-19T11:33:24.967+0000][77][trace][gc,age      ] GC(38) - age   8:       5288 bytes,    6178928 total
[2025-06-19T11:33:24.967+0000][77][trace][gc,age      ] GC(38) - age   9:        880 bytes,    6179808 total
[2025-06-19T11:33:24.967+0000][77][trace][gc,age      ] GC(38) - age  10:       7048 bytes,    6186856 total
[2025-06-19T11:33:24.968+0000][77][trace][gc,age      ] GC(38) - age  11:       3400 bytes,    6190256 total
[2025-06-19T11:33:24.969+0000][77][trace][gc,age      ] GC(38) - age  12:    1059216 bytes,    7249472 total
[2025-06-19T11:33:24.969+0000][77][trace][gc,age      ] GC(38) - age  13:      35768 bytes,    7285240 total
[2025-06-19T11:33:24.969+0000][77][trace][gc,age      ] GC(38) - age  14:       7832 bytes,    7293072 total
[2025-06-19T11:33:24.970+0000][77][trace][gc,age      ] GC(38) - age  15:      13168 bytes,    7306240 total
[2025-06-19T11:33:24.970+0000][77][info ][gc,heap     ] GC(38) Eden regions: 305->0(305)
[2025-06-19T11:33:24.971+0000][77][info ][gc,heap     ] GC(38) Survivor regions: 2->2(39)
[2025-06-19T11:33:24.971+0000][77][info ][gc,heap     ] GC(38) Old regions: 38->37
[2025-06-19T11:33:24.972+0000][77][info ][gc,heap     ] GC(38) Humongous regions: 0->0
[2025-06-19T11:33:24.972+0000][77][info ][gc,metaspace] GC(38) Metaspace: 135723K(141120K)->135723K(141120K) NonClass: 118197K(121408K)->118197K(121408K) Class: 17526K(19712K)->17526K(19712K)
[2025-06-19T11:33:24.973+0000][77][info ][gc          ] GC(38) Pause Young (Mixed) (G1 Evacuation Pause) 1376M->153M(2048M) 54.807ms
[2025-06-19T11:33:24.973+0000][77][info ][gc,cpu      ] GC(38) User=0.27s Sys=0.00s Real=0.06s
[2025-06-19T11:33:24.974+0000][77][info ][safepoint   ] Safepoint "G1CollectForAllocation", Time since last: 49759480370 ns, Reaching safepoint: 92866 ns, Cleanup: 6982 ns, At safepoint: 56067619 ns, Total: 56167467 ns
[2025-06-19T11:35:35.010+0000][77][info ][safepoint   ] Safepoint "Cleanup", Time since last: 129971510323 ns, Reaching safepoint: 272327 ns, Cleanup: 44913 ns, At safepoint: 69594 ns, Total: 386834 ns
[2025-06-19T11:35:36.227+0000][77][info ][safepoint   ] Safepoint "Cleanup", Time since last: 1217386451 ns, Reaching safepoint: 5909 ns, Cleanup: 42065 ns, At safepoint: 2553 ns, Total: 50527 ns
[2025-06-19T11:35:36.986+0000][77][info ][gc,heap,exit] Heap
[2025-06-19T11:35:36.992+0000][77][info ][gc,heap,exit]  garbage-first heap   total 2097152K, used 345151K [0x0000000080000000, 0x0000000100000000)
[2025-06-19T11:35:36.993+0000][77][info ][gc,heap,exit]   region size 4096K, 48 young (196608K), 2 survivors (8192K)
[2025-06-19T11:35:36.993+0000][77][info ][gc,heap,exit]  Metaspace       used 136056K, committed 141120K, reserved 1179648K
[2025-06-19T11:35:36.993+0000][77][info ][gc,heap,exit]   class space    used 17597K, committed 19712K, reserved 1048576K
