[2025-06-18T19:28:23.733+0000][57][info][gc,init] CardTable entry size: 512
[2025-06-18T19:28:23.735+0000][57][info][gc     ] Using G1
[2025-06-18T19:28:23.748+0000][57][info][gc,init] Version: 21.0.1+12-29 (release)
[2025-06-18T19:28:23.748+0000][57][info][gc,init] CPUs: 32 total, 32 available
[2025-06-18T19:28:23.749+0000][57][info][gc,init] Memory: 3072M
[2025-06-18T19:28:23.750+0000][57][info][gc,init] Large Page Support: Disabled
[2025-06-18T19:28:23.750+0000][57][info][gc,init] NUMA Support: Disabled
[2025-06-18T19:28:23.751+0000][57][info][gc,init] Compressed Oops: Enabled (32-bit)
[2025-06-18T19:28:23.751+0000][57][info][gc,init] Heap Region Size: 1M
[2025-06-18T19:28:23.752+0000][57][info][gc,init] Heap Min Capacity: 2G
[2025-06-18T19:28:23.752+0000][57][info][gc,init] Heap Initial Capacity: 2G
[2025-06-18T19:28:23.753+0000][57][info][gc,init] Heap Max Capacity: 2G
[2025-06-18T19:28:23.753+0000][57][info][gc,init] Pre-touch: Disabled
[2025-06-18T19:28:23.754+0000][57][info][gc,init] Parallel Workers: 23
[2025-06-18T19:28:23.754+0000][57][info][gc,init] Concurrent Workers: 6
[2025-06-18T19:28:23.755+0000][57][info][gc,init] Concurrent Refinement Workers: 23
[2025-06-18T19:28:23.755+0000][57][info][gc,init] Periodic GC: Disabled
[2025-06-18T19:28:23.762+0000][57][info][gc,metaspace] CDS archive(s) mapped at: [0x00007f5607000000-0x00007f5607ca5000-0x00007f5607ca5000), size 13258752, SharedBaseAddress: 0x00007f5607000000, ArchiveRelocationMode: 1.
[2025-06-18T19:28:23.763+0000][57][info][gc,metaspace] Compressed class space mapped at: 0x00007f5608000000-0x00007f5648000000, reserved size: 1073741824
[2025-06-18T19:28:23.763+0000][57][info][gc,metaspace] Narrow klass base: 0x00007f5607000000, Narrow klass shift: 0, Narrow klass range: 0x100000000
[2025-06-18T19:28:23.824+0000][57][info][gc,heap,exit] Heap
[2025-06-18T19:28:23.827+0000][57][info][gc,heap,exit]  garbage-first heap   total 2097152K, used 3103K [0x0000000080000000, 0x0000000100000000)
[2025-06-18T19:28:23.828+0000][57][info][gc,heap,exit]   region size 1024K, 3 young (3072K), 0 survivors (0K)
[2025-06-18T19:28:23.830+0000][57][info][gc,heap,exit]  Metaspace       used 221K, committed 448K, reserved 1114112K
[2025-06-18T19:28:23.830+0000][57][info][gc,heap,exit]   class space    used 5K, committed 128K, reserved 1048576K
